Component: ARM Compiler 5.06 update 6 (build 750) Tool: armlink [4d35ed]

==============================================================================

Section Cross References

    startup_stm32f103xe.o(RESET) refers to startup_stm32f103xe.o(STACK) for __initial_sp
    startup_stm32f103xe.o(RESET) refers to startup_stm32f103xe.o(.text) for Reset_Handler
    startup_stm32f103xe.o(RESET) refers to stm32f1xx_it.o(i.NMI_Handler) for NMI_Handler
    startup_stm32f103xe.o(RESET) refers to stm32f1xx_it.o(i.HardFault_Handler) for HardFault_Handler
    startup_stm32f103xe.o(RESET) refers to stm32f1xx_it.o(i.MemManage_Handler) for MemManage_Handler
    startup_stm32f103xe.o(RESET) refers to stm32f1xx_it.o(i.BusFault_Handler) for BusFault_Handler
    startup_stm32f103xe.o(RESET) refers to stm32f1xx_it.o(i.UsageFault_Handler) for UsageFault_Handler
    startup_stm32f103xe.o(RESET) refers to port.o(.emb_text) for SVC_Handler
    startup_stm32f103xe.o(RESET) refers to stm32f1xx_it.o(i.DebugMon_Handler) for DebugMon_Handler
    startup_stm32f103xe.o(RESET) refers to stm32f1xx_it.o(i.SysTick_Handler) for SysTick_Handler
    startup_stm32f103xe.o(RESET) refers to stm32f1xx_it.o(i.RTC_IRQHandler) for RTC_IRQHandler
    startup_stm32f103xe.o(RESET) refers to stm32f1xx_it.o(i.DMA1_Channel1_IRQHandler) for DMA1_Channel1_IRQHandler
    startup_stm32f103xe.o(RESET) refers to stm32f1xx_it.o(i.DMA1_Channel2_IRQHandler) for DMA1_Channel2_IRQHandler
    startup_stm32f103xe.o(RESET) refers to stm32f1xx_it.o(i.DMA1_Channel3_IRQHandler) for DMA1_Channel3_IRQHandler
    startup_stm32f103xe.o(RESET) refers to stm32f1xx_it.o(i.DMA1_Channel4_IRQHandler) for DMA1_Channel4_IRQHandler
    startup_stm32f103xe.o(RESET) refers to stm32f1xx_it.o(i.DMA1_Channel5_IRQHandler) for DMA1_Channel5_IRQHandler
    startup_stm32f103xe.o(RESET) refers to stm32f1xx_it.o(i.DMA1_Channel6_IRQHandler) for DMA1_Channel6_IRQHandler
    startup_stm32f103xe.o(RESET) refers to stm32f1xx_it.o(i.DMA1_Channel7_IRQHandler) for DMA1_Channel7_IRQHandler
    startup_stm32f103xe.o(RESET) refers to stm32f1xx_it.o(i.ADC1_2_IRQHandler) for ADC1_2_IRQHandler
    startup_stm32f103xe.o(RESET) refers to main.o(i.TIM2_IRQHandler) for TIM2_IRQHandler
    startup_stm32f103xe.o(RESET) refers to main.o(i.TIM3_IRQHandler) for TIM3_IRQHandler
    startup_stm32f103xe.o(RESET) refers to stm32f1xx_it.o(i.USART1_IRQHandler) for USART1_IRQHandler
    startup_stm32f103xe.o(RESET) refers to stm32f1xx_it.o(i.USART2_IRQHandler) for USART2_IRQHandler
    startup_stm32f103xe.o(RESET) refers to stm32f1xx_it.o(i.USART3_IRQHandler) for USART3_IRQHandler
    startup_stm32f103xe.o(RESET) refers to main.o(i.TIM5_IRQHandler) for TIM5_IRQHandler
    startup_stm32f103xe.o(.text) refers to system_stm32f1xx.o(i.SystemInit) for SystemInit
    startup_stm32f103xe.o(.text) refers to entry.o(.ARM.Collect$$$$00000000) for __main
    stm_uart.o(i.ClearBufferUart) refers to stm_uart.o(.bss) for .bss
    stm_uart.o(i.HAL_UART_RxCpltCallback) refers to stm32f1xx_hal_uart.o(i.HAL_UART_Receive_DMA) for HAL_UART_Receive_DMA
    stm_uart.o(i.HAL_UART_RxCpltCallback) refers to stm_uart.o(.data) for .data
    stm_uart.o(i.HAL_UART_RxCpltCallback) refers to stm_uart.o(.bss) for .bss
    stm_uart.o(i.HAL_UART_RxCpltCallback) refers to main.o(.data) for rbr1
    stm_uart.o(i.HAL_UART_RxCpltCallback) refers to main.o(.bss) for huart1
    stm_uart.o(i.Serial1_Print) refers to strlen.o(.text) for strlen
    stm_uart.o(i.Serial1_Print) refers to stm32f1xx_hal_uart.o(i.HAL_UART_Transmit) for HAL_UART_Transmit
    stm_uart.o(i.Serial1_Print) refers to main.o(.bss) for huart1
    stm_uart.o(i.Serial1_Println) refers to strlen.o(.text) for strlen
    stm_uart.o(i.Serial1_Println) refers to stm32f1xx_hal_uart.o(i.HAL_UART_Transmit) for HAL_UART_Transmit
    stm_uart.o(i.Serial1_Println) refers to main.o(.bss) for huart1
    stm_uart.o(i.Serial1_Write) refers to stm32f1xx_hal_uart.o(i.HAL_UART_Transmit) for HAL_UART_Transmit
    stm_uart.o(i.Serial1_Write) refers to main.o(.bss) for huart1
    stm_uart.o(i.Serial1_WriteByte) refers to stm32f1xx_hal_uart.o(i.HAL_UART_Transmit) for HAL_UART_Transmit
    stm_uart.o(i.Serial1_WriteByte) refers to main.o(.bss) for huart1
    stm_uart.o(i.Serial2_Print) refers to strlen.o(.text) for strlen
    stm_uart.o(i.Serial2_Print) refers to stm32f1xx_hal_uart.o(i.HAL_UART_Transmit) for HAL_UART_Transmit
    stm_uart.o(i.Serial2_Print) refers to main.o(.bss) for huart2
    stm_uart.o(i.Serial2_Println) refers to strlen.o(.text) for strlen
    stm_uart.o(i.Serial2_Println) refers to stm32f1xx_hal_uart.o(i.HAL_UART_Transmit) for HAL_UART_Transmit
    stm_uart.o(i.Serial2_Println) refers to main.o(.bss) for huart2
    stm_uart.o(i.Serial2_Write) refers to stm32f1xx_hal_uart.o(i.HAL_UART_Transmit) for HAL_UART_Transmit
    stm_uart.o(i.Serial2_Write) refers to main.o(.bss) for huart2
    stm_uart.o(i.Serial2_WriteByte) refers to stm32f1xx_hal_uart.o(i.HAL_UART_Transmit) for HAL_UART_Transmit
[...]
    ..\Src\stm32f1xx_hal_msp.c               0x00000000   Number         0  stm32f1xx_hal_msp.o ABSOLUTE
    ..\Src\stm32f1xx_it.c                    0x00000000   Number         0  stm32f1xx_it.o ABSOLUTE
    ..\Src\system_stm32f1xx.c                0x00000000   Number         0  system_stm32f1xx.o ABSOLUTE
    ..\\Src\\STM_UART.c                      0x00000000   Number         0  stm_uart.o ABSOLUTE
    cdrcmple.s                               0x00000000   Number         0  cdrcmple.o ABSOLUTE
    dc.s                                     0x00000000   Number         0  dc.o ABSOLUTE
    handlers.s                               0x00000000   Number         0  handlers.o ABSOLUTE
    init.s                                   0x00000000   Number         0  init.o ABSOLUTE
    startup_stm32f103xe.s                    0x00000000   Number         0  startup_stm32f103xe.o ABSOLUTE
    RESET                                    0x08000000   Section      304  startup_stm32f103xe.o(RESET)
    .ARM.Collect$$$$00000000                 0x08000130   Section        0  entry.o(.ARM.Collect$$$$00000000)
    .ARM.Collect$$$$00000001                 0x08000130   Section        4  entry2.o(.ARM.Collect$$$$00000001)
    .ARM.Collect$$$$00000004                 0x08000134   Section        4  entry5.o(.ARM.Collect$$$$00000004)
    .ARM.Collect$$$$00000008                 0x08000138   Section        0  entry7b.o(.ARM.Collect$$$$00000008)
    .ARM.Collect$$$$0000000A                 0x08000138   Section        0  entry8b.o(.ARM.Collect$$$$0000000A)
    .ARM.Collect$$$$0000000B                 0x08000138   Section        8  entry9a.o(.ARM.Collect$$$$0000000B)
    .ARM.Collect$$$$0000000D                 0x08000140   Section        0  entry10a.o(.ARM.Collect$$$$0000000D)
    .ARM.Collect$$$$0000000F                 0x08000140   Section        0  entry11a.o(.ARM.Collect$$$$0000000F)
    .ARM.Collect$$$$00002712                 0x08000140   Section        4  entry2.o(.ARM.Collect$$$$00002712)
    __lit__00000000                          0x08000140   Data           4  entry2.o(.ARM.Collect$$$$00002712)
    .emb_text                                0x08000144   Section      150  port.o(.emb_text)
    .text                                    0x080001dc   Section       36  startup_stm32f103xe.o(.text)
    .text                                    0x08000200   Section        0  memcpya.o(.text)
    .text                                    0x08000224   Section        0  memseta.o(.text)
    .text                                    0x08000248   Section        0  strlen.o(.text)
    .text                                    0x08000258   Section       36  init.o(.text)
    i.ADC1_2_IRQHandler                      0x0800027c   Section        0  stm32f1xx_it.o(i.ADC1_2_IRQHandler)
    i.ADC_ConversionStop_Disable             0x08000288   Section        0  stm32f1xx_hal_adc.o(i.ADC_ConversionStop_Disable)
    i.ADC_DMAConvCplt                        0x080002d4   Section        0  stm32f1xx_hal_adc.o(i.ADC_DMAConvCplt)
    i.ADC_DMAError                           0x08000322   Section        0  stm32f1xx_hal_adc.o(i.ADC_DMAError)
    i.ADC_DMAHalfConvCplt                    0x0800033c   Section        0  stm32f1xx_hal_adc.o(i.ADC_DMAHalfConvCplt)
    i.ADC_Enable                             0x08000348   Section        0  stm32f1xx_hal_adc.o(i.ADC_Enable)
    i.ArmTask                                0x080003b8   Section        0  main.o(i.ArmTask)
    i.BusFault_Handler                       0x080003ba   Section        0  stm32f1xx_it.o(i.BusFault_Handler)
    i.DMA1_Channel1_IRQHandler               0x080003bc   Section        0  stm32f1xx_it.o(i.DMA1_Channel1_IRQHandler)
    i.DMA1_Channel2_IRQHandler               0x080003c8   Section        0  stm32f1xx_it.o(i.DMA1_Channel2_IRQHandler)
    i.DMA1_Channel3_IRQHandler               0x080003d4   Section        0  stm32f1xx_it.o(i.DMA1_Channel3_IRQHandler)
    i.DMA1_Channel4_IRQHandler               0x080003e0   Section        0  stm32f1xx_it.o(i.DMA1_Channel4_IRQHandler)
    i.DMA1_Channel5_IRQHandler               0x080003ec   Section        0  stm32f1xx_it.o(i.DMA1_Channel5_IRQHandler)
    i.DMA1_Channel6_IRQHandler               0x080003f8   Section        0  stm32f1xx_it.o(i.DMA1_Channel6_IRQHandler)
    i.DMA1_Channel7_IRQHandler               0x08000404   Section        0  stm32f1xx_it.o(i.DMA1_Channel7_IRQHandler)
    i.DMA_SetConfig                          0x08000410   Section        0  stm32f1xx_hal_dma.o(i.DMA_SetConfig)
    DMA_SetConfig                            0x08000411   Thumb Code    42  stm32f1xx_hal_dma.o(i.DMA_SetConfig)
    i.DebugMon_Handler                       0x0800043a   Section        0  stm32f1xx_it.o(i.DebugMon_Handler)
    i.Error_Handler                          0x0800043c   Section        0  main.o(i.Error_Handler)
    i.HAL_ADCEx_InjectedConvCpltCallback     0x0800043e   Section        0  stm32f1xx_hal_adc_ex.o(i.HAL_ADCEx_InjectedConvCpltCallback)
    i.HAL_ADC_ConfigChannel                  0x08000440   Section        0  stm32f1xx_hal_adc.o(i.HAL_ADC_ConfigChannel)
    i.HAL_ADC_ConvCpltCallback               0x0800053c   Section        0  main.o(i.HAL_ADC_ConvCpltCallback)
    i.HAL_ADC_ConvHalfCpltCallback           0x08000564   Section        0  stm32f1xx_hal_adc.o(i.HAL_ADC_ConvHalfCpltCallback)
    i.HAL_ADC_ErrorCallback                  0x08000566   Section        0  stm32f1xx_hal_adc.o(i.HAL_ADC_ErrorCallback)
    i.HAL_ADC_IRQHandler                     0x08000568   Section        0  stm32f1xx_hal_adc.o(i.HAL_ADC_IRQHandler)
    i.HAL_ADC_Init                           0x08000650   Section        0  stm32f1xx_hal_adc.o(i.HAL_ADC_Init)
    i.HAL_ADC_LevelOutOfWindowCallback       0x08000770   Section        0  stm32f1xx_hal_adc.o(i.HAL_ADC_LevelOutOfWindowCallback)
    i.HAL_ADC_MspInit                        0x08000774   Section        0  stm32f1xx_hal_msp.o(i.HAL_ADC_MspInit)
    i.HAL_ADC_Start_DMA                      0x08000834   Section        0  stm32f1xx_hal_adc.o(i.HAL_ADC_Start_DMA)
    i.HAL_ADC_Start_IT                       0x08000940   Section        0  stm32f1xx_hal_adc.o(i.HAL_ADC_Start_IT)
    i.HAL_DMA_Abort_IT                       0x08000a0c   Section        0  stm32f1xx_hal_dma.o(i.HAL_DMA_Abort_IT)
    i.HAL_DMA_IRQHandler                     0x08000b3c   Section        0  stm32f1xx_hal_dma.o(i.HAL_DMA_IRQHandler)
    i.HAL_DMA_Init                           0x08000d84   Section        0  stm32f1xx_hal_dma.o(i.HAL_DMA_Init)
    i.HAL_DMA_Start_IT                       0x08000e00   Section        0  stm32f1xx_hal_dma.o(i.HAL_DMA_Start_IT)
    i.HAL_GPIO_Init                          0x08000e70   Section        0  stm32f1xx_hal_gpio.o(i.HAL_GPIO_Init)
    i.HAL_GPIO_WritePin                      0x08001068   Section        0  stm32f1xx_hal_gpio.o(i.HAL_GPIO_WritePin)
    i.HAL_GetTick                            0x08001074   Section        0  stm32f1xx_hal.o(i.HAL_GetTick)
    i.HAL_IncTick                            0x08001080   Section        0  stm32f1xx_hal.o(i.HAL_IncTick)
    i.HAL_Init                               0x08001090   Section        0  stm32f1xx_hal.o(i.HAL_Init)
    i.HAL_InitTick                           0x080010b4   Section        0  stm32f1xx_hal.o(i.HAL_InitTick)
    i.HAL_MspInit                            0x080010f4   Section        0  stm32f1xx_hal_msp.o(i.HAL_MspInit)
    i.HAL_NVIC_EnableIRQ                     0x0800113c   Section        0  stm32f1xx_hal_cortex.o(i.HAL_NVIC_EnableIRQ)
    i.HAL_NVIC_SetPriority                   0x08001158   Section        0  stm32f1xx_hal_cortex.o(i.HAL_NVIC_SetPriority)
    i.HAL_NVIC_SetPriorityGrouping           0x08001198   Section        0  stm32f1xx_hal_cortex.o(i.HAL_NVIC_SetPriorityGrouping)
    i.HAL_PWR_EnableBkUpAccess               0x080011bc   Section        0  stm32f1xx_hal_pwr.o(i.HAL_PWR_EnableBkUpAccess)
    i.HAL_RCCEx_GetPeriphCLKFreq             0x080011c8   Section        0  stm32f1xx_hal_rcc_ex.o(i.HAL_RCCEx_GetPeriphCLKFreq)
    i.HAL_RCCEx_PeriphCLKConfig              0x0800129c   Section        0  stm32f1xx_hal_rcc_ex.o(i.HAL_RCCEx_PeriphCLKConfig)
    i.HAL_RCC_ClockConfig                    0x08001388   Section        0  stm32f1xx_hal_rcc.o(i.HAL_RCC_ClockConfig)
    i.HAL_RCC_GetPCLK1Freq                   0x080014b4   Section        0  stm32f1xx_hal_rcc.o(i.HAL_RCC_GetPCLK1Freq)
    i.HAL_RCC_GetPCLK2Freq                   0x080014d4   Section        0  stm32f1xx_hal_rcc.o(i.HAL_RCC_GetPCLK2Freq)
    i.HAL_RCC_GetSysClockFreq                0x080014f4   Section        0  stm32f1xx_hal_rcc.o(i.HAL_RCC_GetSysClockFreq)
    i.HAL_RCC_OscConfig                      0x08001560   Section        0  stm32f1xx_hal_rcc.o(i.HAL_RCC_OscConfig)
    i.HAL_RTCEx_RTCEventCallback             0x08001880   Section        0  stm32f1xx_hal_rtc_ex.o(i.HAL_RTCEx_RTCEventCallback)
    i.HAL_RTCEx_RTCEventErrorCallback        0x08001882   Section        0  stm32f1xx_hal_rtc_ex.o(i.HAL_RTCEx_RTCEventErrorCallback)
    i.HAL_RTCEx_RTCIRQHandler                0x08001884   Section        0  stm32f1xx_hal_rtc_ex.o(i.HAL_RTCEx_RTCIRQHandler)
    i.HAL_RTC_Init                           0x080018c0   Section        0  stm32f1xx_hal_rtc.o(i.HAL_RTC_Init)
    i.HAL_RTC_MspInit                        0x08001960   Section        0  stm32f1xx_hal_msp.o(i.HAL_RTC_MspInit)
    i.HAL_RTC_WaitForSynchro                 0x080019a8   Section        0  stm32f1xx_hal_rtc.o(i.HAL_RTC_WaitForSynchro)
    i.HAL_SYSTICK_Config                     0x080019e2   Section        0  stm32f1xx_hal_cortex.o(i.HAL_SYSTICK_Config)
    i.HAL_TIMEx_ConfigBreakDeadTime          0x08001a0a   Section        0  stm32f1xx_hal_tim_ex.o(i.HAL_TIMEx_ConfigBreakDeadTime)
    i.HAL_TIMEx_MasterConfigSynchronization  0x08001a5e   Section        0  stm32f1xx_hal_tim_ex.o(i.HAL_TIMEx_MasterConfigSynchronization)
    i.HAL_TIM_Encoder_Init                   0x08001aa0   Section        0  stm32f1xx_hal_tim.o(i.HAL_TIM_Encoder_Init)
    i.HAL_TIM_Encoder_MspInit                0x08001b38   Section        0  stm32f1xx_hal_msp.o(i.HAL_TIM_Encoder_MspInit)
    i.HAL_TIM_Encoder_Start                  0x08001c78   Section        0  stm32f1xx_hal_tim.o(i.HAL_TIM_Encoder_Start)
    i.HAL_TIM_MspPostInit                    0x08001cac   Section        0  stm32f1xx_hal_msp.o(i.HAL_TIM_MspPostInit)
    i.HAL_TIM_PWM_ConfigChannel              0x08001d24   Section        0  stm32f1xx_hal_tim.o(i.HAL_TIM_PWM_ConfigChannel)
    i.HAL_TIM_PWM_Init                       0x08001df4   Section        0  stm32f1xx_hal_tim.o(i.HAL_TIM_PWM_Init)
    i.HAL_TIM_PWM_MspInit                    0x08001e2c   Section        0  stm32f1xx_hal_msp.o(i.HAL_TIM_PWM_MspInit)
    i.HAL_TIM_PWM_Start                      0x08001e6c   Section        0  stm32f1xx_hal_tim.o(i.HAL_TIM_PWM_Start)
    i.HAL_UART_ErrorCallback                 0x08001eb0   Section        0  stm32f1xx_hal_uart.o(i.HAL_UART_ErrorCallback)
    i.HAL_UART_IRQHandler                    0x08001eb4   Section        0  stm32f1xx_hal_uart.o(i.HAL_UART_IRQHandler)
    i.HAL_UART_Init                          0x08001fc4   Section        0  stm32f1xx_hal_uart.o(i.HAL_UART_Init)
    i.HAL_UART_MspInit                       0x08002028   Section        0  stm32f1xx_hal_msp.o(i.HAL_UART_MspInit)
    i.HAL_UART_Receive_DMA                   0x080022c4   Section        0  stm32f1xx_hal_uart.o(i.HAL_UART_Receive_DMA)
    i.HAL_UART_RxCpltCallback                0x0800235c   Section        0  stm_uart.o(i.HAL_UART_RxCpltCallback)
    i.HAL_UART_RxHalfCpltCallback            0x08002458   Section        0  stm_uart.o(i.HAL_UART_RxHalfCpltCallback)
    i.HAL_UART_Transmit                      0x0800245a   Section        0  stm32f1xx_hal_uart.o(i.HAL_UART_Transmit)
    i.HAL_UART_TxCpltCallback                0x08002514   Section        0  stm32f1xx_hal_uart.o(i.HAL_UART_TxCpltCallback)
    i.HardFault_Handler                      0x08002516   Section        0  stm32f1xx_it.o(i.HardFault_Handler)
    i.MX_ADC1_Init                           0x08002518   Section        0  main.o(i.MX_ADC1_Init)
    MX_ADC1_Init                             0x08002519   Thumb Code   166  main.o(i.MX_ADC1_Init)
    i.MX_DMA_Init                            0x080025c8   Section        0  main.o(i.MX_DMA_Init)
    MX_DMA_Init                              0x080025c9   Thumb Code   136  main.o(i.MX_DMA_Init)
    i.MX_GPIO_Init                           0x08002654   Section        0  main.o(i.MX_GPIO_Init)
    MX_GPIO_Init                             0x08002655   Thumb Code   136  main.o(i.MX_GPIO_Init)
    i.MX_TIM1_Init                           0x080026e4   Section        0  main.o(i.MX_TIM1_Init)
    MX_TIM1_Init                             0x080026e5   Thumb Code    86  main.o(i.MX_TIM1_Init)
    i.MX_TIM2_Init                           0x08002744   Section        0  main.o(i.MX_TIM2_Init)
    MX_TIM2_Init                             0x08002745   Thumb Code    86  main.o(i.MX_TIM2_Init)
    i.MX_TIM3_Init                           0x080027a0   Section        0  main.o(i.MX_TIM3_Init)
    MX_TIM3_Init                             0x080027a1   Thumb Code    84  main.o(i.MX_TIM3_Init)
    i.MX_TIM4_Init                           0x080027fc   Section        0  main.o(i.MX_TIM4_Init)
    MX_TIM4_Init                             0x080027fd   Thumb Code   114  main.o(i.MX_TIM4_Init)
    i.MX_TIM5_Init                           0x08002878   Section        0  main.o(i.MX_TIM5_Init)
    MX_TIM5_Init                             0x08002879   Thumb Code    84  main.o(i.MX_TIM5_Init)
    i.MX_TIM8_Init                           0x080028d4   Section        0  main.o(i.MX_TIM8_Init)
    MX_TIM8_Init                             0x080028d5   Thumb Code   156  main.o(i.MX_TIM8_Init)
    i.MainTask                               0x08002978   Section        0  main.o(i.MainTask)
    i.MemManage_Handler                      0x080029cc   Section        0  stm32f1xx_it.o(i.MemManage_Handler)
    i.NMI_Handler                            0x080029ce   Section        0  stm32f1xx_it.o(i.NMI_Handler)
    i.RTC_EnterInitMode                      0x080029d0   Section        0  stm32f1xx_hal_rtc.o(i.RTC_EnterInitMode)
    RTC_EnterInitMode                        0x080029d1   Thumb Code    52  stm32f1xx_hal_rtc.o(i.RTC_EnterInitMode)
    i.RTC_ExitInitMode                       0x08002a04   Section        0  stm32f1xx_hal_rtc.o(i.RTC_ExitInitMode)
    RTC_ExitInitMode                         0x08002a05   Thumb Code    54  stm32f1xx_hal_rtc.o(i.RTC_ExitInitMode)
    i.RTC_IRQHandler                         0x08002a3c   Section        0  stm32f1xx_it.o(i.RTC_IRQHandler)
    i.Serial1_Println                        0x08002a48   Section        0  stm_uart.o(i.Serial1_Println)
    i.Serial_available                       0x08002a7c   Section        0  stm_uart.o(i.Serial_available)
    i.Serial_read                            0x08002a9c   Section        0  stm_uart.o(i.Serial_read)
    i.SysTick_Handler                        0x08002aa6   Section        0  stm32f1xx_it.o(i.SysTick_Handler)
    i.SystemClock_Config                     0x08002abe   Section        0  main.o(i.SystemClock_Config)
    i.SystemInit                             0x08002b2c   Section        0  system_stm32f1xx.o(i.SystemInit)
    i.TIM2_IRQHandler                        0x08002b74   Section        0  main.o(i.TIM2_IRQHandler)
    i.TIM3_IRQHandler                        0x08002b76   Section        0  main.o(i.TIM3_IRQHandler)
    i.TIM5_IRQHandler                        0x08002b78   Section        0  main.o(i.TIM5_IRQHandler)
    i.TIM_Base_SetConfig                     0x08002b7c   Section        0  stm32f1xx_hal_tim.o(i.TIM_Base_SetConfig)
    i.TIM_CCxChannelCmd                      0x08002c08   Section        0  stm32f1xx_hal_tim.o(i.TIM_CCxChannelCmd)
    i.TIM_OC1_SetConfig                      0x08002c24   Section        0  stm32f1xx_hal_tim.o(i.TIM_OC1_SetConfig)
    TIM_OC1_SetConfig                        0x08002c25   Thumb Code    88  stm32f1xx_hal_tim.o(i.TIM_OC1_SetConfig)
    i.TIM_OC2_SetConfig                      0x08002c84   Section        0  stm32f1xx_hal_tim.o(i.TIM_OC2_SetConfig)
    i.TIM_OC3_SetConfig                      0x08002cf0   Section        0  stm32f1xx_hal_tim.o(i.TIM_OC3_SetConfig)
    TIM_OC3_SetConfig                        0x08002cf1   Thumb Code    96  stm32f1xx_hal_tim.o(i.TIM_OC3_SetConfig)
    i.TIM_OC4_SetConfig                      0x08002d58   Section        0  stm32f1xx_hal_tim.o(i.TIM_OC4_SetConfig)
    TIM_OC4_SetConfig                        0x08002d59   Thumb Code    70  stm32f1xx_hal_tim.o(i.TIM_OC4_SetConfig)
    i.UART_DMAAbortOnError                   0x08002da8   Section        0  stm32f1xx_hal_uart.o(i.UART_DMAAbortOnError)
    UART_DMAAbortOnError                     0x08002da9   Thumb Code    16  stm32f1xx_hal_uart.o(i.UART_DMAAbortOnError)
    i.UART_DMAError                          0x08002db8   Section        0  stm32f1xx_hal_uart.o(i.UART_DMAError)
    UART_DMAError                            0x08002db9   Thumb Code    74  stm32f1xx_hal_uart.o(i.UART_DMAError)
    i.UART_DMAReceiveCplt                    0x08002e02   Section        0  stm32f1xx_hal_uart.o(i.UART_DMAReceiveCplt)
    UART_DMAReceiveCplt                      0x08002e03   Thumb Code    60  stm32f1xx_hal_uart.o(i.UART_DMAReceiveCplt)
    i.UART_DMARxHalfCplt                     0x08002e3e   Section        0  stm32f1xx_hal_uart.o(i.UART_DMARxHalfCplt)
    UART_DMARxHalfCplt                       0x08002e3f   Thumb Code    10  stm32f1xx_hal_uart.o(i.UART_DMARxHalfCplt)
    i.UART_EndRxTransfer                     0x08002e48   Section        0  stm32f1xx_hal_uart.o(i.UART_EndRxTransfer)
    UART_EndRxTransfer                       0x08002e49   Thumb Code    28  stm32f1xx_hal_uart.o(i.UART_EndRxTransfer)
    i.UART_EndTxTransfer                     0x08002e64   Section        0  stm32f1xx_hal_uart.o(i.UART_EndTxTransfer)
    UART_EndTxTransfer                       0x08002e65   Thumb Code    18  stm32f1xx_hal_uart.o(i.UART_EndTxTransfer)
    i.UART_Receive_IT                        0x08002e76   Section        0  stm32f1xx_hal_uart.o(i.UART_Receive_IT)
    UART_Receive_IT                          0x08002e77   Thumb Code   150  stm32f1xx_hal_uart.o(i.UART_Receive_IT)
    i.UART_SetConfig                         0x08002f0c   Section        0  stm32f1xx_hal_uart.o(i.UART_SetConfig)
    UART_SetConfig                           0x08002f0d   Thumb Code   178  stm32f1xx_hal_uart.o(i.UART_SetConfig)
    i.UART_Transmit_IT                       0x08002fc4   Section        0  stm32f1xx_hal_uart.o(i.UART_Transmit_IT)
    UART_Transmit_IT                         0x08002fc5   Thumb Code    98  stm32f1xx_hal_uart.o(i.UART_Transmit_IT)
    i.UART_WaitOnFlagUntilTimeout            0x08003026   Section        0  stm32f1xx_hal_uart.o(i.UART_WaitOnFlagUntilTimeout)
    UART_WaitOnFlagUntilTimeout              0x08003027   Thumb Code   100  stm32f1xx_hal_uart.o(i.UART_WaitOnFlagUntilTimeout)
    i.USART1_IRQHandler                      0x0800308c   Section        0  stm32f1xx_it.o(i.USART1_IRQHandler)
    i.USART2_IRQHandler                      0x08003098   Section        0  stm32f1xx_it.o(i.USART2_IRQHandler)
    i.USART3_IRQHandler                      0x080030a4   Section        0  stm32f1xx_it.o(i.USART3_IRQHandler)
    i.UsageFault_Handler                     0x080030b0   Section        0  stm32f1xx_it.o(i.UsageFault_Handler)
    i.WheelTask                              0x080030b4   Section        0  main.o(i.WheelTask)
    i.__0sprintf$2                           0x080030d8   Section        0  printf2.o(i.__0sprintf$2)
    i.__NVIC_SetPriority                     0x08003100   Section        0  stm32f1xx_hal_cortex.o(i.__NVIC_SetPriority)
    __NVIC_SetPriority                       0x08003101   Thumb Code    32  stm32f1xx_hal_cortex.o(i.__NVIC_SetPriority)
    i.__scatterload_copy                     0x08003120   Section       14  handlers.o(i.__scatterload_copy)
    i.__scatterload_null                     0x0800312e   Section        2  handlers.o(i.__scatterload_null)
    i.__scatterload_zeroinit                 0x08003130   Section       14  handlers.o(i.__scatterload_zeroinit)
    i._printf_core                           0x0800313e   Section        0  printf2.o(i._printf_core)
    _printf_core                             0x0800313f   Thumb Code   214  printf2.o(i._printf_core)
    i._sputc                                 0x08003214   Section        0  printf2.o(i._sputc)
    _sputc                                   0x08003215   Thumb Code    10  printf2.o(i._sputc)
    i.getbyteUart                            0x08003220   Section        0  stm_uart.o(i.getbyteUart)
    i.main                                   0x08003250   Section        0  main.o(i.main)
    i.makeFreeRtosPriority                   0x0800344c   Section        0  cmsis_os.o(i.makeFreeRtosPriority)
    makeFreeRtosPriority                     0x0800344d   Thumb Code    12  cmsis_os.o(i.makeFreeRtosPriority)
    i.osDelay                                0x08003458   Section        0  cmsis_os.o(i.osDelay)
    i.osKernelStart                          0x08003466   Section        0  cmsis_os.o(i.osKernelStart)
    i.osMutexCreate                          0x08003470   Section        0  cmsis_os.o(i.osMutexCreate)
    i.osThreadCreate                         0x08003476   Section        0  cmsis_os.o(i.osThreadCreate)
    i.prvAddCurrentTaskToDelayedList         0x080034a4   Section        0  tasks.o(i.prvAddCurrentTaskToDelayedList)
    prvAddCurrentTaskToDelayedList           0x080034a5   Thumb Code   102  tasks.o(i.prvAddCurrentTaskToDelayedList)
    i.prvAddNewTaskToReadyList               0x08003514   Section        0  tasks.o(i.prvAddNewTaskToReadyList)
    prvAddNewTaskToReadyList                 0x08003515   Thumb Code   194  tasks.o(i.prvAddNewTaskToReadyList)
    i.prvCopyDataToQueue                     0x080035e4   Section        0  queue.o(i.prvCopyDataToQueue)
    prvCopyDataToQueue                       0x080035e5   Thumb Code   108  queue.o(i.prvCopyDataToQueue)
    i.prvDeleteTCB                           0x08003650   Section        0  tasks.o(i.prvDeleteTCB)
    prvDeleteTCB                             0x08003651   Thumb Code    20  tasks.o(i.prvDeleteTCB)
    i.prvHeapInit                            0x08003664   Section        0  heap_4.o(i.prvHeapInit)
    prvHeapInit                              0x08003665   Thumb Code    66  heap_4.o(i.prvHeapInit)
    i.prvIdleTask                            0x080036b0   Section        0  tasks.o(i.prvIdleTask)
    prvIdleTask                              0x080036b1   Thumb Code    82  tasks.o(i.prvIdleTask)
    i.prvInitialiseNewTask                   0x08003710   Section        0  tasks.o(i.prvInitialiseNewTask)
    prvInitialiseNewTask                     0x08003711   Thumb Code   142  tasks.o(i.prvInitialiseNewTask)
    i.prvInsertBlockIntoFreeList             0x080037a0   Section        0  heap_4.o(i.prvInsertBlockIntoFreeList)
    prvInsertBlockIntoFreeList               0x080037a1   Thumb Code    72  heap_4.o(i.prvInsertBlockIntoFreeList)
    i.prvResetNextTaskUnblockTime            0x080037ec   Section        0  tasks.o(i.prvResetNextTaskUnblockTime)
    prvResetNextTaskUnblockTime              0x080037ed   Thumb Code    26  tasks.o(i.prvResetNextTaskUnblockTime)
    i.prvTaskExitError                       0x0800380c   Section        0  port.o(i.prvTaskExitError)
    prvTaskExitError                         0x0800380d   Thumb Code    36  port.o(i.prvTaskExitError)
    i.prvUnlockQueue                         0x08003834   Section        0  queue.o(i.prvUnlockQueue)
    prvUnlockQueue                           0x08003835   Thumb Code   106  queue.o(i.prvUnlockQueue)
    i.pvPortMalloc                           0x080038a0   Section        0  heap_4.o(i.pvPortMalloc)
    i.pxPortInitialiseStack                  0x08003978   Section        0  port.o(i.pxPortInitialiseStack)
    i.uxListRemove                           0x0800399c   Section        0  list.o(i.uxListRemove)
    i.vListInitialise                        0x080039c2   Section        0  list.o(i.vListInitialise)
    i.vListInitialiseItem                    0x080039d8   Section        0  list.o(i.vListInitialiseItem)
    i.vListInsert                            0x080039de   Section        0  list.o(i.vListInsert)
    i.vListInsertEnd                         0x08003a0e   Section        0  list.o(i.vListInsertEnd)
    i.vPortEnterCritical                     0x08003a28   Section        0  port.o(i.vPortEnterCritical)
    i.vPortExitCritical                      0x08003a68   Section        0  port.o(i.vPortExitCritical)
    i.vPortFree                              0x08003a90   Section        0  heap_4.o(i.vPortFree)
    i.vPortSetupTimerInterrupt               0x08003aec   Section        0  port.o(i.vPortSetupTimerInterrupt)
    i.vTaskDelay                             0x08003b10   Section        0  tasks.o(i.vTaskDelay)
    i.vTaskInternalSetTimeOutState           0x08003b5c   Section        0  tasks.o(i.vTaskInternalSetTimeOutState)
    i.vTaskMissedYield                       0x08003b6c   Section        0  tasks.o(i.vTaskMissedYield)
    i.vTaskPlaceOnEventList                  0x08003b78   Section        0  tasks.o(i.vTaskPlaceOnEventList)
    i.vTaskStartScheduler                    0x08003ba8   Section        0  tasks.o(i.vTaskStartScheduler)
    i.vTaskSuspendAll                        0x08003c10   Section        0  tasks.o(i.vTaskSuspendAll)
    i.vTaskSwitchContext                     0x08003c20   Section        0  tasks.o(i.vTaskSwitchContext)
    i.xPortStartScheduler                    0x08003c7c   Section        0  port.o(i.xPortStartScheduler)
    i.xPortSysTickHandler                    0x08003d24   Section        0  port.o(i.xPortSysTickHandler)
    i.xQueueCreateMutex                      0x08003d50   Section        0  queue.o(i.xQueueCreateMutex)
    i.xQueueGenericCreate                    0x08003d74   Section        0  queue.o(i.xQueueGenericCreate)
    i.xQueueGenericReset                     0x08003dbc   Section        0  queue.o(i.xQueueGenericReset)
    i.xQueueGenericSend                      0x08003e44   Section        0  queue.o(i.xQueueGenericSend)
    i.xTaskCheckForTimeOut                   0x08003fa4   Section        0  tasks.o(i.xTaskCheckForTimeOut)
    i.xTaskCreate                            0x08004018   Section        0  tasks.o(i.xTaskCreate)
    i.xTaskGetSchedulerState                 0x08004070   Section        0  tasks.o(i.xTaskGetSchedulerState)
    i.xTaskIncrementTick                     0x0800408c   Section        0  tasks.o(i.xTaskIncrementTick)
    i.xTaskPriorityDisinherit                0x08004154   Section        0  tasks.o(i.xTaskPriorityDisinherit)
    i.xTaskRemoveFromEventList               0x080041ec   Section        0  tasks.o(i.xTaskRemoveFromEventList)
    i.xTaskResumeAll                         0x08004260   Section        0  tasks.o(i.xTaskResumeAll)
    .constdata                               0x08004324   Section       60  main.o(.constdata)
    .constdata                               0x08004360   Section       16  system_stm32f1xx.o(.constdata)
    .constdata                               0x08004370   Section        8  system_stm32f1xx.o(.constdata)
    .conststring                             0x08004378   Section       35  main.o(.conststring)
    .data                                    0x20000000   Section        3  stm_uart.o(.data)
    .data                                    0x20000004   Section       24  main.o(.data)
    .data                                    0x2000001c   Section       12  stm32f1xx_hal.o(.data)
    .data                                    0x20000028   Section        4  system_stm32f1xx.o(.data)
    .data                                    0x2000002c   Section       60  tasks.o(.data)
    pxDelayedTaskList                        0x20000030   Data           4  tasks.o(.data)
    pxOverflowDelayedTaskList                0x20000034   Data           4  tasks.o(.data)
    uxDeletedTasksWaitingCleanUp             0x20000038   Data           4  tasks.o(.data)
    uxCurrentNumberOfTasks                   0x2000003c   Data           4  tasks.o(.data)
    xTickCount                               0x20000040   Data           4  tasks.o(.data)
    uxTopReadyPriority                       0x20000044   Data           4  tasks.o(.data)
    xSchedulerRunning                        0x20000048   Data           4  tasks.o(.data)
    uxPendedTicks                            0x2000004c   Data           4  tasks.o(.data)
    xYieldPending                            0x20000050   Data           4  tasks.o(.data)
    xNumOfOverflows                          0x20000054   Data           4  tasks.o(.data)
    uxTaskNumber                             0x20000058   Data           4  tasks.o(.data)
    xNextTaskUnblockTime                     0x2000005c   Data           4  tasks.o(.data)
    xIdleTaskHandle                          0x20000060   Data           4  tasks.o(.data)
    uxSchedulerSuspended                     0x20000064   Data           4  tasks.o(.data)
    .data                                    0x20000068   Section       24  heap_4.o(.data)
    pxEnd                                    0x20000068   Data           4  heap_4.o(.data)
    xFreeBytesRemaining                      0x2000006c   Data           4  heap_4.o(.data)
    xMinimumEverFreeBytesRemaining           0x20000070   Data           4  heap_4.o(.data)
    xBlockAllocatedBit                       0x20000074   Data           4  heap_4.o(.data)
    xStart                                   0x20000078   Data           8  heap_4.o(.data)
    .data                                    0x20000080   Section       12  port.o(.data)
    ucMaxSysCallPriority                     0x20000080   Data           1  port.o(.data)
    uxCriticalNesting                        0x20000084   Data           4  port.o(.data)
    ulMaxPRIGROUPValue                       0x20000088   Data           4  port.o(.data)
    .bss                                     0x2000008c   Section     1032  stm_uart.o(.bss)
    .bss                                     0x20000494   Section      996  main.o(.bss)
    .bss                                     0x20000878   Section       68  main.o(.bss)
    .bss                                     0x200008bc   Section       68  main.o(.bss)
    .bss                                     0x20000900   Section       68  main.o(.bss)
    .bss                                     0x20000944   Section       68  main.o(.bss)
    .bss                                     0x20000988   Section       68  main.o(.bss)
    .bss                                     0x200009cc   Section       68  main.o(.bss)
    .bss                                     0x20000a10   Section       68  main.o(.bss)
    .bss                                     0x20000a54   Section      240  tasks.o(.bss)
    pxReadyTasksLists                        0x20000a54   Data         140  tasks.o(.bss)
    xDelayedTaskList1                        0x20000ae0   Data          20  tasks.o(.bss)
    xDelayedTaskList2                        0x20000af4   Data          20  tasks.o(.bss)
    xPendingReadyList                        0x20000b08   Data          20  tasks.o(.bss)
    xTasksWaitingTermination                 0x20000b1c   Data          20  tasks.o(.bss)
    xSuspendedTaskList                       0x20000b30   Data          20  tasks.o(.bss)
    .bss                                     0x20000b44   Section     3072  heap_4.o(.bss)
    ucHeap                                   0x20000b44   Data        3072  heap_4.o(.bss)
    STACK                                    0x20001748   Section     1024  startup_stm32f103xe.o(STACK)

    Global Symbols

    Symbol Name                              Value     Ov Type        Size  Object(Section)

    BuildAttributes$$THM_ISAv4$P$D$K$B$S$PE$A:L22UL41UL21$X:L11$S22US41US21$IEEE1$IW$USESV6$~STKCKD$USESV7$~SHL$OSPACE$ROPI$EBA8$MICROLIB$REQ8$PRES8$EABIv2 0x00000000   Number         0  anon$$obj.o ABSOLUTE
    __ARM_use_no_argv                        0x00000000   Number         0  main.o ABSOLUTE
    _printf_a                                0x00000000   Number         0  stubs.o ABSOLUTE
    _printf_c                                0x00000000   Number         0  stubs.o ABSOLUTE
    _printf_charcount                        0x00000000   Number         0  stubs.o ABSOLUTE
    _printf_d                                0x00000000   Number         0  stubs.o ABSOLUTE
    _printf_e                                0x00000000   Number         0  stubs.o ABSOLUTE
    _printf_f                                0x00000000   Number         0  stubs.o ABSOLUTE
    _printf_flags                            0x00000000   Number         0  stubs.o ABSOLUTE
    _printf_fp_dec                           0x00000000   Number         0  stubs.o ABSOLUTE
    _printf_fp_hex                           0x00000000   Number         0  stubs.o ABSOLUTE
    _printf_g                                0x00000000   Number         0  stubs.o ABSOLUTE
    _printf_i                                0x00000000   Number         0  stubs.o ABSOLUTE
    _printf_int_dec                          0x00000000   Number         0  stubs.o ABSOLUTE
    _printf_l                                0x00000000   Number         0  stubs.o ABSOLUTE
    _printf_lc                               0x00000000   Number         0  stubs.o ABSOLUTE
    _printf_ll                               0x00000000   Number         0  stubs.o ABSOLUTE
    _printf_lld                              0x00000000   Number         0  stubs.o ABSOLUTE
    _printf_lli                              0x00000000   Number         0  stubs.o ABSOLUTE
    _printf_llo                              0x00000000   Number         0  stubs.o ABSOLUTE
    _printf_llu                              0x00000000   Number         0  stubs.o ABSOLUTE
    _printf_llx                              0x00000000   Number         0  stubs.o ABSOLUTE
    _printf_longlong_dec                     0x00000000   Number         0  stubs.o ABSOLUTE
    _printf_longlong_hex                     0x00000000   Number         0  stubs.o ABSOLUTE
    _printf_longlong_oct                     0x00000000   Number         0  stubs.o ABSOLUTE
    _printf_ls                               0x00000000   Number         0  stubs.o ABSOLUTE
    _printf_mbtowc                           0x00000000   Number         0  stubs.o ABSOLUTE
    _printf_n                                0x00000000   Number         0  stubs.o ABSOLUTE
    _printf_o                                0x00000000   Number         0  stubs.o ABSOLUTE
    _printf_p                                0x00000000   Number         0  stubs.o ABSOLUTE
    _printf_percent                          0x00000000   Number         0  stubs.o ABSOLUTE
    _printf_pre_padding                      0x00000000   Number         0  stubs.o ABSOLUTE
    _printf_return_value                     0x00000000   Number         0  stubs.o ABSOLUTE
    _printf_s                                0x00000000   Number         0  stubs.o ABSOLUTE
    _printf_sizespec                         0x00000000   Number         0  stubs.o ABSOLUTE
    _printf_str                              0x00000000   Number         0  stubs.o ABSOLUTE
    _printf_truncate_signed                  0x00000000   Number         0  stubs.o ABSOLUTE
    _printf_truncate_unsigned                0x00000000   Number         0  stubs.o ABSOLUTE
    _printf_u                                0x00000000   Number         0  stubs.o ABSOLUTE
    _printf_wc                               0x00000000   Number         0  stubs.o ABSOLUTE
    _printf_wctomb                           0x00000000   Number         0  stubs.o ABSOLUTE
    _printf_widthprec                        0x00000000   Number         0  stubs.o ABSOLUTE
    _printf_x                                0x00000000   Number         0  stubs.o ABSOLUTE
    __cpp_initialize__aeabi_                  - Undefined Weak Reference
    __cxa_finalize                            - Undefined Weak Reference
    __decompress                              - Undefined Weak Reference
    _clock_init                               - Undefined Weak Reference
    _microlib_exit                            - Undefined Weak Reference
    __Vectors_Size                           0x00000130   Number         0  startup_stm32f103xe.o ABSOLUTE
    __Vectors                                0x08000000   Data           4  startup_stm32f103xe.o(RESET)
    __Vectors_End                            0x08000130   Data           0  startup_stm32f103xe.o(RESET)
    __main                                   0x08000131   Thumb Code     0  entry.o(.ARM.Collect$$$$00000000)
    _main_stk                                0x08000131   Thumb Code     0  entry2.o(.ARM.Collect$$$$00000001)
    _main_scatterload                        0x08000135   Thumb Code     0  entry5.o(.ARM.Collect$$$$00000004)
    __main_after_scatterload                 0x08000139   Thumb Code     0  entry5.o(.ARM.Collect$$$$00000004)
    _main_clock                              0x08000139   Thumb Code     0  entry7b.o(.ARM.Collect$$$$00000008)
    _main_cpp_init                           0x08000139   Thumb Code     0  entry8b.o(.ARM.Collect$$$$0000000A)
    _main_init                               0x08000139   Thumb Code     0  entry9a.o(.ARM.Collect$$$$0000000B)
    __rt_final_cpp                           0x08000141   Thumb Code     0  entry10a.o(.ARM.Collect$$$$0000000D)
    __rt_final_exit                          0x08000141   Thumb Code     0  entry11a.o(.ARM.Collect$$$$0000000F)
    SVC_Handler                              0x08000145   Thumb Code    32  port.o(.emb_text)
    __asm___6_port_c_39a90d8d__prvStartFirstTask 0x08000169   Thumb Code    28  port.o(.emb_text)
    PendSV_Handler                           0x08000189   Thumb Code    72  port.o(.emb_text)
    vPortGetIPSR                             0x080001d5   Thumb Code     6  port.o(.emb_text)
    Reset_Handler                            0x080001dd   Thumb Code     8  startup_stm32f103xe.o(.text)
    ADC3_IRQHandler                          0x080001f7   Thumb Code     0  startup_stm32f103xe.o(.text)
    CAN1_RX1_IRQHandler                      0x080001f7   Thumb Code     0  startup_stm32f103xe.o(.text)
    CAN1_SCE_IRQHandler                      0x080001f7   Thumb Code     0  startup_stm32f103xe.o(.text)
    DMA2_Channel1_IRQHandler                 0x080001f7   Thumb Code     0  startup_stm32f103xe.o(.text)
    DMA2_Channel2_IRQHandler                 0x080001f7   Thumb Code     0  startup_stm32f103xe.o(.text)
    DMA2_Channel3_IRQHandler                 0x080001f7   Thumb Code     0  startup_stm32f103xe.o(.text)
    DMA2_Channel4_5_IRQHandler               0x080001f7   Thumb Code     0  startup_stm32f103xe.o(.text)
    EXTI0_IRQHandler                         0x080001f7   Thumb Code     0  startup_stm32f103xe.o(.text)
    EXTI15_10_IRQHandler                     0x080001f7   Thumb Code     0  startup_stm32f103xe.o(.text)
    EXTI1_IRQHandler                         0x080001f7   Thumb Code     0  startup_stm32f103xe.o(.text)
    EXTI2_IRQHandler                         0x080001f7   Thumb Code     0  startup_stm32f103xe.o(.text)
    EXTI3_IRQHandler                         0x080001f7   Thumb Code     0  startup_stm32f103xe.o(.text)
    EXTI4_IRQHandler                         0x080001f7   Thumb Code     0  startup_stm32f103xe.o(.text)
    EXTI9_5_IRQHandler                       0x080001f7   Thumb Code     0  startup_stm32f103xe.o(.text)
    FLASH_IRQHandler                         0x080001f7   Thumb Code     0  startup_stm32f103xe.o(.text)
    FSMC_IRQHandler                          0x080001f7   Thumb Code     0  startup_stm32f103xe.o(.text)
    I2C1_ER_IRQHandler                       0x080001f7   Thumb Code     0  startup_stm32f103xe.o(.text)
    I2C1_EV_IRQHandler                       0x080001f7   Thumb Code     0  startup_stm32f103xe.o(.text)
    I2C2_ER_IRQHandler                       0x080001f7   Thumb Code     0  startup_stm32f103xe.o(.text)
    I2C2_EV_IRQHandler                       0x080001f7   Thumb Code     0  startup_stm32f103xe.o(.text)
    PVD_IRQHandler                           0x080001f7   Thumb Code     0  startup_stm32f103xe.o(.text)
    RCC_IRQHandler                           0x080001f7   Thumb Code     0  startup_stm32f103xe.o(.text)
    RTC_Alarm_IRQHandler                     0x080001f7   Thumb Code     0  startup_stm32f103xe.o(.text)
    SDIO_IRQHandler                          0x080001f7   Thumb Code     0  startup_stm32f103xe.o(.text)
    SPI1_IRQHandler                          0x080001f7   Thumb Code     0  startup_stm32f103xe.o(.text)
    SPI2_IRQHandler                          0x080001f7   Thumb Code     0  startup_stm32f103xe.o(.text)
    SPI3_IRQHandler                          0x080001f7   Thumb Code     0  startup_stm32f103xe.o(.text)
    TAMPER_IRQHandler                        0x080001f7   Thumb Code     0  startup_stm32f103xe.o(.text)
    TIM1_BRK_IRQHandler                      0x080001f7   Thumb Code     0  startup_stm32f103xe.o(.text)
    TIM1_CC_IRQHandler                       0x080001f7   Thumb Code     0  startup_stm32f103xe.o(.text)
    TIM1_TRG_COM_IRQHandler                  0x080001f7   Thumb Code     0  startup_stm32f103xe.o(.text)
    TIM1_UP_IRQHandler                       0x080001f7   Thumb Code     0  startup_stm32f103xe.o(.text)
    TIM4_IRQHandler                          0x080001f7   Thumb Code     0  startup_stm32f103xe.o(.text)
    TIM6_IRQHandler                          0x080001f7   Thumb Code     0  startup_stm32f103xe.o(.text)
    TIM7_IRQHandler                          0x080001f7   Thumb Code     0  startup_stm32f103xe.o(.text)
    TIM8_BRK_IRQHandler                      0x080001f7   Thumb Code     0  startup_stm32f103xe.o(.text)
    TIM8_CC_IRQHandler                       0x080001f7   Thumb Code     0  startup_stm32f103xe.o(.text)
    TIM8_TRG_COM_IRQHandler                  0x080001f7   Thumb Code     0  startup_stm32f103xe.o(.text)
    TIM8_UP_IRQHandler                       0x080001f7   Thumb Code     0  startup_stm32f103xe.o(.text)
    UART4_IRQHandler                         0x080001f7   Thumb Code     0  startup_stm32f103xe.o(.text)
    UART5_IRQHandler                         0x080001f7   Thumb Code     0  startup_stm32f103xe.o(.text)
    USBWakeUp_IRQHandler                     0x080001f7   Thumb Code     0  startup_stm32f103xe.o(.text)
    USB_HP_CAN1_TX_IRQHandler                0x080001f7   Thumb Code     0  startup_stm32f103xe.o(.text)
    USB_LP_CAN1_RX0_IRQHandler               0x080001f7   Thumb Code     0  startup_stm32f103xe.o(.text)
    WWDG_IRQHandler                          0x080001f7   Thumb Code     0  startup_stm32f103xe.o(.text)
    __aeabi_memcpy                           0x08000201   Thumb Code    36  memcpya.o(.text)
    __aeabi_memcpy4                          0x08000201   Thumb Code     0  memcpya.o(.text)
    __aeabi_memcpy8                          0x08000201   Thumb Code     0  memcpya.o(.text)
    __aeabi_memset                           0x08000225   Thumb Code    14  memseta.o(.text)
    __aeabi_memset4                          0x08000225   Thumb Code     0  memseta.o(.text)
    __aeabi_memset8                          0x08000225   Thumb Code     0  memseta.o(.text)
    __aeabi_memclr                           0x08000233   Thumb Code     4  memseta.o(.text)
    __aeabi_memclr4                          0x08000233   Thumb Code     0  memseta.o(.text)
    __aeabi_memclr8                          0x08000233   Thumb Code     0  memseta.o(.text)
    memset                                   0x08000237   Thumb Code    18  memseta.o(.text)
    strlen                                   0x08000249   Thumb Code    14  strlen.o(.text)
    __scatterload                            0x08000259   Thumb Code    28  init.o(.text)
    __scatterload_rt2                        0x08000259   Thumb Code     0  init.o(.text)
    ADC1_2_IRQHandler                        0x0800027d   Thumb Code     6  stm32f1xx_it.o(i.ADC1_2_IRQHandler)
    ADC_ConversionStop_Disable               0x08000289   Thumb Code    76  stm32f1xx_hal_adc.o(i.ADC_ConversionStop_Disable)
    ADC_DMAConvCplt                          0x080002d5   Thumb Code    78  stm32f1xx_hal_adc.o(i.ADC_DMAConvCplt)
    ADC_DMAError                             0x08000323   Thumb Code    26  stm32f1xx_hal_adc.o(i.ADC_DMAError)
    ADC_DMAHalfConvCplt                      0x0800033d   Thumb Code    10  stm32f1xx_hal_adc.o(i.ADC_DMAHalfConvCplt)
    ADC_Enable                               0x08000349   Thumb Code   104  stm32f1xx_hal_adc.o(i.ADC_Enable)
    ArmTask                                  0x080003b9   Thumb Code     2  main.o(i.ArmTask)
    BusFault_Handler                         0x080003bb   Thumb Code     2  stm32f1xx_it.o(i.BusFault_Handler)
    DMA1_Channel1_IRQHandler                 0x080003bd   Thumb Code     6  stm32f1xx_it.o(i.DMA1_Channel1_IRQHandler)
    DMA1_Channel2_IRQHandler                 0x080003c9   Thumb Code     6  stm32f1xx_it.o(i.DMA1_Channel2_IRQHandler)
    DMA1_Channel3_IRQHandler                 0x080003d5   Thumb Code     6  stm32f1xx_it.o(i.DMA1_Channel3_IRQHandler)
    DMA1_Channel4_IRQHandler                 0x080003e1   Thumb Code     6  stm32f1xx_it.o(i.DMA1_Channel4_IRQHandler)
    DMA1_Channel5_IRQHandler                 0x080003ed   Thumb Code     6  stm32f1xx_it.o(i.DMA1_Channel5_IRQHandler)
    DMA1_Channel6_IRQHandler                 0x080003f9   Thumb Code     6  stm32f1xx_it.o(i.DMA1_Channel6_IRQHandler)
    DMA1_Channel7_IRQHandler                 0x08000405   Thumb Code     6  stm32f1xx_it.o(i.DMA1_Channel7_IRQHandler)
    DebugMon_Handler                         0x0800043b   Thumb Code     2  stm32f1xx_it.o(i.DebugMon_Handler)
    Error_Handler                            0x0800043d   Thumb Code     2  main.o(i.Error_Handler)
    HAL_ADCEx_InjectedConvCpltCallback       0x0800043f   Thumb Code     2  stm32f1xx_hal_adc_ex.o(i.HAL_ADCEx_InjectedConvCpltCallback)
    HAL_ADC_ConfigChannel                    0x08000441   Thumb Code   240  stm32f1xx_hal_adc.o(i.HAL_ADC_ConfigChannel)
    HAL_ADC_ConvCpltCallback                 0x0800053d   Thumb Code    32  main.o(i.HAL_ADC_ConvCpltCallback)
    HAL_ADC_ConvHalfCpltCallback             0x08000565   Thumb Code     2  stm32f1xx_hal_adc.o(i.HAL_ADC_ConvHalfCpltCallback)
    HAL_ADC_ErrorCallback                    0x08000567   Thumb Code     2  stm32f1xx_hal_adc.o(i.HAL_ADC_ErrorCallback)
    HAL_ADC_IRQHandler                       0x08000569   Thumb Code   230  stm32f1xx_hal_adc.o(i.HAL_ADC_IRQHandler)
    HAL_ADC_Init                             0x08000651   Thumb Code   272  stm32f1xx_hal_adc.o(i.HAL_ADC_Init)
    HAL_ADC_LevelOutOfWindowCallback         0x08000771   Thumb Code     2  stm32f1xx_hal_adc.o(i.HAL_ADC_LevelOutOfWindowCallback)
    HAL_ADC_MspInit                          0x08000775   Thumb Code   168  stm32f1xx_hal_msp.o(i.HAL_ADC_MspInit)
    HAL_ADC_Start_DMA                        0x08000835   Thumb Code   246  stm32f1xx_hal_adc.o(i.HAL_ADC_Start_DMA)
    HAL_ADC_Start_IT                         0x08000941   Thumb Code   194  stm32f1xx_hal_adc.o(i.HAL_ADC_Start_IT)
    HAL_DMA_Abort_IT                         0x08000a0d   Thumb Code   296  stm32f1xx_hal_dma.o(i.HAL_DMA_Abort_IT)
    HAL_DMA_IRQHandler                       0x08000b3d   Thumb Code   552  stm32f1xx_hal_dma.o(i.HAL_DMA_IRQHandler)
    HAL_DMA_Init                             0x08000d85   Thumb Code   112  stm32f1xx_hal_dma.o(i.HAL_DMA_Init)
    HAL_DMA_Start_IT                         0x08000e01   Thumb Code   112  stm32f1xx_hal_dma.o(i.HAL_DMA_Start_IT)
    HAL_GPIO_Init                            0x08000e71   Thumb Code   462  stm32f1xx_hal_gpio.o(i.HAL_GPIO_Init)
    HAL_GPIO_WritePin                        0x08001069   Thumb Code    10  stm32f1xx_hal_gpio.o(i.HAL_GPIO_WritePin)
    HAL_GetTick                              0x08001075   Thumb Code     6  stm32f1xx_hal.o(i.HAL_GetTick)
    HAL_IncTick                              0x08001081   Thumb Code    12  stm32f1xx_hal.o(i.HAL_IncTick)
    HAL_Init                                 0x08001091   Thumb Code    32  stm32f1xx_hal.o(i.HAL_Init)
    HAL_InitTick                             0x080010b5   Thumb Code    54  stm32f1xx_hal.o(i.HAL_InitTick)
    HAL_MspInit                              0x080010f5   Thumb Code    62  stm32f1xx_hal_msp.o(i.HAL_MspInit)
    HAL_NVIC_EnableIRQ                       0x0800113d   Thumb Code    26  stm32f1xx_hal_cortex.o(i.HAL_NVIC_EnableIRQ)
    HAL_NVIC_SetPriority                     0x08001159   Thumb Code    60  stm32f1xx_hal_cortex.o(i.HAL_NVIC_SetPriority)
    HAL_NVIC_SetPriorityGrouping             0x08001199   Thumb Code    26  stm32f1xx_hal_cortex.o(i.HAL_NVIC_SetPriorityGrouping)
    HAL_PWR_EnableBkUpAccess                 0x080011bd   Thumb Code     8  stm32f1xx_hal_pwr.o(i.HAL_PWR_EnableBkUpAccess)
    HAL_RCCEx_GetPeriphCLKFreq               0x080011c9   Thumb Code   180  stm32f1xx_hal_rcc_ex.o(i.HAL_RCCEx_GetPeriphCLKFreq)
    HAL_RCCEx_PeriphCLKConfig                0x0800129d   Thumb Code   224  stm32f1xx_hal_rcc_ex.o(i.HAL_RCCEx_PeriphCLKConfig)
    HAL_RCC_ClockConfig                      0x08001389   Thumb Code   280  stm32f1xx_hal_rcc.o(i.HAL_RCC_ClockConfig)
    HAL_RCC_GetPCLK1Freq                     0x080014b5   Thumb Code    20  stm32f1xx_hal_rcc.o(i.HAL_RCC_GetPCLK1Freq)
    HAL_RCC_GetPCLK2Freq                     0x080014d5   Thumb Code    20  stm32f1xx_hal_rcc.o(i.HAL_RCC_GetPCLK2Freq)
    HAL_RCC_GetSysClockFreq                  0x080014f5   Thumb Code    74  stm32f1xx_hal_rcc.o(i.HAL_RCC_GetSysClockFreq)
    HAL_RCC_OscConfig                        0x08001561   Thumb Code   778  stm32f1xx_hal_rcc.o(i.HAL_RCC_OscConfig)
    HAL_RTCEx_RTCEventCallback               0x08001881   Thumb Code     2  stm32f1xx_hal_rtc_ex.o(i.HAL_RTCEx_RTCEventCallback)
    HAL_RTCEx_RTCEventErrorCallback          0x08001883   Thumb Code     2  stm32f1xx_hal_rtc_ex.o(i.HAL_RTCEx_RTCEventErrorCallback)
    HAL_RTCEx_RTCIRQHandler                  0x08001885   Thumb Code    60  stm32f1xx_hal_rtc_ex.o(i.HAL_RTCEx_RTCIRQHandler)
    HAL_RTC_Init                             0x080018c1   Thumb Code   154  stm32f1xx_hal_rtc.o(i.HAL_RTC_Init)
    HAL_RTC_MspInit                          0x08001961   Thumb Code    60  stm32f1xx_hal_msp.o(i.HAL_RTC_MspInit)
    HAL_RTC_WaitForSynchro                   0x080019a9   Thumb Code    58  stm32f1xx_hal_rtc.o(i.HAL_RTC_WaitForSynchro)
    HAL_SYSTICK_Config                       0x080019e3   Thumb Code    40  stm32f1xx_hal_cortex.o(i.HAL_SYSTICK_Config)
    HAL_TIMEx_ConfigBreakDeadTime            0x08001a0b   Thumb Code    84  stm32f1xx_hal_tim_ex.o(i.HAL_TIMEx_ConfigBreakDeadTime)
    HAL_TIMEx_MasterConfigSynchronization    0x08001a5f   Thumb Code    66  stm32f1xx_hal_tim_ex.o(i.HAL_TIMEx_MasterConfigSynchronization)
    HAL_TIM_Encoder_Init                     0x08001aa1   Thumb Code   152  stm32f1xx_hal_tim.o(i.HAL_TIM_Encoder_Init)
    HAL_TIM_Encoder_MspInit                  0x08001b39   Thumb Code   288  stm32f1xx_hal_msp.o(i.HAL_TIM_Encoder_MspInit)
    HAL_TIM_Encoder_Start                    0x08001c79   Thumb Code    52  stm32f1xx_hal_tim.o(i.HAL_TIM_Encoder_Start)
    HAL_TIM_MspPostInit                      0x08001cad   Thumb Code    98  stm32f1xx_hal_msp.o(i.HAL_TIM_MspPostInit)
    HAL_TIM_PWM_ConfigChannel                0x08001d25   Thumb Code   208  stm32f1xx_hal_tim.o(i.HAL_TIM_PWM_ConfigChannel)
    HAL_TIM_PWM_Init                         0x08001df5   Thumb Code    54  stm32f1xx_hal_tim.o(i.HAL_TIM_PWM_Init)
    HAL_TIM_PWM_MspInit                      0x08001e2d   Thumb Code    52  stm32f1xx_hal_msp.o(i.HAL_TIM_PWM_MspInit)
    HAL_TIM_PWM_Start                        0x08001e6d   Thumb Code    58  stm32f1xx_hal_tim.o(i.HAL_TIM_PWM_Start)
    HAL_UART_ErrorCallback                   0x08001eb1   Thumb Code     2  stm32f1xx_hal_uart.o(i.HAL_UART_ErrorCallback)
    HAL_UART_IRQHandler                      0x08001eb5   Thumb Code   266  stm32f1xx_hal_uart.o(i.HAL_UART_IRQHandler)
    HAL_UART_Init                            0x08001fc5   Thumb Code    98  stm32f1xx_hal_uart.o(i.HAL_UART_Init)
    HAL_UART_MspInit                         0x08002029   Thumb Code   614  stm32f1xx_hal_msp.o(i.HAL_UART_MspInit)
    HAL_UART_Receive_DMA                     0x080022c5   Thumb Code   138  stm32f1xx_hal_uart.o(i.HAL_UART_Receive_DMA)
    HAL_UART_RxCpltCallback                  0x0800235d   Thumb Code   208  stm_uart.o(i.HAL_UART_RxCpltCallback)
    HAL_UART_RxHalfCpltCallback              0x08002459   Thumb Code     2  stm_uart.o(i.HAL_UART_RxHalfCpltCallback)
    HAL_UART_Transmit                        0x0800245b   Thumb Code   186  stm32f1xx_hal_uart.o(i.HAL_UART_Transmit)
    HAL_UART_TxCpltCallback                  0x08002515   Thumb Code     2  stm32f1xx_hal_uart.o(i.HAL_UART_TxCpltCallback)
    HardFault_Handler                        0x08002517   Thumb Code     2  stm32f1xx_it.o(i.HardFault_Handler)
    MainTask                                 0x08002979   Thumb Code    60  main.o(i.MainTask)
    MemManage_Handler                        0x080029cd   Thumb Code     2  stm32f1xx_it.o(i.MemManage_Handler)
    NMI_Handler                              0x080029cf   Thumb Code     2  stm32f1xx_it.o(i.NMI_Handler)
    RTC_IRQHandler                           0x08002a3d   Thumb Code     6  stm32f1xx_it.o(i.RTC_IRQHandler)
    Serial1_Println                          0x08002a49   Thumb Code    42  stm_uart.o(i.Serial1_Println)
    Serial_available                         0x08002a7d   Thumb Code    28  stm_uart.o(i.Serial_available)
    Serial_read                              0x08002a9d   Thumb Code    10  stm_uart.o(i.Serial_read)
    SysTick_Handler                          0x08002aa7   Thumb Code    24  stm32f1xx_it.o(i.SysTick_Handler)
    SystemClock_Config                       0x08002abf   Thumb Code   110  main.o(i.SystemClock_Config)
    SystemInit                               0x08002b2d   Thumb Code    56  system_stm32f1xx.o(i.SystemInit)
    TIM2_IRQHandler                          0x08002b75   Thumb Code     2  main.o(i.TIM2_IRQHandler)
    TIM3_IRQHandler                          0x08002b77   Thumb Code     2  main.o(i.TIM3_IRQHandler)
    TIM5_IRQHandler                          0x08002b79   Thumb Code     2  main.o(i.TIM5_IRQHandler)
    TIM_Base_SetConfig                       0x08002b7d   Thumb Code   120  stm32f1xx_hal_tim.o(i.TIM_Base_SetConfig)
    TIM_CCxChannelCmd                        0x08002c09   Thumb Code    26  stm32f1xx_hal_tim.o(i.TIM_CCxChannelCmd)
    TIM_OC2_SetConfig                        0x08002c85   Thumb Code    98  stm32f1xx_hal_tim.o(i.TIM_OC2_SetConfig)
    USART1_IRQHandler                        0x0800308d   Thumb Code     6  stm32f1xx_it.o(i.USART1_IRQHandler)
    USART2_IRQHandler                        0x08003099   Thumb Code     6  stm32f1xx_it.o(i.USART2_IRQHandler)
    USART3_IRQHandler                        0x080030a5   Thumb Code     6  stm32f1xx_it.o(i.USART3_IRQHandler)
    UsageFault_Handler                       0x080030b1   Thumb Code     2  stm32f1xx_it.o(i.UsageFault_Handler)
    WheelTask                                0x080030b5   Thumb Code    28  main.o(i.WheelTask)
    __0sprintf$2                             0x080030d9   Thumb Code    34  printf2.o(i.__0sprintf$2)
    __1sprintf$2                             0x080030d9   Thumb Code     0  printf2.o(i.__0sprintf$2)
    __2sprintf                               0x080030d9   Thumb Code     0  printf2.o(i.__0sprintf$2)
    __scatterload_copy                       0x08003121   Thumb Code    14  handlers.o(i.__scatterload_copy)
    __scatterload_null                       0x0800312f   Thumb Code     2  handlers.o(i.__scatterload_null)
    __scatterload_zeroinit                   0x08003131   Thumb Code    14  handlers.o(i.__scatterload_zeroinit)
    getbyteUart                              0x08003221   Thumb Code    44  stm_uart.o(i.getbyteUart)
    main                                     0x08003251   Thumb Code   434  main.o(i.main)
    osDelay                                  0x08003459   Thumb Code    14  cmsis_os.o(i.osDelay)
    osKernelStart                            0x08003467   Thumb Code    10  cmsis_os.o(i.osKernelStart)
    osMutexCreate                            0x08003471   Thumb Code     6  cmsis_os.o(i.osMutexCreate)
    osThreadCreate                           0x08003477   Thumb Code    46  cmsis_os.o(i.osThreadCreate)
    pvPortMalloc                             0x080038a1   Thumb Code   210  heap_4.o(i.pvPortMalloc)
    pxPortInitialiseStack                    0x08003979   Thumb Code    32  port.o(i.pxPortInitialiseStack)
    uxListRemove                             0x0800399d   Thumb Code    38  list.o(i.uxListRemove)
    vListInitialise                          0x080039c3   Thumb Code    22  list.o(i.vListInitialise)
    vListInitialiseItem                      0x080039d9   Thumb Code     6  list.o(i.vListInitialiseItem)
    vListInsert                              0x080039df   Thumb Code    48  list.o(i.vListInsert)
    vListInsertEnd                           0x08003a0f   Thumb Code    24  list.o(i.vListInsertEnd)
    vPortEnterCritical                       0x08003a29   Thumb Code    54  port.o(i.vPortEnterCritical)
    vPortExitCritical                        0x08003a69   Thumb Code    34  port.o(i.vPortExitCritical)
    vPortFree                                0x08003a91   Thumb Code    88  heap_4.o(i.vPortFree)
    vPortSetupTimerInterrupt                 0x08003aed   Thumb Code    32  port.o(i.vPortSetupTimerInterrupt)
    vTaskDelay                               0x08003b11   Thumb Code    66  tasks.o(i.vTaskDelay)
    vTaskInternalSetTimeOutState             0x08003b5d   Thumb Code    12  tasks.o(i.vTaskInternalSetTimeOutState)
    vTaskMissedYield                         0x08003b6d   Thumb Code     8  tasks.o(i.vTaskMissedYield)
    vTaskPlaceOnEventList                    0x08003b79   Thumb Code    44  tasks.o(i.vTaskPlaceOnEventList)
    vTaskStartScheduler                      0x08003ba9   Thumb Code    86  tasks.o(i.vTaskStartScheduler)
    vTaskSuspendAll                          0x08003c11   Thumb Code    10  tasks.o(i.vTaskSuspendAll)
    vTaskSwitchContext                       0x08003c21   Thumb Code    82  tasks.o(i.vTaskSwitchContext)
    xPortStartScheduler                      0x08003c7d   Thumb Code   154  port.o(i.xPortStartScheduler)
    xPortSysTickHandler                      0x08003d25   Thumb Code    38  port.o(i.xPortSysTickHandler)
    xQueueCreateMutex                        0x08003d51   Thumb Code    36  queue.o(i.xQueueCreateMutex)
    xQueueGenericCreate                      0x08003d75   Thumb Code    72  queue.o(i.xQueueGenericCreate)
    xQueueGenericReset                       0x08003dbd   Thumb Code   132  queue.o(i.xQueueGenericReset)
    xQueueGenericSend                        0x08003e45   Thumb Code   346  queue.o(i.xQueueGenericSend)
    xTaskCheckForTimeOut                     0x08003fa5   Thumb Code   112  tasks.o(i.xTaskCheckForTimeOut)
    xTaskCreate                              0x08004019   Thumb Code    86  tasks.o(i.xTaskCreate)
    xTaskGetSchedulerState                   0x08004071   Thumb Code    22  tasks.o(i.xTaskGetSchedulerState)
    xTaskIncrementTick                       0x0800408d   Thumb Code   192  tasks.o(i.xTaskIncrementTick)
    xTaskPriorityDisinherit                  0x08004155   Thumb Code   144  tasks.o(i.xTaskPriorityDisinherit)
    xTaskRemoveFromEventList                 0x080041ed   Thumb Code   108  tasks.o(i.xTaskRemoveFromEventList)
    xTaskResumeAll                           0x08004261   Thumb Code   182  tasks.o(i.xTaskResumeAll)
    AHBPrescTable                            0x08004360   Data          16  system_stm32f1xx.o(.constdata)
    APBPrescTable                            0x08004370   Data           8  system_stm32f1xx.o(.constdata)
    Region$$Table$$Base                      0x0800439c   Number         0  anon$$obj.o(Region$$Table)
    Region$$Table$$Limit                     0x080043bc   Number         0  anon$$obj.o(Region$$Table)
    stat1                                    0x20000000   Data           1  stm_uart.o(.data)
    stat2                                    0x20000001   Data           1  stm_uart.o(.data)
    stat3                                    0x20000002   Data           1  stm_uart.o(.data)
    LEDflage                                 0x20000004   Data           1  main.o(.data)
    rbr1                                     0x20000005   Data           1  main.o(.data)
    rbr2                                     0x20000006   Data           1  main.o(.data)
    rbr3                                     0x20000007   Data           1  main.o(.data)
    EncVal                                   0x20000008   Data           4  main.o(.data)
    myMainTaskHandle                         0x2000000c   Data           4  main.o(.data)
    myWheelTaskHandle                        0x20000010   Data           4  main.o(.data)
    myArmTaskHandle                          0x20000014   Data           4  main.o(.data)
    myUART_MutexHandle                       0x20000018   Data           4  main.o(.data)
    uwTickFreq                               0x2000001c   Data           1  stm32f1xx_hal.o(.data)
    uwTickPrio                               0x20000020   Data           4  stm32f1xx_hal.o(.data)
    uwTick                                   0x20000024   Data           4  stm32f1xx_hal.o(.data)
    SystemCoreClock                          0x20000028   Data           4  system_stm32f1xx.o(.data)
    pxCurrentTCB                             0x2000002c   Data           4  tasks.o(.data)
    rbuf_uart                                0x2000008c   Data        1032  stm_uart.o(.bss)
    sbuf                                     0x20000494   Data         256  main.o(.bss)
    ADCvalue                                 0x20000594   Data          32  main.o(.bss)
    ADCbuffer                                0x200005b4   Data          32  main.o(.bss)
    wheel                                    0x200005d4   Data          32  main.o(.bss)
    hadc1                                    0x200005f4   Data          48  main.o(.bss)
    hrtc                                     0x20000624   Data          20  main.o(.bss)
    htim1                                    0x20000638   Data          64  main.o(.bss)
    htim2                                    0x20000678   Data          64  main.o(.bss)
    htim3                                    0x200006b8   Data          64  main.o(.bss)
    htim4                                    0x200006f8   Data          64  main.o(.bss)
    htim5                                    0x20000738   Data          64  main.o(.bss)
    htim8                                    0x20000778   Data          64  main.o(.bss)
    huart1                                   0x200007b8   Data          64  main.o(.bss)
    huart2                                   0x200007f8   Data          64  main.o(.bss)
    huart3                                   0x20000838   Data          64  main.o(.bss)
    hdma_adc1                                0x20000878   Data          68  main.o(.bss)
    hdma_usart1_rx                           0x200008bc   Data          68  main.o(.bss)
    hdma_usart1_tx                           0x20000900   Data          68  main.o(.bss)
    hdma_usart2_rx                           0x20000944   Data          68  main.o(.bss)
    hdma_usart2_tx                           0x20000988   Data          68  main.o(.bss)
    hdma_usart3_rx                           0x200009cc   Data          68  main.o(.bss)
    hdma_usart3_tx                           0x20000a10   Data          68  main.o(.bss)
    __initial_sp                             0x20001b48   Data           0  startup_stm32f103xe.o(STACK)



==============================================================================

Memory Map of the image

  Image Entry point : 0x08000131

  Load Region LR_IROM1 (Base: 0x08000000, Size: 0x00004448, Max: 0x00040000, ABSOLUTE)

    Execution Region ER_IROM1 (Exec base: 0x08000000, Load base: 0x08000000, Size: 0x000043bc, Max: 0x00040000, ABSOLUTE)

    Exec Addr    Load Addr    Size         Type   Attr      Idx    E Section Name        Object

    0x08000000   0x08000000   0x00000130   Data   RO            3    RESET               startup_stm32f103xe.o
    0x08000130   0x08000130   0x00000000   Code   RO         4937  * .ARM.Collect$$$$00000000  mc_w.l(entry.o)
    0x08000130   0x08000130   0x00000004   Code   RO         5213    .ARM.Collect$$$$00000001  mc_w.l(entry2.o)
    0x08000134   0x08000134   0x00000004   Code   RO         5216    .ARM.Collect$$$$00000004  mc_w.l(entry5.o)
    0x08000138   0x08000138   0x00000000   Code   RO         5218    .ARM.Collect$$$$00000008  mc_w.l(entry7b.o)
    0x08000138   0x08000138   0x00000000   Code   RO         5220    .ARM.Collect$$$$0000000A  mc_w.l(entry8b.o)
    0x08000138   0x08000138   0x00000008   Code   RO         5221    .ARM.Collect$$$$0000000B  mc_w.l(entry9a.o)
    0x08000140   0x08000140   0x00000000   Code   RO         5223    .ARM.Collect$$$$0000000D  mc_w.l(entry10a.o)
    0x08000140   0x08000140   0x00000000   Code   RO         5225    .ARM.Collect$$$$0000000F  mc_w.l(entry11a.o)
    0x08000140   0x08000140   0x00000004   Code   RO         5214    .ARM.Collect$$$$00002712  mc_w.l(entry2.o)
    0x08000144   0x08000144   0x00000096   Code   RO         4860    .emb_text           port.o
    0x080001da   0x080001da   0x00000002   PAD
    0x080001dc   0x080001dc   0x00000024   Code   RO            4    .text               startup_stm32f103xe.o
    0x08000200   0x08000200   0x00000024   Code   RO         4942    .text               mc_w.l(memcpya.o)
    0x08000224   0x08000224   0x00000024   Code   RO         4946    .text               mc_w.l(memseta.o)
    0x08000248   0x08000248   0x0000000e   Code   RO         4948    .text               mc_w.l(strlen.o)
    0x08000256   0x08000256   0x00000002   PAD
    0x08000258   0x08000258   0x00000024   Code   RO         5245    .text               mc_w.l(init.o)
    0x0800027c   0x0800027c   0x0000000c   Code   RO          623    i.ADC1_2_IRQHandler  stm32f1xx_it.o
    0x08000288   0x08000288   0x0000004c   Code   RO          889    i.ADC_ConversionStop_Disable  stm32f1xx_hal_adc.o
    0x080002d4   0x080002d4   0x0000004e   Code   RO          890    i.ADC_DMAConvCplt   stm32f1xx_hal_adc.o
    0x08000322   0x08000322   0x0000001a   Code   RO          891    i.ADC_DMAError      stm32f1xx_hal_adc.o
    0x0800033c   0x0800033c   0x0000000a   Code   RO          892    i.ADC_DMAHalfConvCplt  stm32f1xx_hal_adc.o
    0x08000346   0x08000346   0x00000002   PAD
    0x08000348   0x08000348   0x00000070   Code   RO          893    i.ADC_Enable        stm32f1xx_hal_adc.o
    0x080003b8   0x080003b8   0x00000002   Code   RO          274    i.ArmTask           main.o
    0x080003ba   0x080003ba   0x00000002   Code   RO          624    i.BusFault_Handler  stm32f1xx_it.o
    0x080003bc   0x080003bc   0x0000000c   Code   RO          625    i.DMA1_Channel1_IRQHandler  stm32f1xx_it.o
    0x080003c8   0x080003c8   0x0000000c   Code   RO          626    i.DMA1_Channel2_IRQHandler  stm32f1xx_it.o
    0x080003d4   0x080003d4   0x0000000c   Code   RO          627    i.DMA1_Channel3_IRQHandler  stm32f1xx_it.o
    0x080003e0   0x080003e0   0x0000000c   Code   RO          628    i.DMA1_Channel4_IRQHandler  stm32f1xx_it.o
    0x080003ec   0x080003ec   0x0000000c   Code   RO          629    i.DMA1_Channel5_IRQHandler  stm32f1xx_it.o
    0x080003f8   0x080003f8   0x0000000c   Code   RO          630    i.DMA1_Channel6_IRQHandler  stm32f1xx_it.o
    0x08000404   0x08000404   0x0000000c   Code   RO          631    i.DMA1_Channel7_IRQHandler  stm32f1xx_it.o
    0x08000410   0x08000410   0x0000002a   Code   RO         3069    i.DMA_SetConfig     stm32f1xx_hal_dma.o
    0x0800043a   0x0800043a   0x00000002   Code   RO          632    i.DebugMon_Handler  stm32f1xx_it.o
    0x0800043c   0x0800043c   0x00000002   Code   RO          275    i.Error_Handler     main.o
    0x0800043e   0x0800043e   0x00000002   Code   RO         1071    i.HAL_ADCEx_InjectedConvCpltCallback  stm32f1xx_hal_adc_ex.o
    0x08000440   0x08000440   0x000000fc   Code   RO          895    i.HAL_ADC_ConfigChannel  stm32f1xx_hal_adc.o
    0x0800053c   0x0800053c   0x00000028   Code   RO          276    i.HAL_ADC_ConvCpltCallback  main.o
    0x08000564   0x08000564   0x00000002   Code   RO          897    i.HAL_ADC_ConvHalfCpltCallback  stm32f1xx_hal_adc.o
    0x08000566   0x08000566   0x00000002   Code   RO          899    i.HAL_ADC_ErrorCallback  stm32f1xx_hal_adc.o
    0x08000568   0x08000568   0x000000e6   Code   RO          903    i.HAL_ADC_IRQHandler  stm32f1xx_hal_adc.o
    0x0800064e   0x0800064e   0x00000002   PAD
    0x08000650   0x08000650   0x00000120   Code   RO          904    i.HAL_ADC_Init      stm32f1xx_hal_adc.o
    0x08000770   0x08000770   0x00000002   Code   RO          905    i.HAL_ADC_LevelOutOfWindowCallback  stm32f1xx_hal_adc.o
    0x08000772   0x08000772   0x00000002   PAD
    0x08000774   0x08000774   0x000000c0   Code   RO          763    i.HAL_ADC_MspInit   stm32f1xx_hal_msp.o
    0x08000834   0x08000834   0x0000010c   Code   RO          911    i.HAL_ADC_Start_DMA  stm32f1xx_hal_adc.o
    0x08000940   0x08000940   0x000000cc   Code   RO          912    i.HAL_ADC_Start_IT  stm32f1xx_hal_adc.o
    0x08000a0c   0x08000a0c   0x00000130   Code   RO         3071    i.HAL_DMA_Abort_IT  stm32f1xx_hal_dma.o
    0x08000b3c   0x08000b3c   0x00000248   Code   RO         3075    i.HAL_DMA_IRQHandler  stm32f1xx_hal_dma.o
    0x08000d84   0x08000d84   0x0000007c   Code   RO         3076    i.HAL_DMA_Init      stm32f1xx_hal_dma.o
    0x08000e00   0x08000e00   0x00000070   Code   RO         3080    i.HAL_DMA_Start_IT  stm32f1xx_hal_dma.o
    0x08000e70   0x08000e70   0x000001f8   Code   RO         3006    i.HAL_GPIO_Init     stm32f1xx_hal_gpio.o
    0x08001068   0x08001068   0x0000000a   Code   RO         3010    i.HAL_GPIO_WritePin  stm32f1xx_hal_gpio.o
    0x08001072   0x08001072   0x00000002   PAD
    0x08001074   0x08001074   0x0000000c   Code   RO         2702    i.HAL_GetTick       stm32f1xx_hal.o
    0x08001080   0x08001080   0x00000010   Code   RO         2708    i.HAL_IncTick       stm32f1xx_hal.o
    0x08001090   0x08001090   0x00000024   Code   RO         2709    i.HAL_Init          stm32f1xx_hal.o
    0x080010b4   0x080010b4   0x00000040   Code   RO         2710    i.HAL_InitTick      stm32f1xx_hal.o
    0x080010f4   0x080010f4   0x00000048   Code   RO          764    i.HAL_MspInit       stm32f1xx_hal_msp.o
    0x0800113c   0x0800113c   0x0000001a   Code   RO         3166    i.HAL_NVIC_EnableIRQ  stm32f1xx_hal_cortex.o
    0x08001156   0x08001156   0x00000002   PAD
    0x08001158   0x08001158   0x00000040   Code   RO         3172    i.HAL_NVIC_SetPriority  stm32f1xx_hal_cortex.o
    0x08001198   0x08001198   0x00000024   Code   RO         3173    i.HAL_NVIC_SetPriorityGrouping  stm32f1xx_hal_cortex.o
    0x080011bc   0x080011bc   0x0000000c   Code   RO         3288    i.HAL_PWR_EnableBkUpAccess  stm32f1xx_hal_pwr.o
    0x080011c8   0x080011c8   0x000000d4   Code   RO         2968    i.HAL_RCCEx_GetPeriphCLKFreq  stm32f1xx_hal_rcc_ex.o
    0x0800129c   0x0800129c   0x000000ec   Code   RO         2969    i.HAL_RCCEx_PeriphCLKConfig  stm32f1xx_hal_rcc_ex.o
    0x08001388   0x08001388   0x0000012c   Code   RO         2866    i.HAL_RCC_ClockConfig  stm32f1xx_hal_rcc.o
    0x080014b4   0x080014b4   0x00000020   Code   RO         2873    i.HAL_RCC_GetPCLK1Freq  stm32f1xx_hal_rcc.o
    0x080014d4   0x080014d4   0x00000020   Code   RO         2874    i.HAL_RCC_GetPCLK2Freq  stm32f1xx_hal_rcc.o
    0x080014f4   0x080014f4   0x0000006c   Code   RO         2875    i.HAL_RCC_GetSysClockFreq  stm32f1xx_hal_rcc.o
    0x08001560   0x08001560   0x00000320   Code   RO         2878    i.HAL_RCC_OscConfig  stm32f1xx_hal_rcc.o
    0x08001880   0x08001880   0x00000002   Code   RO         1340    i.HAL_RTCEx_RTCEventCallback  stm32f1xx_hal_rtc_ex.o
    0x08001882   0x08001882   0x00000002   Code   RO         1341    i.HAL_RTCEx_RTCEventErrorCallback  stm32f1xx_hal_rtc_ex.o
    0x08001884   0x08001884   0x0000003c   Code   RO         1342    i.HAL_RTCEx_RTCIRQHandler  stm32f1xx_hal_rtc_ex.o
    0x080018c0   0x080018c0   0x000000a0   Code   RO         1173    i.HAL_RTC_Init      stm32f1xx_hal_rtc.o
    0x08001960   0x08001960   0x00000048   Code   RO          766    i.HAL_RTC_MspInit   stm32f1xx_hal_msp.o
    0x080019a8   0x080019a8   0x0000003a   Code   RO         1181    i.HAL_RTC_WaitForSynchro  stm32f1xx_hal_rtc.o
    0x080019e2   0x080019e2   0x00000028   Code   RO         3177    i.HAL_SYSTICK_Config  stm32f1xx_hal_cortex.o
    0x08001a0a   0x08001a0a   0x00000054   Code   RO         2117    i.HAL_TIMEx_ConfigBreakDeadTime  stm32f1xx_hal_tim_ex.o
    0x08001a5e   0x08001a5e   0x00000042   Code   RO         2132    i.HAL_TIMEx_MasterConfigSynchronization  stm32f1xx_hal_tim_ex.o
    0x08001aa0   0x08001aa0   0x00000098   Code   RO         1457    i.HAL_TIM_Encoder_Init  stm32f1xx_hal_tim.o
    0x08001b38   0x08001b38   0x00000140   Code   RO          768    i.HAL_TIM_Encoder_MspInit  stm32f1xx_hal_msp.o
    0x08001c78   0x08001c78   0x00000034   Code   RO         1460    i.HAL_TIM_Encoder_Start  stm32f1xx_hal_tim.o
    0x08001cac   0x08001cac   0x00000078   Code   RO          769    i.HAL_TIM_MspPostInit  stm32f1xx_hal_msp.o
    0x08001d24   0x08001d24   0x000000d0   Code   RO         1506    i.HAL_TIM_PWM_ConfigChannel  stm32f1xx_hal_tim.o
    0x08001df4   0x08001df4   0x00000036   Code   RO         1509    i.HAL_TIM_PWM_Init  stm32f1xx_hal_tim.o
    0x08001e2a   0x08001e2a   0x00000002   PAD
    0x08001e2c   0x08001e2c   0x00000040   Code   RO          771    i.HAL_TIM_PWM_MspInit  stm32f1xx_hal_msp.o
    0x08001e6c   0x08001e6c   0x00000044   Code   RO         1514    i.HAL_TIM_PWM_Start  stm32f1xx_hal_tim.o
    0x08001eb0   0x08001eb0   0x00000002   Code   RO         2386    i.HAL_UART_ErrorCallback  stm32f1xx_hal_uart.o
    0x08001eb2   0x08001eb2   0x00000002   PAD
    0x08001eb4   0x08001eb4   0x00000110   Code   RO         2389    i.HAL_UART_IRQHandler  stm32f1xx_hal_uart.o
    0x08001fc4   0x08001fc4   0x00000062   Code   RO         2390    i.HAL_UART_Init     stm32f1xx_hal_uart.o
    0x08002026   0x08002026   0x00000002   PAD
    0x08002028   0x08002028   0x0000029c   Code   RO          773    i.HAL_UART_MspInit  stm32f1xx_hal_msp.o
    0x080022c4   0x080022c4   0x00000098   Code   RO         2394    i.HAL_UART_Receive_DMA  stm32f1xx_hal_uart.o
    0x0800235c   0x0800235c   0x000000fc   Code   RO           14    i.HAL_UART_RxCpltCallback  stm_uart.o
    0x08002458   0x08002458   0x00000002   Code   RO           15    i.HAL_UART_RxHalfCpltCallback  stm_uart.o
    0x0800245a   0x0800245a   0x000000ba   Code   RO         2398    i.HAL_UART_Transmit  stm32f1xx_hal_uart.o
    0x08002514   0x08002514   0x00000002   Code   RO         2401    i.HAL_UART_TxCpltCallback  stm32f1xx_hal_uart.o
    0x08002516   0x08002516   0x00000002   Code   RO          633    i.HardFault_Handler  stm32f1xx_it.o
    0x08002518   0x08002518   0x000000b0   Code   RO          278    i.MX_ADC1_Init      main.o
    0x080025c8   0x080025c8   0x0000008c   Code   RO          279    i.MX_DMA_Init       main.o
    0x08002654   0x08002654   0x00000090   Code   RO          280    i.MX_GPIO_Init      main.o
    0x080026e4   0x080026e4   0x00000060   Code   RO          281    i.MX_TIM1_Init      main.o
    0x08002744   0x08002744   0x0000005c   Code   RO          282    i.MX_TIM2_Init      main.o
    0x080027a0   0x080027a0   0x0000005c   Code   RO          283    i.MX_TIM3_Init      main.o
    0x080027fc   0x080027fc   0x0000007c   Code   RO          284    i.MX_TIM4_Init      main.o
    0x08002878   0x08002878   0x0000005c   Code   RO          285    i.MX_TIM5_Init      main.o
    0x080028d4   0x080028d4   0x000000a4   Code   RO          286    i.MX_TIM8_Init      main.o
    0x08002978   0x08002978   0x00000054   Code   RO          287    i.MainTask          main.o
    0x080029cc   0x080029cc   0x00000002   Code   RO          634    i.MemManage_Handler  stm32f1xx_it.o
    0x080029ce   0x080029ce   0x00000002   Code   RO          635    i.NMI_Handler       stm32f1xx_it.o
    0x080029d0   0x080029d0   0x00000034   Code   RO         1185    i.RTC_EnterInitMode  stm32f1xx_hal_rtc.o
    0x08002a04   0x08002a04   0x00000036   Code   RO         1186    i.RTC_ExitInitMode  stm32f1xx_hal_rtc.o
    0x08002a3a   0x08002a3a   0x00000002   PAD
    0x08002a3c   0x08002a3c   0x0000000c   Code   RO          636    i.RTC_IRQHandler    stm32f1xx_it.o
    0x08002a48   0x08002a48   0x00000034   Code   RO           17    i.Serial1_Println   stm_uart.o
    0x08002a7c   0x08002a7c   0x00000020   Code   RO           28    i.Serial_available  stm_uart.o
    0x08002a9c   0x08002a9c   0x0000000a   Code   RO           29    i.Serial_read       stm_uart.o
    0x08002aa6   0x08002aa6   0x00000018   Code   RO          637    i.SysTick_Handler   stm32f1xx_it.o
    0x08002abe   0x08002abe   0x0000006e   Code   RO          289    i.SystemClock_Config  main.o
    0x08002b2c   0x08002b2c   0x00000048   Code   RO         3667    i.SystemInit        system_stm32f1xx.o
    0x08002b74   0x08002b74   0x00000002   Code   RO          291    i.TIM2_IRQHandler   main.o
    0x08002b76   0x08002b76   0x00000002   Code   RO          292    i.TIM3_IRQHandler   main.o
    0x08002b78   0x08002b78   0x00000002   Code   RO          293    i.TIM5_IRQHandler   main.o
    0x08002b7a   0x08002b7a   0x00000002   PAD
    0x08002b7c   0x08002b7c   0x0000008c   Code   RO         1527    i.TIM_Base_SetConfig  stm32f1xx_hal_tim.o
    0x08002c08   0x08002c08   0x0000001a   Code   RO         1528    i.TIM_CCxChannelCmd  stm32f1xx_hal_tim.o
    0x08002c22   0x08002c22   0x00000002   PAD
    0x08002c24   0x08002c24   0x00000060   Code   RO         1540    i.TIM_OC1_SetConfig  stm32f1xx_hal_tim.o
    0x08002c84   0x08002c84   0x0000006c   Code   RO         1541    i.TIM_OC2_SetConfig  stm32f1xx_hal_tim.o
    0x08002cf0   0x08002cf0   0x00000068   Code   RO         1542    i.TIM_OC3_SetConfig  stm32f1xx_hal_tim.o
    0x08002d58   0x08002d58   0x00000050   Code   RO         1543    i.TIM_OC4_SetConfig  stm32f1xx_hal_tim.o
    0x08002da8   0x08002da8   0x00000010   Code   RO         2403    i.UART_DMAAbortOnError  stm32f1xx_hal_uart.o
    0x08002db8   0x08002db8   0x0000004a   Code   RO         2404    i.UART_DMAError     stm32f1xx_hal_uart.o
    0x08002e02   0x08002e02   0x0000003c   Code   RO         2405    i.UART_DMAReceiveCplt  stm32f1xx_hal_uart.o
    0x08002e3e   0x08002e3e   0x0000000a   Code   RO         2407    i.UART_DMARxHalfCplt  stm32f1xx_hal_uart.o
    0x08002e48   0x08002e48   0x0000001c   Code   RO         2413    i.UART_EndRxTransfer  stm32f1xx_hal_uart.o
    0x08002e64   0x08002e64   0x00000012   Code   RO         2414    i.UART_EndTxTransfer  stm32f1xx_hal_uart.o
    0x08002e76   0x08002e76   0x00000096   Code   RO         2415    i.UART_Receive_IT   stm32f1xx_hal_uart.o
    0x08002f0c   0x08002f0c   0x000000b8   Code   RO         2416    i.UART_SetConfig    stm32f1xx_hal_uart.o
    0x08002fc4   0x08002fc4   0x00000062   Code   RO         2417    i.UART_Transmit_IT  stm32f1xx_hal_uart.o
    0x08003026   0x08003026   0x00000064   Code   RO         2418    i.UART_WaitOnFlagUntilTimeout  stm32f1xx_hal_uart.o
    0x0800308a   0x0800308a   0x00000002   PAD
    0x0800308c   0x0800308c   0x0000000c   Code   RO          638    i.USART1_IRQHandler  stm32f1xx_it.o
    0x08003098   0x08003098   0x0000000c   Code   RO          639    i.USART2_IRQHandler  stm32f1xx_it.o
    0x080030a4   0x080030a4   0x0000000c   Code   RO          640    i.USART3_IRQHandler  stm32f1xx_it.o
    0x080030b0   0x080030b0   0x00000002   Code   RO          641    i.UsageFault_Handler  stm32f1xx_it.o
    0x080030b2   0x080030b2   0x00000002   PAD
    0x080030b4   0x080030b4   0x00000024   Code   RO          294    i.WheelTask         main.o
    0x080030d8   0x080030d8   0x00000028   Code   RO         5021    i.__0sprintf$2      mc_w.l(printf2.o)
    0x08003100   0x08003100   0x00000020   Code   RO         3179    i.__NVIC_SetPriority  stm32f1xx_hal_cortex.o
    0x08003120   0x08003120   0x0000000e   Code   RO         5257    i.__scatterload_copy  mc_w.l(handlers.o)
    0x0800312e   0x0800312e   0x00000002   Code   RO         5258    i.__scatterload_null  mc_w.l(handlers.o)
    0x08003130   0x08003130   0x0000000e   Code   RO         5259    i.__scatterload_zeroinit  mc_w.l(handlers.o)
    0x0800313e   0x0800313e   0x000000d6   Code   RO         5026    i._printf_core      mc_w.l(printf2.o)
    0x08003214   0x08003214   0x0000000a   Code   RO         5028    i._sputc            mc_w.l(printf2.o)
    0x0800321e   0x0800321e   0x00000002   PAD
    0x08003220   0x08003220   0x00000030   Code   RO           32    i.getbyteUart       stm_uart.o
    0x08003250   0x08003250   0x000001fc   Code   RO          295    i.main              main.o
    0x0800344c   0x0800344c   0x0000000c   Code   RO         4429    i.makeFreeRtosPriority  cmsis_os.o
    0x08003458   0x08003458   0x0000000e   Code   RO         4431    i.osDelay           cmsis_os.o
    0x08003466   0x08003466   0x0000000a   Code   RO         4434    i.osKernelStart     cmsis_os.o
    0x08003470   0x08003470   0x00000006   Code   RO         4449    i.osMutexCreate     cmsis_os.o
    0x08003476   0x08003476   0x0000002e   Code   RO         4468    i.osThreadCreate    cmsis_os.o
    0x080034a4   0x080034a4   0x00000070   Code   RO         4132    i.prvAddCurrentTaskToDelayedList  tasks.o
    0x08003514   0x08003514   0x000000d0   Code   RO         4133    i.prvAddNewTaskToReadyList  tasks.o
    0x080035e4   0x080035e4   0x0000006c   Code   RO         3843    i.prvCopyDataToQueue  queue.o
    0x08003650   0x08003650   0x00000014   Code   RO         4134    i.prvDeleteTCB      tasks.o
    0x08003664   0x08003664   0x0000004c   Code   RO         4799    i.prvHeapInit       heap_4.o
    0x080036b0   0x080036b0   0x00000060   Code   RO         4135    i.prvIdleTask       tasks.o
    0x08003710   0x08003710   0x0000008e   Code   RO         4136    i.prvInitialiseNewTask  tasks.o
    0x0800379e   0x0800379e   0x00000002   PAD
    0x080037a0   0x080037a0   0x0000004c   Code   RO         4800    i.prvInsertBlockIntoFreeList  heap_4.o
    0x080037ec   0x080037ec   0x00000020   Code   RO         4137    i.prvResetNextTaskUnblockTime  tasks.o
    0x0800380c   0x0800380c   0x00000028   Code   RO         4861    i.prvTaskExitError  port.o
    0x08003834   0x08003834   0x0000006a   Code   RO         3845    i.prvUnlockQueue    queue.o
    0x0800389e   0x0800389e   0x00000002   PAD
    0x080038a0   0x080038a0   0x000000d8   Code   RO         4801    i.pvPortMalloc      heap_4.o
    0x08003978   0x08003978   0x00000024   Code   RO         4862    i.pxPortInitialiseStack  port.o
    0x0800399c   0x0800399c   0x00000026   Code   RO         3802    i.uxListRemove      list.o
    0x080039c2   0x080039c2   0x00000016   Code   RO         3803    i.vListInitialise   list.o
    0x080039d8   0x080039d8   0x00000006   Code   RO         3804    i.vListInitialiseItem  list.o
    0x080039de   0x080039de   0x00000030   Code   RO         3805    i.vListInsert       list.o
    0x08003a0e   0x08003a0e   0x00000018   Code   RO         3806    i.vListInsertEnd    list.o
    0x08003a26   0x08003a26   0x00000002   PAD
    0x08003a28   0x08003a28   0x00000040   Code   RO         4864    i.vPortEnterCritical  port.o
    0x08003a68   0x08003a68   0x00000028   Code   RO         4865    i.vPortExitCritical  port.o
    0x08003a90   0x08003a90   0x0000005c   Code   RO         4802    i.vPortFree         heap_4.o
    0x08003aec   0x08003aec   0x00000024   Code   RO         4866    i.vPortSetupTimerInterrupt  port.o
    0x08003b10   0x08003b10   0x0000004c   Code   RO         4145    i.vTaskDelay        tasks.o
    0x08003b5c   0x08003b5c   0x00000010   Code   RO         4148    i.vTaskInternalSetTimeOutState  tasks.o
    0x08003b6c   0x08003b6c   0x0000000c   Code   RO         4149    i.vTaskMissedYield  tasks.o
    0x08003b78   0x08003b78   0x00000030   Code   RO         4151    i.vTaskPlaceOnEventList  tasks.o
    0x08003ba8   0x08003ba8   0x00000068   Code   RO         4158    i.vTaskStartScheduler  tasks.o
    0x08003c10   0x08003c10   0x00000010   Code   RO         4160    i.vTaskSuspendAll   tasks.o
    0x08003c20   0x08003c20   0x0000005c   Code   RO         4161    i.vTaskSwitchContext  tasks.o
    0x08003c7c   0x08003c7c   0x000000a8   Code   RO         4868    i.xPortStartScheduler  port.o
    0x08003d24   0x08003d24   0x0000002c   Code   RO         4869    i.xPortSysTickHandler  port.o
    0x08003d50   0x08003d50   0x00000024   Code   RO         3852    i.xQueueCreateMutex  queue.o
    0x08003d74   0x08003d74   0x00000048   Code   RO         3853    i.xQueueGenericCreate  queue.o
    0x08003dbc   0x08003dbc   0x00000088   Code   RO         3854    i.xQueueGenericReset  queue.o
    0x08003e44   0x08003e44   0x00000160   Code   RO         3855    i.xQueueGenericSend  queue.o
    0x08003fa4   0x08003fa4   0x00000074   Code   RO         4162    i.xTaskCheckForTimeOut  tasks.o
    0x08004018   0x08004018   0x00000056   Code   RO         4163    i.xTaskCreate       tasks.o
    0x0800406e   0x0800406e   0x00000002   PAD
    0x08004070   0x08004070   0x0000001c   Code   RO         4167    i.xTaskGetSchedulerState  tasks.o
    0x0800408c   0x0800408c   0x000000c8   Code   RO         4170    i.xTaskIncrementTick  tasks.o
    0x08004154   0x08004154   0x00000098   Code   RO         4173    i.xTaskPriorityDisinherit  tasks.o
    0x080041ec   0x080041ec   0x00000074   Code   RO         4175    i.xTaskRemoveFromEventList  tasks.o
    0x08004260   0x08004260   0x000000c4   Code   RO         4176    i.xTaskResumeAll    tasks.o
    0x08004324   0x08004324   0x0000003c   Data   RO          309    .constdata          main.o
    0x08004360   0x08004360   0x00000010   Data   RO         3668    .constdata          system_stm32f1xx.o
    0x08004370   0x08004370   0x00000008   Data   RO         3669    .constdata          system_stm32f1xx.o
    0x08004378   0x08004378   0x00000023   Data   RO          310    .conststring        main.o
    0x0800439b   0x0800439b   0x00000001   PAD
    0x0800439c   0x0800439c   0x00000020   Data   RO         5255    Region$$Table       anon$$obj.o


    Execution Region RW_IRAM1 (Exec base: 0x20000000, Load base: 0x080043bc, Size: 0x00001b48, Max: 0x0000c000, ABSOLUTE)

    Exec Addr    Load Addr    Size         Type   Attr      Idx    E Section Name        Object

    0x20000000   0x080043bc   0x00000003   Data   RW           35    .data               stm_uart.o
    0x20000003   0x080043bf   0x00000001   PAD
    0x20000004   0x080043c0   0x00000018   Data   RW          311    .data               main.o
    0x2000001c   0x080043d8   0x0000000c   Data   RW         2716    .data               stm32f1xx_hal.o
    0x20000028   0x080043e4   0x00000004   Data   RW         3670    .data               system_stm32f1xx.o
    0x2000002c   0x080043e8   0x0000003c   Data   RW         4179    .data               tasks.o
    0x20000068   0x08004424   0x00000018   Data   RW         4807    .data               heap_4.o
    0x20000080   0x0800443c   0x0000000c   Data   RW         4870    .data               port.o
    0x2000008c        -       0x00000408   Zero   RW           34    .bss                stm_uart.o
    0x20000494        -       0x000003e4   Zero   RW          297    .bss                main.o
    0x20000878        -       0x00000044   Zero   RW          302    .bss                main.o
    0x200008bc        -       0x00000044   Zero   RW          303    .bss                main.o
    0x20000900        -       0x00000044   Zero   RW          304    .bss                main.o
    0x20000944        -       0x00000044   Zero   RW          305    .bss                main.o
    0x20000988        -       0x00000044   Zero   RW          306    .bss                main.o
    0x200009cc        -       0x00000044   Zero   RW          307    .bss                main.o
    0x20000a10        -       0x00000044   Zero   RW          308    .bss                main.o
    0x20000a54        -       0x000000f0   Zero   RW         4178    .bss                tasks.o
    0x20000b44        -       0x00000c00   Zero   RW         4806    .bss                heap_4.o
    0x20001744   0x08004448   0x00000004   PAD
    0x20001748        -       0x00000400   Zero   RW            1    STACK               startup_stm32f103xe.o


==============================================================================

Image component sizes


      Code (inc. data)   RO Data    RW Data    ZI Data      Debug   Object Name

        88          0          0          0          0      15077   cmsis_os.o
         0          0          0          0          0      11996   event_groups.o
         0          0          0          0          0       7420   freertos.o
       460         24          0         24       3072       7195   heap_4.o
       138          0          0          0          0       3362   list.o
      1908        186         95         24       1472     525701   main.o
       578         60          0         12          0      10288   port.o
       810         10          0          0          0      10635   queue.o
        36          8        304          0       1024        796   startup_stm32f103xe.o
       128         24          0         12          0       5857   stm32f1xx_hal.o
      1550         68          0          0          0      10106   stm32f1xx_hal_adc.o
         2          0          0          0          0       1045   stm32f1xx_hal_adc_ex.o
       198         14          0          0          0      28911   stm32f1xx_hal_cortex.o
      1166         52          0          0          0       4418   stm32f1xx_hal_dma.o
       514         42          0          0          0       2888   stm32f1xx_hal_gpio.o
      1508        166          0          0          0       6145   stm32f1xx_hal_msp.o
        12          4          0          0          0        507   stm32f1xx_hal_pwr.o
      1272        100          0          0          0       5164   stm32f1xx_hal_rcc.o
       448         44          0          0          0       2549   stm32f1xx_hal_rcc_ex.o
       324          6          0          0          0       3680   stm32f1xx_hal_rtc.o
        64          0          0          0          0       2085   stm32f1xx_hal_rtc_ex.o
      1088         66          0          0          0       9337   stm32f1xx_hal_tim.o
       150          0          0          0          0       2080   stm32f1xx_hal_tim_ex.o
      1450         26          0          0          0      11560   stm32f1xx_hal_uart.o
       180         72          0          0          0       8129   stm32f1xx_it.o
       396         62          0          3       1032     517755   stm_uart.o
        72         16         24          4          0       1139   system_stm32f1xx.o
      1868        148          0         60        240      19810   tasks.o

    ----------------------------------------------------------------------
     16444       1198        456        140       6844    1235635   Object Totals
         0          0         32          0          0          0   (incl. Generated)
        36          0          1          1          4          0   (incl. Padding)

    ----------------------------------------------------------------------

      Code (inc. data)   RO Data    RW Data    ZI Data      Debug   Library Member Name

         0          0          0          0          0          0   entry.o
         0          0          0          0          0          0   entry10a.o
         0          0          0          0          0          0   entry11a.o
         8          4          0          0          0          0   entry2.o
         4          0          0          0          0          0   entry5.o
         0          0          0          0          0          0   entry7b.o
         0          0          0          0          0          0   entry8b.o
         8          4          0          0          0          0   entry9a.o
        30          0          0          0          0          0   handlers.o
        36          8          0          0          0         68   init.o
        36          0          0          0          0         68   memcpya.o
        36          0          0          0          0        108   memseta.o
       264          6          0          0          0        244   printf2.o
        14          0          0          0          0         68   strlen.o

    ----------------------------------------------------------------------
       440         22          0          0          0        556   Library Totals
         4          0          0          0          0          0   (incl. Padding)

    ----------------------------------------------------------------------

      Code (inc. data)   RO Data    RW Data    ZI Data      Debug   Library Name

       436         22          0          0          0        556   mc_w.l

    ----------------------------------------------------------------------
       440         22          0          0          0        556   Library Totals

    ----------------------------------------------------------------------

==============================================================================


      Code (inc. data)   RO Data    RW Data    ZI Data      Debug   

     16884       1220        456        140       6844    1227295   Grand Totals
     16884       1220        456        140       6844    1227295   ELF Image Totals
     16884       1220        456        140          0          0   ROM Totals

==============================================================================

    Total RO  Size (Code + RO Data)                17340 (  16.93kB)
    Total RW  Size (RW Data + ZI Data)              6984 (   6.82kB)
    Total ROM Size (Code + RO Data + RW Data)      17480 (  17.07kB)

==============================================================================

