Component: ARM Compiler 5.06 update 6 (build 750) Tool: armlink [4d35ed]

==============================================================================

Section Cross References

    startup_stm32f103xe.o(RESET) refers to startup_stm32f103xe.o(STACK) for __initial_sp
    startup_stm32f103xe.o(RESET) refers to startup_stm32f103xe.o(.text) for Reset_Handler
    startup_stm32f103xe.o(RESET) refers to stm32f1xx_it.o(i.NMI_Handler) for NMI_Handler
    startup_stm32f103xe.o(RESET) refers to stm32f1xx_it.o(i.HardFault_Handler) for HardFault_Handler
    startup_stm32f103xe.o(RESET) refers to stm32f1xx_it.o(i.MemManage_Handler) for MemManage_Handler
    startup_stm32f103xe.o(RESET) refers to stm32f1xx_it.o(i.BusFault_Handler) for BusFault_Handler
    startup_stm32f103xe.o(RESET) refers to stm32f1xx_it.o(i.UsageFault_Handler) for UsageFault_Handler
    startup_stm32f103xe.o(RESET) refers to port.o(.emb_text) for SVC_Handler
    startup_stm32f103xe.o(RESET) refers to stm32f1xx_it.o(i.DebugMon_Handler) for DebugMon_Handler
    startup_stm32f103xe.o(RESET) refers to stm32f1xx_it.o(i.SysTick_Handler) for SysTick_Handler
    startup_stm32f103xe.o(RESET) refers to stm32f1xx_it.o(i.RTC_IRQHandler) for RTC_IRQHandler
    startup_stm32f103xe.o(RESET) refers to stm32f1xx_it.o(i.DMA1_Channel1_IRQHandler) for DMA1_Channel1_IRQHandler
    startup_stm32f103xe.o(RESET) refers to stm32f1xx_it.o(i.DMA1_Channel2_IRQHandler) for DMA1_Channel2_IRQHandler
    startup_stm32f103xe.o(RESET) refers to stm32f1xx_it.o(i.DMA1_Channel3_IRQHandler) for DMA1_Channel3_IRQHandler
    startup_stm32f103xe.o(RESET) refers to stm32f1xx_it.o(i.DMA1_Channel4_IRQHandler) for DMA1_Channel4_IRQHandler
    startup_stm32f103xe.o(RESET) refers to stm32f1xx_it.o(i.DMA1_Channel5_IRQHandler) for DMA1_Channel5_IRQHandler
    startup_stm32f103xe.o(RESET) refers to stm32f1xx_it.o(i.DMA1_Channel6_IRQHandler) for DMA1_Channel6_IRQHandler
    startup_stm32f103xe.o(RESET) refers to stm32f1xx_it.o(i.DMA1_Channel7_IRQHandler) for DMA1_Channel7_IRQHandler
    startup_stm32f103xe.o(RESET) refers to stm32f1xx_it.o(i.ADC1_2_IRQHandler) for ADC1_2_IRQHandler
    startup_stm32f103xe.o(RESET) refers to main.o(i.TIM2_IRQHandler) for TIM2_IRQHandler
    startup_stm32f103xe.o(RESET) refers to main.o(i.TIM3_IRQHandler) for TIM3_IRQHandler
    startup_stm32f103xe.o(RESET) refers to stm32f1xx_it.o(i.USART1_IRQHandler) for USART1_IRQHandler
    startup_stm32f103xe.o(RESET) refers to stm32f1xx_it.o(i.USART2_IRQHandler) for USART2_IRQHandler
    startup_stm32f103xe.o(RESET) refers to stm32f1xx_it.o(i.USART3_IRQHandler) for USART3_IRQHandler
    startup_stm32f103xe.o(RESET) refers to main.o(i.TIM5_IRQHandler) for TIM5_IRQHandler
    startup_stm32f103xe.o(.text) refers to system_stm32f1xx.o(i.SystemInit) for SystemInit
    startup_stm32f103xe.o(.text) refers to entry.o(.ARM.Collect$$$$00000000) for __main
    stm_uart.o(i.ClearBufferUart) refers to stm_uart.o(.bss) for .bss
    stm_uart.o(i.HAL_UART_RxCpltCallback) refers to stm32f1xx_hal_uart.o(i.HAL_UART_Receive_DMA) for HAL_UART_Receive_DMA
    stm_uart.o(i.HAL_UART_RxCpltCallback) refers to stm_uart.o(.data) for .data
    stm_uart.o(i.HAL_UART_RxCpltCallback) refers to stm_uart.o(.bss) for .bss
    stm_uart.o(i.HAL_UART_RxCpltCallback) refers to main.o(.data) for rbr1
    stm_uart.o(i.HAL_UART_RxCpltCallback) refers to main.o(.bss) for huart1
    stm_uart.o(i.Serial1_Print) refers to strlen.o(.text) for strlen
    stm_uart.o(i.Serial1_Print) refers to stm32f1xx_hal_uart.o(i.HAL_UART_Transmit) for HAL_UART_Transmit
    stm_uart.o(i.Serial1_Print) refers to main.o(.bss) for huart1
    stm_uart.o(i.Serial1_Println) refers to strlen.o(.text) for strlen
    stm_uart.o(i.Serial1_Println) refers to stm32f1xx_hal_uart.o(i.HAL_UART_Transmit) for HAL_UART_Transmit
    stm_uart.o(i.Serial1_Println) refers to main.o(.bss) for huart1
    stm_uart.o(i.Serial1_Write) refers to stm32f1xx_hal_uart.o(i.HAL_UART_Transmit) for HAL_UART_Transmit
    stm_uart.o(i.Serial1_Write) refers to main.o(.bss) for huart1
    stm_uart.o(i.Serial1_WriteByte) refers to stm32f1xx_hal_uart.o(i.HAL_UART_Transmit) for HAL_UART_Transmit
    stm_uart.o(i.Serial1_WriteByte) refers to main.o(.bss) for huart1
    stm_uart.o(i.Serial2_Print) refers to strlen.o(.text) for strlen
    stm_uart.o(i.Serial2_Print) refers to stm32f1xx_hal_uart.o(i.HAL_UART_Transmit) for HAL_UART_Transmit
    stm_uart.o(i.Serial2_Print) refers to main.o(.bss) for huart2
    stm_uart.o(i.Serial2_Println) refers to strlen.o(.text) for strlen
    stm_uart.o(i.Serial2_Println) refers to stm32f1xx_hal_uart.o(i.HAL_UART_Transmit) for HAL_UART_Transmit
    stm_uart.o(i.Serial2_Println) refers to main.o(.bss) for huart2
    stm_uart.o(i.Serial2_Write) refers to stm32f1xx_hal_uart.o(i.HAL_UART_Transmit) for HAL_UART_Transmit
    stm_uart.o(i.Serial2_Write) refers to main.o(.bss) for huart2
    stm_uart.o(i.Serial2_WriteByte) refers to stm32f1xx_hal_uart.o(i.HAL_UART_Transmit) for HAL_UART_Transmit
[...]
    ..\Src\freertos.c                        0x00000000   Number         0  freertos.o ABSOLUTE
    ..\Src\main.c                            0x00000000   Number         0  main.o ABSOLUTE
    ..\Src\stm32f1xx_hal_msp.c               0x00000000   Number         0  stm32f1xx_hal_msp.o ABSOLUTE
    ..\Src\stm32f1xx_it.c                    0x00000000   Number         0  stm32f1xx_it.o ABSOLUTE
    ..\Src\system_stm32f1xx.c                0x00000000   Number         0  system_stm32f1xx.o ABSOLUTE
    ..\\Src\\STM_UART.c                      0x00000000   Number         0  stm_uart.o ABSOLUTE
    cdrcmple.s                               0x00000000   Number         0  cdrcmple.o ABSOLUTE
    dc.s                                     0x00000000   Number         0  dc.o ABSOLUTE
    handlers.s                               0x00000000   Number         0  handlers.o ABSOLUTE
    init.s                                   0x00000000   Number         0  init.o ABSOLUTE
    startup_stm32f103xe.s                    0x00000000   Number         0  startup_stm32f103xe.o ABSOLUTE
    RESET                                    0x08000000   Section      304  startup_stm32f103xe.o(RESET)
    .ARM.Collect$$$$00000000                 0x08000130   Section        0  entry.o(.ARM.Collect$$$$00000000)
    .ARM.Collect$$$$00000001                 0x08000130   Section        4  entry2.o(.ARM.Collect$$$$00000001)
    .ARM.Collect$$$$00000004                 0x08000134   Section        4  entry5.o(.ARM.Collect$$$$00000004)
    .ARM.Collect$$$$00000008                 0x08000138   Section        0  entry7b.o(.ARM.Collect$$$$00000008)
    .ARM.Collect$$$$0000000A                 0x08000138   Section        0  entry8b.o(.ARM.Collect$$$$0000000A)
    .ARM.Collect$$$$0000000B                 0x08000138   Section        8  entry9a.o(.ARM.Collect$$$$0000000B)
    .ARM.Collect$$$$0000000D                 0x08000140   Section        0  entry10a.o(.ARM.Collect$$$$0000000D)
    .ARM.Collect$$$$0000000F                 0x08000140   Section        0  entry11a.o(.ARM.Collect$$$$0000000F)
    .ARM.Collect$$$$00002712                 0x08000140   Section        4  entry2.o(.ARM.Collect$$$$00002712)
    __lit__00000000                          0x08000140   Data           4  entry2.o(.ARM.Collect$$$$00002712)
    .emb_text                                0x08000144   Section      150  port.o(.emb_text)
    .text                                    0x080001dc   Section       36  startup_stm32f103xe.o(.text)
    .text                                    0x08000200   Section        0  memcpya.o(.text)
    .text                                    0x08000224   Section        0  memseta.o(.text)
    .text                                    0x08000248   Section        0  strlen.o(.text)
    .text                                    0x08000258   Section       36  init.o(.text)
    i.ADC1_2_IRQHandler                      0x0800027c   Section        0  stm32f1xx_it.o(i.ADC1_2_IRQHandler)
    i.ADC_ConversionStop_Disable             0x08000288   Section        0  stm32f1xx_hal_adc.o(i.ADC_ConversionStop_Disable)
    i.ADC_DMAConvCplt                        0x080002d4   Section        0  stm32f1xx_hal_adc.o(i.ADC_DMAConvCplt)
    i.ADC_DMAError                           0x08000322   Section        0  stm32f1xx_hal_adc.o(i.ADC_DMAError)
    i.ADC_DMAHalfConvCplt                    0x0800033c   Section        0  stm32f1xx_hal_adc.o(i.ADC_DMAHalfConvCplt)
    i.ADC_Enable                             0x08000348   Section        0  stm32f1xx_hal_adc.o(i.ADC_Enable)
    i.ArmTask                                0x080003b8   Section        0  main.o(i.ArmTask)
    i.BusFault_Handler                       0x080003dc   Section        0  stm32f1xx_it.o(i.BusFault_Handler)
    i.DMA1_Channel1_IRQHandler               0x080003e0   Section        0  stm32f1xx_it.o(i.DMA1_Channel1_IRQHandler)
    i.DMA1_Channel2_IRQHandler               0x080003ec   Section        0  stm32f1xx_it.o(i.DMA1_Channel2_IRQHandler)
    i.DMA1_Channel3_IRQHandler               0x080003f8   Section        0  stm32f1xx_it.o(i.DMA1_Channel3_IRQHandler)
    i.DMA1_Channel4_IRQHandler               0x08000404   Section        0  stm32f1xx_it.o(i.DMA1_Channel4_IRQHandler)
    i.DMA1_Channel5_IRQHandler               0x08000410   Section        0  stm32f1xx_it.o(i.DMA1_Channel5_IRQHandler)
    i.DMA1_Channel6_IRQHandler               0x0800041c   Section        0  stm32f1xx_it.o(i.DMA1_Channel6_IRQHandler)
    i.DMA1_Channel7_IRQHandler               0x08000428   Section        0  stm32f1xx_it.o(i.DMA1_Channel7_IRQHandler)
    i.DMA_SetConfig                          0x08000434   Section        0  stm32f1xx_hal_dma.o(i.DMA_SetConfig)
    DMA_SetConfig                            0x08000435   Thumb Code    42  stm32f1xx_hal_dma.o(i.DMA_SetConfig)
    i.DebugMon_Handler                       0x0800045e   Section        0  stm32f1xx_it.o(i.DebugMon_Handler)
    i.Error_Handler                          0x08000460   Section        0  main.o(i.Error_Handler)
    i.HAL_ADCEx_InjectedConvCpltCallback     0x08000462   Section        0  stm32f1xx_hal_adc_ex.o(i.HAL_ADCEx_InjectedConvCpltCallback)
    i.HAL_ADC_ConfigChannel                  0x08000464   Section        0  stm32f1xx_hal_adc.o(i.HAL_ADC_ConfigChannel)
    i.HAL_ADC_ConvCpltCallback               0x08000560   Section        0  main.o(i.HAL_ADC_ConvCpltCallback)
    i.HAL_ADC_ConvHalfCpltCallback           0x08000588   Section        0  stm32f1xx_hal_adc.o(i.HAL_ADC_ConvHalfCpltCallback)
    i.HAL_ADC_ErrorCallback                  0x0800058a   Section        0  stm32f1xx_hal_adc.o(i.HAL_ADC_ErrorCallback)
    i.HAL_ADC_IRQHandler                     0x0800058c   Section        0  stm32f1xx_hal_adc.o(i.HAL_ADC_IRQHandler)
    i.HAL_ADC_Init                           0x08000674   Section        0  stm32f1xx_hal_adc.o(i.HAL_ADC_Init)
    i.HAL_ADC_LevelOutOfWindowCallback       0x08000794   Section        0  stm32f1xx_hal_adc.o(i.HAL_ADC_LevelOutOfWindowCallback)
    i.HAL_ADC_MspInit                        0x08000798   Section        0  stm32f1xx_hal_msp.o(i.HAL_ADC_MspInit)
    i.HAL_ADC_Start_DMA                      0x08000858   Section        0  stm32f1xx_hal_adc.o(i.HAL_ADC_Start_DMA)
    i.HAL_ADC_Start_IT                       0x08000964   Section        0  stm32f1xx_hal_adc.o(i.HAL_ADC_Start_IT)
    i.HAL_DMA_Abort_IT                       0x08000a30   Section        0  stm32f1xx_hal_dma.o(i.HAL_DMA_Abort_IT)
    i.HAL_DMA_IRQHandler                     0x08000b60   Section        0  stm32f1xx_hal_dma.o(i.HAL_DMA_IRQHandler)
    i.HAL_DMA_Init                           0x08000da8   Section        0  stm32f1xx_hal_dma.o(i.HAL_DMA_Init)
    i.HAL_DMA_Start_IT                       0x08000e24   Section        0  stm32f1xx_hal_dma.o(i.HAL_DMA_Start_IT)
    i.HAL_GPIO_Init                          0x08000e94   Section        0  stm32f1xx_hal_gpio.o(i.HAL_GPIO_Init)
    i.HAL_GPIO_WritePin                      0x0800108c   Section        0  stm32f1xx_hal_gpio.o(i.HAL_GPIO_WritePin)
    i.HAL_GetTick                            0x08001098   Section        0  stm32f1xx_hal.o(i.HAL_GetTick)
    i.HAL_IncTick                            0x080010a4   Section        0  stm32f1xx_hal.o(i.HAL_IncTick)
    i.HAL_Init                               0x080010b4   Section        0  stm32f1xx_hal.o(i.HAL_Init)
    i.HAL_InitTick                           0x080010d8   Section        0  stm32f1xx_hal.o(i.HAL_InitTick)
    i.HAL_MspInit                            0x08001118   Section        0  stm32f1xx_hal_msp.o(i.HAL_MspInit)
    i.HAL_NVIC_EnableIRQ                     0x08001160   Section        0  stm32f1xx_hal_cortex.o(i.HAL_NVIC_EnableIRQ)
    i.HAL_NVIC_SetPriority                   0x0800117c   Section        0  stm32f1xx_hal_cortex.o(i.HAL_NVIC_SetPriority)
    i.HAL_NVIC_SetPriorityGrouping           0x080011bc   Section        0  stm32f1xx_hal_cortex.o(i.HAL_NVIC_SetPriorityGrouping)
    i.HAL_PWR_EnableBkUpAccess               0x080011e0   Section        0  stm32f1xx_hal_pwr.o(i.HAL_PWR_EnableBkUpAccess)
    i.HAL_RCCEx_GetPeriphCLKFreq             0x080011ec   Section        0  stm32f1xx_hal_rcc_ex.o(i.HAL_RCCEx_GetPeriphCLKFreq)
    i.HAL_RCCEx_PeriphCLKConfig              0x080012c0   Section        0  stm32f1xx_hal_rcc_ex.o(i.HAL_RCCEx_PeriphCLKConfig)
    i.HAL_RCC_ClockConfig                    0x080013ac   Section        0  stm32f1xx_hal_rcc.o(i.HAL_RCC_ClockConfig)
    i.HAL_RCC_GetPCLK1Freq                   0x080014d8   Section        0  stm32f1xx_hal_rcc.o(i.HAL_RCC_GetPCLK1Freq)
    i.HAL_RCC_GetPCLK2Freq                   0x080014f8   Section        0  stm32f1xx_hal_rcc.o(i.HAL_RCC_GetPCLK2Freq)
    i.HAL_RCC_GetSysClockFreq                0x08001518   Section        0  stm32f1xx_hal_rcc.o(i.HAL_RCC_GetSysClockFreq)
    i.HAL_RCC_OscConfig                      0x08001584   Section        0  stm32f1xx_hal_rcc.o(i.HAL_RCC_OscConfig)
    i.HAL_RTCEx_RTCEventCallback             0x080018a4   Section        0  stm32f1xx_hal_rtc_ex.o(i.HAL_RTCEx_RTCEventCallback)
    i.HAL_RTCEx_RTCEventErrorCallback        0x080018a6   Section        0  stm32f1xx_hal_rtc_ex.o(i.HAL_RTCEx_RTCEventErrorCallback)
    i.HAL_RTCEx_RTCIRQHandler                0x080018a8   Section        0  stm32f1xx_hal_rtc_ex.o(i.HAL_RTCEx_RTCIRQHandler)
    i.HAL_RTC_Init                           0x080018e4   Section        0  stm32f1xx_hal_rtc.o(i.HAL_RTC_Init)
    i.HAL_RTC_MspInit                        0x08001984   Section        0  stm32f1xx_hal_msp.o(i.HAL_RTC_MspInit)
    i.HAL_RTC_WaitForSynchro                 0x080019cc   Section        0  stm32f1xx_hal_rtc.o(i.HAL_RTC_WaitForSynchro)
    i.HAL_SYSTICK_Config                     0x08001a06   Section        0  stm32f1xx_hal_cortex.o(i.HAL_SYSTICK_Config)
    i.HAL_TIMEx_ConfigBreakDeadTime          0x08001a2e   Section        0  stm32f1xx_hal_tim_ex.o(i.HAL_TIMEx_ConfigBreakDeadTime)
    i.HAL_TIMEx_MasterConfigSynchronization  0x08001a82   Section        0  stm32f1xx_hal_tim_ex.o(i.HAL_TIMEx_MasterConfigSynchronization)
    i.HAL_TIM_Encoder_Init                   0x08001ac4   Section        0  stm32f1xx_hal_tim.o(i.HAL_TIM_Encoder_Init)
    i.HAL_TIM_Encoder_MspInit                0x08001b5c   Section        0  stm32f1xx_hal_msp.o(i.HAL_TIM_Encoder_MspInit)
    i.HAL_TIM_Encoder_Start                  0x08001c9c   Section        0  stm32f1xx_hal_tim.o(i.HAL_TIM_Encoder_Start)
    i.HAL_TIM_MspPostInit                    0x08001cd0   Section        0  stm32f1xx_hal_msp.o(i.HAL_TIM_MspPostInit)
    i.HAL_TIM_PWM_ConfigChannel              0x08001d48   Section        0  stm32f1xx_hal_tim.o(i.HAL_TIM_PWM_ConfigChannel)
    i.HAL_TIM_PWM_Init                       0x08001e18   Section        0  stm32f1xx_hal_tim.o(i.HAL_TIM_PWM_Init)
    i.HAL_TIM_PWM_MspInit                    0x08001e50   Section        0  stm32f1xx_hal_msp.o(i.HAL_TIM_PWM_MspInit)
    i.HAL_TIM_PWM_Start                      0x08001e90   Section        0  stm32f1xx_hal_tim.o(i.HAL_TIM_PWM_Start)
    i.HAL_UART_ErrorCallback                 0x08001ed4   Section        0  stm32f1xx_hal_uart.o(i.HAL_UART_ErrorCallback)
    i.HAL_UART_IRQHandler                    0x08001ed8   Section        0  stm32f1xx_hal_uart.o(i.HAL_UART_IRQHandler)
    i.HAL_UART_Init                          0x08001fe8   Section        0  stm32f1xx_hal_uart.o(i.HAL_UART_Init)
    i.HAL_UART_MspInit                       0x0800204c   Section        0  stm32f1xx_hal_msp.o(i.HAL_UART_MspInit)
    i.HAL_UART_Receive_DMA                   0x080022e8   Section        0  stm32f1xx_hal_uart.o(i.HAL_UART_Receive_DMA)
    i.HAL_UART_RxCpltCallback                0x08002380   Section        0  stm_uart.o(i.HAL_UART_RxCpltCallback)
    i.HAL_UART_RxHalfCpltCallback            0x0800247c   Section        0  stm_uart.o(i.HAL_UART_RxHalfCpltCallback)
    i.HAL_UART_Transmit                      0x0800247e   Section        0  stm32f1xx_hal_uart.o(i.HAL_UART_Transmit)
    i.HAL_UART_TxCpltCallback                0x08002538   Section        0  stm32f1xx_hal_uart.o(i.HAL_UART_TxCpltCallback)
    i.HardFault_Handler                      0x0800253a   Section        0  stm32f1xx_it.o(i.HardFault_Handler)
    i.MX_ADC1_Init                           0x0800253c   Section        0  main.o(i.MX_ADC1_Init)
    MX_ADC1_Init                             0x0800253d   Thumb Code   166  main.o(i.MX_ADC1_Init)
    i.MX_DMA_Init                            0x080025ec   Section        0  main.o(i.MX_DMA_Init)
    MX_DMA_Init                              0x080025ed   Thumb Code   136  main.o(i.MX_DMA_Init)
    i.MX_GPIO_Init                           0x08002678   Section        0  main.o(i.MX_GPIO_Init)
    MX_GPIO_Init                             0x08002679   Thumb Code   136  main.o(i.MX_GPIO_Init)
    i.MX_TIM1_Init                           0x08002708   Section        0  main.o(i.MX_TIM1_Init)
    MX_TIM1_Init                             0x08002709   Thumb Code    86  main.o(i.MX_TIM1_Init)
    i.MX_TIM2_Init                           0x08002768   Section        0  main.o(i.MX_TIM2_Init)
    MX_TIM2_Init                             0x08002769   Thumb Code    86  main.o(i.MX_TIM2_Init)
    i.MX_TIM3_Init                           0x080027c4   Section        0  main.o(i.MX_TIM3_Init)
    MX_TIM3_Init                             0x080027c5   Thumb Code    84  main.o(i.MX_TIM3_Init)
    i.MX_TIM4_Init                           0x08002820   Section        0  main.o(i.MX_TIM4_Init)
    MX_TIM4_Init                             0x08002821   Thumb Code   114  main.o(i.MX_TIM4_Init)
    i.MX_TIM5_Init                           0x0800289c   Section        0  main.o(i.MX_TIM5_Init)
    MX_TIM5_Init                             0x0800289d   Thumb Code    84  main.o(i.MX_TIM5_Init)
    i.MX_TIM8_Init                           0x080028f8   Section        0  main.o(i.MX_TIM8_Init)
    MX_TIM8_Init                             0x080028f9   Thumb Code   156  main.o(i.MX_TIM8_Init)
    i.MainTask                               0x0800299c   Section        0  main.o(i.MainTask)
    i.MemManage_Handler                      0x080029f0   Section        0  stm32f1xx_it.o(i.MemManage_Handler)
    i.NMI_Handler                            0x080029f2   Section        0  stm32f1xx_it.o(i.NMI_Handler)
    i.RTC_EnterInitMode                      0x080029f4   Section        0  stm32f1xx_hal_rtc.o(i.RTC_EnterInitMode)
    RTC_EnterInitMode                        0x080029f5   Thumb Code    52  stm32f1xx_hal_rtc.o(i.RTC_EnterInitMode)
    i.RTC_ExitInitMode                       0x08002a28   Section        0  stm32f1xx_hal_rtc.o(i.RTC_ExitInitMode)
    RTC_ExitInitMode                         0x08002a29   Thumb Code    54  stm32f1xx_hal_rtc.o(i.RTC_ExitInitMode)
    i.RTC_IRQHandler                         0x08002a60   Section        0  stm32f1xx_it.o(i.RTC_IRQHandler)
    i.Serial1_Println                        0x08002a6c   Section        0  stm_uart.o(i.Serial1_Println)
    i.Serial_available                       0x08002aa0   Section        0  stm_uart.o(i.Serial_available)
    i.Serial_read                            0x08002ac0   Section        0  stm_uart.o(i.Serial_read)
    i.SysTick_Handler                        0x08002aca   Section        0  stm32f1xx_it.o(i.SysTick_Handler)
    i.SystemClock_Config                     0x08002ae2   Section        0  main.o(i.SystemClock_Config)
    i.SystemInit                             0x08002b50   Section        0  system_stm32f1xx.o(i.SystemInit)
    i.TIM2_IRQHandler                        0x08002b98   Section        0  main.o(i.TIM2_IRQHandler)
    i.TIM3_IRQHandler                        0x08002b9a   Section        0  main.o(i.TIM3_IRQHandler)
    i.TIM5_IRQHandler                        0x08002b9c   Section        0  main.o(i.TIM5_IRQHandler)
    i.TIM_Base_SetConfig                     0x08002ba0   Section        0  stm32f1xx_hal_tim.o(i.TIM_Base_SetConfig)
    i.TIM_CCxChannelCmd                      0x08002c2c   Section        0  stm32f1xx_hal_tim.o(i.TIM_CCxChannelCmd)
    i.TIM_OC1_SetConfig                      0x08002c48   Section        0  stm32f1xx_hal_tim.o(i.TIM_OC1_SetConfig)
    TIM_OC1_SetConfig                        0x08002c49   Thumb Code    88  stm32f1xx_hal_tim.o(i.TIM_OC1_SetConfig)
    i.TIM_OC2_SetConfig                      0x08002ca8   Section        0  stm32f1xx_hal_tim.o(i.TIM_OC2_SetConfig)
    i.TIM_OC3_SetConfig                      0x08002d14   Section        0  stm32f1xx_hal_tim.o(i.TIM_OC3_SetConfig)
    TIM_OC3_SetConfig                        0x08002d15   Thumb Code    96  stm32f1xx_hal_tim.o(i.TIM_OC3_SetConfig)
    i.TIM_OC4_SetConfig                      0x08002d7c   Section        0  stm32f1xx_hal_tim.o(i.TIM_OC4_SetConfig)
    TIM_OC4_SetConfig                        0x08002d7d   Thumb Code    70  stm32f1xx_hal_tim.o(i.TIM_OC4_SetConfig)
    i.UART_DMAAbortOnError                   0x08002dcc   Section        0  stm32f1xx_hal_uart.o(i.UART_DMAAbortOnError)
    UART_DMAAbortOnError                     0x08002dcd   Thumb Code    16  stm32f1xx_hal_uart.o(i.UART_DMAAbortOnError)
    i.UART_DMAError                          0x08002ddc   Section        0  stm32f1xx_hal_uart.o(i.UART_DMAError)
    UART_DMAError                            0x08002ddd   Thumb Code    74  stm32f1xx_hal_uart.o(i.UART_DMAError)
    i.UART_DMAReceiveCplt                    0x08002e26   Section        0  stm32f1xx_hal_uart.o(i.UART_DMAReceiveCplt)
    UART_DMAReceiveCplt                      0x08002e27   Thumb Code    60  stm32f1xx_hal_uart.o(i.UART_DMAReceiveCplt)
    i.UART_DMARxHalfCplt                     0x08002e62   Section        0  stm32f1xx_hal_uart.o(i.UART_DMARxHalfCplt)
    UART_DMARxHalfCplt                       0x08002e63   Thumb Code    10  stm32f1xx_hal_uart.o(i.UART_DMARxHalfCplt)
    i.UART_EndRxTransfer                     0x08002e6c   Section        0  stm32f1xx_hal_uart.o(i.UART_EndRxTransfer)
    UART_EndRxTransfer                       0x08002e6d   Thumb Code    28  stm32f1xx_hal_uart.o(i.UART_EndRxTransfer)
    i.UART_EndTxTransfer                     0x08002e88   Section        0  stm32f1xx_hal_uart.o(i.UART_EndTxTransfer)
    UART_EndTxTransfer                       0x08002e89   Thumb Code    18  stm32f1xx_hal_uart.o(i.UART_EndTxTransfer)
    i.UART_Receive_IT                        0x08002e9a   Section        0  stm32f1xx_hal_uart.o(i.UART_Receive_IT)
    UART_Receive_IT                          0x08002e9b   Thumb Code   150  stm32f1xx_hal_uart.o(i.UART_Receive_IT)
    i.UART_SetConfig                         0x08002f30   Section        0  stm32f1xx_hal_uart.o(i.UART_SetConfig)
    UART_SetConfig                           0x08002f31   Thumb Code   178  stm32f1xx_hal_uart.o(i.UART_SetConfig)
    i.UART_Transmit_IT                       0x08002fe8   Section        0  stm32f1xx_hal_uart.o(i.UART_Transmit_IT)
    UART_Transmit_IT                         0x08002fe9   Thumb Code    98  stm32f1xx_hal_uart.o(i.UART_Transmit_IT)
    i.UART_WaitOnFlagUntilTimeout            0x0800304a   Section        0  stm32f1xx_hal_uart.o(i.UART_WaitOnFlagUntilTimeout)
    UART_WaitOnFlagUntilTimeout              0x0800304b   Thumb Code   100  stm32f1xx_hal_uart.o(i.UART_WaitOnFlagUntilTimeout)
    i.USART1_IRQHandler                      0x080030b0   Section        0  stm32f1xx_it.o(i.USART1_IRQHandler)
    i.USART2_IRQHandler                      0x080030bc   Section        0  stm32f1xx_it.o(i.USART2_IRQHandler)
    i.USART3_IRQHandler                      0x080030c8   Section        0  stm32f1xx_it.o(i.USART3_IRQHandler)
    i.UsageFault_Handler                     0x080030d4   Section        0  stm32f1xx_it.o(i.UsageFault_Handler)
    i.WheelTask                              0x080030d8   Section        0  main.o(i.WheelTask)
    i.__0sprintf$2                           0x08003100   Section        0  printf2.o(i.__0sprintf$2)
    i.__NVIC_SetPriority                     0x08003128   Section        0  stm32f1xx_hal_cortex.o(i.__NVIC_SetPriority)
    __NVIC_SetPriority                       0x08003129   Thumb Code    32  stm32f1xx_hal_cortex.o(i.__NVIC_SetPriority)
    i.__scatterload_copy                     0x08003148   Section       14  handlers.o(i.__scatterload_copy)
    i.__scatterload_null                     0x08003156   Section        2  handlers.o(i.__scatterload_null)
    i.__scatterload_zeroinit                 0x08003158   Section       14  handlers.o(i.__scatterload_zeroinit)
    i._printf_core                           0x08003166   Section        0  printf2.o(i._printf_core)
    _printf_core                             0x08003167   Thumb Code   214  printf2.o(i._printf_core)
    i._sputc                                 0x0800323c   Section        0  printf2.o(i._sputc)
    _sputc                                   0x0800323d   Thumb Code    10  printf2.o(i._sputc)
    i.getbyteUart                            0x08003248   Section        0  stm_uart.o(i.getbyteUart)
    i.main                                   0x08003278   Section        0  main.o(i.main)
    i.makeFreeRtosPriority                   0x08003474   Section        0  cmsis_os.o(i.makeFreeRtosPriority)
    makeFreeRtosPriority                     0x08003475   Thumb Code    12  cmsis_os.o(i.makeFreeRtosPriority)
    i.osDelay                                0x08003480   Section        0  cmsis_os.o(i.osDelay)
    i.osKernelStart                          0x0800348e   Section        0  cmsis_os.o(i.osKernelStart)
    i.osMutexCreate                          0x08003498   Section        0  cmsis_os.o(i.osMutexCreate)
    i.osThreadCreate                         0x0800349e   Section        0  cmsis_os.o(i.osThreadCreate)
    i.prvAddCurrentTaskToDelayedList         0x080034cc   Section        0  tasks.o(i.prvAddCurrentTaskToDelayedList)
    prvAddCurrentTaskToDelayedList           0x080034cd   Thumb Code   102  tasks.o(i.prvAddCurrentTaskToDelayedList)
    i.prvAddNewTaskToReadyList               0x0800353c   Section        0  tasks.o(i.prvAddNewTaskToReadyList)
    prvAddNewTaskToReadyList                 0x0800353d   Thumb Code   194  tasks.o(i.prvAddNewTaskToReadyList)
    i.prvCopyDataToQueue                     0x0800360c   Section        0  queue.o(i.prvCopyDataToQueue)
    prvCopyDataToQueue                       0x0800360d   Thumb Code   108  queue.o(i.prvCopyDataToQueue)
    i.prvDeleteTCB                           0x08003678   Section        0  tasks.o(i.prvDeleteTCB)
    prvDeleteTCB                             0x08003679   Thumb Code    20  tasks.o(i.prvDeleteTCB)
    i.prvHeapInit                            0x0800368c   Section        0  heap_4.o(i.prvHeapInit)
    prvHeapInit                              0x0800368d   Thumb Code    66  heap_4.o(i.prvHeapInit)
    i.prvIdleTask                            0x080036d8   Section        0  tasks.o(i.prvIdleTask)
    prvIdleTask                              0x080036d9   Thumb Code    82  tasks.o(i.prvIdleTask)
    i.prvInitialiseNewTask                   0x08003738   Section        0  tasks.o(i.prvInitialiseNewTask)
    prvInitialiseNewTask                     0x08003739   Thumb Code   142  tasks.o(i.prvInitialiseNewTask)
    i.prvInsertBlockIntoFreeList             0x080037c8   Section        0  heap_4.o(i.prvInsertBlockIntoFreeList)
    prvInsertBlockIntoFreeList               0x080037c9   Thumb Code    72  heap_4.o(i.prvInsertBlockIntoFreeList)
    i.prvResetNextTaskUnblockTime            0x08003814   Section        0  tasks.o(i.prvResetNextTaskUnblockTime)
    prvResetNextTaskUnblockTime              0x08003815   Thumb Code    26  tasks.o(i.prvResetNextTaskUnblockTime)
    i.prvTaskExitError                       0x08003834   Section        0  port.o(i.prvTaskExitError)
    prvTaskExitError                         0x08003835   Thumb Code    36  port.o(i.prvTaskExitError)
    i.prvUnlockQueue                         0x0800385c   Section        0  queue.o(i.prvUnlockQueue)
    prvUnlockQueue                           0x0800385d   Thumb Code   106  queue.o(i.prvUnlockQueue)
    i.pvPortMalloc                           0x080038c8   Section        0  heap_4.o(i.pvPortMalloc)
    i.pxPortInitialiseStack                  0x080039a0   Section        0  port.o(i.pxPortInitialiseStack)
    i.uxListRemove                           0x080039c4   Section        0  list.o(i.uxListRemove)
    i.vListInitialise                        0x080039ea   Section        0  list.o(i.vListInitialise)
    i.vListInitialiseItem                    0x08003a00   Section        0  list.o(i.vListInitialiseItem)
    i.vListInsert                            0x08003a06   Section        0  list.o(i.vListInsert)
    i.vListInsertEnd                         0x08003a36   Section        0  list.o(i.vListInsertEnd)
    i.vPortEnterCritical                     0x08003a50   Section        0  port.o(i.vPortEnterCritical)
    i.vPortExitCritical                      0x08003a90   Section        0  port.o(i.vPortExitCritical)
    i.vPortFree                              0x08003ab8   Section        0  heap_4.o(i.vPortFree)
    i.vPortSetupTimerInterrupt               0x08003b14   Section        0  port.o(i.vPortSetupTimerInterrupt)
    i.vTaskDelay                             0x08003b38   Section        0  tasks.o(i.vTaskDelay)
    i.vTaskInternalSetTimeOutState           0x08003b84   Section        0  tasks.o(i.vTaskInternalSetTimeOutState)
    i.vTaskMissedYield                       0x08003b94   Section        0  tasks.o(i.vTaskMissedYield)
    i.vTaskPlaceOnEventList                  0x08003ba0   Section        0  tasks.o(i.vTaskPlaceOnEventList)
    i.vTaskStartScheduler                    0x08003bd0   Section        0  tasks.o(i.vTaskStartScheduler)
    i.vTaskSuspendAll                        0x08003c38   Section        0  tasks.o(i.vTaskSuspendAll)
    i.vTaskSwitchContext                     0x08003c48   Section        0  tasks.o(i.vTaskSwitchContext)
    i.xPortStartScheduler                    0x08003ca4   Section        0  port.o(i.xPortStartScheduler)
    i.xPortSysTickHandler                    0x08003d4c   Section        0  port.o(i.xPortSysTickHandler)
    i.xQueueCreateMutex                      0x08003d78   Section        0  queue.o(i.xQueueCreateMutex)
    i.xQueueGenericCreate                    0x08003d9c   Section        0  queue.o(i.xQueueGenericCreate)
    i.xQueueGenericReset                     0x08003de4   Section        0  queue.o(i.xQueueGenericReset)
    i.xQueueGenericSend                      0x08003e6c   Section        0  queue.o(i.xQueueGenericSend)
    i.xTaskCheckForTimeOut                   0x08003fcc   Section        0  tasks.o(i.xTaskCheckForTimeOut)
    i.xTaskCreate                            0x08004040   Section        0  tasks.o(i.xTaskCreate)
    i.xTaskGetSchedulerState                 0x08004098   Section        0  tasks.o(i.xTaskGetSchedulerState)
    i.xTaskIncrementTick                     0x080040b4   Section        0  tasks.o(i.xTaskIncrementTick)
    i.xTaskPriorityDisinherit                0x0800417c   Section        0  tasks.o(i.xTaskPriorityDisinherit)
    i.xTaskRemoveFromEventList               0x08004214   Section        0  tasks.o(i.xTaskRemoveFromEventList)
    i.xTaskResumeAll                         0x08004288   Section        0  tasks.o(i.xTaskResumeAll)
    .constdata                               0x0800434c   Section       60  main.o(.constdata)
    .constdata                               0x08004388   Section       16  system_stm32f1xx.o(.constdata)
    .constdata                               0x08004398   Section        8  system_stm32f1xx.o(.constdata)
    .conststring                             0x080043a0   Section       35  main.o(.conststring)
    .data                                    0x20000000   Section        3  stm_uart.o(.data)
    .data                                    0x20000004   Section       24  main.o(.data)
    .data                                    0x2000001c   Section       12  stm32f1xx_hal.o(.data)
    .data                                    0x20000028   Section        4  system_stm32f1xx.o(.data)
    .data                                    0x2000002c   Section       60  tasks.o(.data)
    pxDelayedTaskList                        0x20000030   Data           4  tasks.o(.data)
    pxOverflowDelayedTaskList                0x20000034   Data           4  tasks.o(.data)
    uxDeletedTasksWaitingCleanUp             0x20000038   Data           4  tasks.o(.data)
    uxCurrentNumberOfTasks                   0x2000003c   Data           4  tasks.o(.data)
    xTickCount                               0x20000040   Data           4  tasks.o(.data)
    uxTopReadyPriority                       0x20000044   Data           4  tasks.o(.data)
    xSchedulerRunning                        0x20000048   Data           4  tasks.o(.data)
    uxPendedTicks                            0x2000004c   Data           4  tasks.o(.data)
    xYieldPending                            0x20000050   Data           4  tasks.o(.data)
    xNumOfOverflows                          0x20000054   Data           4  tasks.o(.data)
    uxTaskNumber                             0x20000058   Data           4  tasks.o(.data)
    xNextTaskUnblockTime                     0x2000005c   Data           4  tasks.o(.data)
    xIdleTaskHandle                          0x20000060   Data           4  tasks.o(.data)
    uxSchedulerSuspended                     0x20000064   Data           4  tasks.o(.data)
    .data                                    0x20000068   Section       24  heap_4.o(.data)
    pxEnd                                    0x20000068   Data           4  heap_4.o(.data)
    xFreeBytesRemaining                      0x2000006c   Data           4  heap_4.o(.data)
    xMinimumEverFreeBytesRemaining           0x20000070   Data           4  heap_4.o(.data)
    xBlockAllocatedBit                       0x20000074   Data           4  heap_4.o(.data)
    xStart                                   0x20000078   Data           8  heap_4.o(.data)
    .data                                    0x20000080   Section       12  port.o(.data)
    ucMaxSysCallPriority                     0x20000080   Data           1  port.o(.data)
    uxCriticalNesting                        0x20000084   Data           4  port.o(.data)
    ulMaxPRIGROUPValue                       0x20000088   Data           4  port.o(.data)
    .bss                                     0x2000008c   Section     1032  stm_uart.o(.bss)
    .bss                                     0x20000494   Section      964  main.o(.bss)
    .bss                                     0x20000858   Section       68  main.o(.bss)
    .bss                                     0x2000089c   Section       68  main.o(.bss)
    .bss                                     0x200008e0   Section       68  main.o(.bss)
    .bss                                     0x20000924   Section       68  main.o(.bss)
    .bss                                     0x20000968   Section       68  main.o(.bss)
    .bss                                     0x200009ac   Section       68  main.o(.bss)
    .bss                                     0x200009f0   Section       68  main.o(.bss)
    .bss                                     0x20000a34   Section      240  tasks.o(.bss)
    pxReadyTasksLists                        0x20000a34   Data         140  tasks.o(.bss)
    xDelayedTaskList1                        0x20000ac0   Data          20  tasks.o(.bss)
    xDelayedTaskList2                        0x20000ad4   Data          20  tasks.o(.bss)
    xPendingReadyList                        0x20000ae8   Data          20  tasks.o(.bss)
    xTasksWaitingTermination                 0x20000afc   Data          20  tasks.o(.bss)
    xSuspendedTaskList                       0x20000b10   Data          20  tasks.o(.bss)
    .bss                                     0x20000b24   Section     3072  heap_4.o(.bss)
    ucHeap                                   0x20000b24   Data        3072  heap_4.o(.bss)
    STACK                                    0x20001728   Section     1024  startup_stm32f103xe.o(STACK)

    Global Symbols

    Symbol Name                              Value     Ov Type        Size  Object(Section)

    BuildAttributes$$THM_ISAv4$P$D$K$B$S$PE$A:L22UL41UL21$X:L11$S22US41US21$IEEE1$IW$USESV6$~STKCKD$USESV7$~SHL$OSPACE$ROPI$EBA8$MICROLIB$REQ8$PRES8$EABIv2 0x00000000   Number         0  anon$$obj.o ABSOLUTE
    __ARM_use_no_argv                        0x00000000   Number         0  main.o ABSOLUTE
    _printf_a                                0x00000000   Number         0  stubs.o ABSOLUTE
    _printf_c                                0x00000000   Number         0  stubs.o ABSOLUTE
    _printf_charcount                        0x00000000   Number         0  stubs.o ABSOLUTE
    _printf_d                                0x00000000   Number         0  stubs.o ABSOLUTE
    _printf_e                                0x00000000   Number         0  stubs.o ABSOLUTE
    _printf_f                                0x00000000   Number         0  stubs.o ABSOLUTE
    _printf_flags                            0x00000000   Number         0  stubs.o ABSOLUTE
    _printf_fp_dec                           0x00000000   Number         0  stubs.o ABSOLUTE
    _printf_fp_hex                           0x00000000   Number         0  stubs.o ABSOLUTE
    _printf_g                                0x00000000   Number         0  stubs.o ABSOLUTE
    _printf_i                                0x00000000   Number         0  stubs.o ABSOLUTE
    _printf_int_dec                          0x00000000   Number         0  stubs.o ABSOLUTE
    _printf_l                                0x00000000   Number         0  stubs.o ABSOLUTE
    _printf_lc                               0x00000000   Number         0  stubs.o ABSOLUTE
    _printf_ll                               0x00000000   Number         0  stubs.o ABSOLUTE
    _printf_lld                              0x00000000   Number         0  stubs.o ABSOLUTE
    _printf_lli                              0x00000000   Number         0  stubs.o ABSOLUTE
    _printf_llo                              0x00000000   Number         0  stubs.o ABSOLUTE
    _printf_llu                              0x00000000   Number         0  stubs.o ABSOLUTE
    _printf_llx                              0x00000000   Number         0  stubs.o ABSOLUTE
    _printf_longlong_dec                     0x00000000   Number         0  stubs.o ABSOLUTE
    _printf_longlong_hex                     0x00000000   Number         0  stubs.o ABSOLUTE
    _printf_longlong_oct                     0x00000000   Number         0  stubs.o ABSOLUTE
    _printf_ls                               0x00000000   Number         0  stubs.o ABSOLUTE
    _printf_mbtowc                           0x00000000   Number         0  stubs.o ABSOLUTE
    _printf_n                                0x00000000   Number         0  stubs.o ABSOLUTE
    _printf_o                                0x00000000   Number         0  stubs.o ABSOLUTE
    _printf_p                                0x00000000   Number         0  stubs.o ABSOLUTE
    _printf_percent                          0x00000000   Number         0  stubs.o ABSOLUTE
    _printf_pre_padding                      0x00000000   Number         0  stubs.o ABSOLUTE
    _printf_return_value                     0x00000000   Number         0  stubs.o ABSOLUTE
    _printf_s                                0x00000000   Number         0  stubs.o ABSOLUTE
    _printf_sizespec                         0x00000000   Number         0  stubs.o ABSOLUTE
    _printf_str                              0x00000000   Number         0  stubs.o ABSOLUTE
    _printf_truncate_signed                  0x00000000   Number         0  stubs.o ABSOLUTE
    _printf_truncate_unsigned                0x00000000   Number         0  stubs.o ABSOLUTE
    _printf_u                                0x00000000   Number         0  stubs.o ABSOLUTE
    _printf_wc                               0x00000000   Number         0  stubs.o ABSOLUTE
    _printf_wctomb                           0x00000000   Number         0  stubs.o ABSOLUTE
    _printf_widthprec                        0x00000000   Number         0  stubs.o ABSOLUTE
    _printf_x                                0x00000000   Number         0  stubs.o ABSOLUTE
    __cpp_initialize__aeabi_                  - Undefined Weak Reference
    __cxa_finalize                            - Undefined Weak Reference
    __decompress                              - Undefined Weak Reference
    _clock_init                               - Undefined Weak Reference
    _microlib_exit                            - Undefined Weak Reference
    __Vectors_Size                           0x00000130   Number         0  startup_stm32f103xe.o ABSOLUTE
    __Vectors                                0x08000000   Data           4  startup_stm32f103xe.o(RESET)
    __Vectors_End                            0x08000130   Data           0  startup_stm32f103xe.o(RESET)
    __main                                   0x08000131   Thumb Code     0  entry.o(.ARM.Collect$$$$00000000)
    _main_stk                                0x08000131   Thumb Code     0  entry2.o(.ARM.Collect$$$$00000001)
    _main_scatterload                        0x08000135   Thumb Code     0  entry5.o(.ARM.Collect$$$$00000004)
    __main_after_scatterload                 0x08000139   Thumb Code     0  entry5.o(.ARM.Collect$$$$00000004)
    _main_clock                              0x08000139   Thumb Code     0  entry7b.o(.ARM.Collect$$$$00000008)
    _main_cpp_init                           0x08000139   Thumb Code     0  entry8b.o(.ARM.Collect$$$$0000000A)
    _main_init                               0x08000139   Thumb Code     0  entry9a.o(.ARM.Collect$$$$0000000B)
    __rt_final_cpp                           0x08000141   Thumb Code     0  entry10a.o(.ARM.Collect$$$$0000000D)
    __rt_final_exit                          0x08000141   Thumb Code     0  entry11a.o(.ARM.Collect$$$$0000000F)
    SVC_Handler                              0x08000145   Thumb Code    32  port.o(.emb_text)
    __asm___6_port_c_39a90d8d__prvStartFirstTask 0x08000169   Thumb Code    28  port.o(.emb_text)
    PendSV_Handler                           0x08000189   Thumb Code    72  port.o(.emb_text)
    vPortGetIPSR                             0x080001d5   Thumb Code     6  port.o(.emb_text)
    Reset_Handler                            0x080001dd   Thumb Code     8  startup_stm32f103xe.o(.text)
    ADC3_IRQHandler                          0x080001f7   Thumb Code     0  startup_stm32f103xe.o(.text)
    CAN1_RX1_IRQHandler                      0x080001f7   Thumb Code     0  startup_stm32f103xe.o(.text)
    CAN1_SCE_IRQHandler                      0x080001f7   Thumb Code     0  startup_stm32f103xe.o(.text)
    DMA2_Channel1_IRQHandler                 0x080001f7   Thumb Code     0  startup_stm32f103xe.o(.text)
    DMA2_Channel2_IRQHandler                 0x080001f7   Thumb Code     0  startup_stm32f103xe.o(.text)
    DMA2_Channel3_IRQHandler                 0x080001f7   Thumb Code     0  startup_stm32f103xe.o(.text)
    DMA2_Channel4_5_IRQHandler               0x080001f7   Thumb Code     0  startup_stm32f103xe.o(.text)
    EXTI0_IRQHandler                         0x080001f7   Thumb Code     0  startup_stm32f103xe.o(.text)
    EXTI15_10_IRQHandler                     0x080001f7   Thumb Code     0  startup_stm32f103xe.o(.text)
    EXTI1_IRQHandler                         0x080001f7   Thumb Code     0  startup_stm32f103xe.o(.text)
    EXTI2_IRQHandler                         0x080001f7   Thumb Code     0  startup_stm32f103xe.o(.text)
    EXTI3_IRQHandler                         0x080001f7   Thumb Code     0  startup_stm32f103xe.o(.text)
    EXTI4_IRQHandler                         0x080001f7   Thumb Code     0  startup_stm32f103xe.o(.text)
    EXTI9_5_IRQHandler                       0x080001f7   Thumb Code     0  startup_stm32f103xe.o(.text)
    FLASH_IRQHandler                         0x080001f7   Thumb Code     0  startup_stm32f103xe.o(.text)
    FSMC_IRQHandler                          0x080001f7   Thumb Code     0  startup_stm32f103xe.o(.text)
    I2C1_ER_IRQHandler                       0x080001f7   Thumb Code     0  startup_stm32f103xe.o(.text)
    I2C1_EV_IRQHandler                       0x080001f7   Thumb Code     0  startup_stm32f103xe.o(.text)
    I2C2_ER_IRQHandler                       0x080001f7   Thumb Code     0  startup_stm32f103xe.o(.text)
    I2C2_EV_IRQHandler                       0x080001f7   Thumb Code     0  startup_stm32f103xe.o(.text)
    PVD_IRQHandler                           0x080001f7   Thumb Code     0  startup_stm32f103xe.o(.text)
    RCC_IRQHandler                           0x080001f7   Thumb Code     0  startup_stm32f103xe.o(.text)
    RTC_Alarm_IRQHandler                     0x080001f7   Thumb Code     0  startup_stm32f103xe.o(.text)
    SDIO_IRQHandler                          0x080001f7   Thumb Code     0  startup_stm32f103xe.o(.text)
    SPI1_IRQHandler                          0x080001f7   Thumb Code     0  startup_stm32f103xe.o(.text)
    SPI2_IRQHandler                          0x080001f7   Thumb Code     0  startup_stm32f103xe.o(.text)
    SPI3_IRQHandler                          0x080001f7   Thumb Code     0  startup_stm32f103xe.o(.text)
    TAMPER_IRQHandler                        0x080001f7   Thumb Code     0  startup_stm32f103xe.o(.text)
    TIM1_BRK_IRQHandler                      0x080001f7   Thumb Code     0  startup_stm32f103xe.o(.text)
    TIM1_CC_IRQHandler                       0x080001f7   Thumb Code     0  startup_stm32f103xe.o(.text)
    TIM1_TRG_COM_IRQHandler                  0x080001f7   Thumb Code     0  startup_stm32f103xe.o(.text)
    TIM1_UP_IRQHandler                       0x080001f7   Thumb Code     0  startup_stm32f103xe.o(.text)
    TIM4_IRQHandler                          0x080001f7   Thumb Code     0  startup_stm32f103xe.o(.text)
    TIM6_IRQHandler                          0x080001f7   Thumb Code     0  startup_stm32f103xe.o(.text)
    TIM7_IRQHandler                          0x080001f7   Thumb Code     0  startup_stm32f103xe.o(.text)
    TIM8_BRK_IRQHandler                      0x080001f7   Thumb Code     0  startup_stm32f103xe.o(.text)
    TIM8_CC_IRQHandler                       0x080001f7   Thumb Code     0  startup_stm32f103xe.o(.text)
    TIM8_TRG_COM_IRQHandler                  0x080001f7   Thumb Code     0  startup_stm32f103xe.o(.text)
    TIM8_UP_IRQHandler                       0x080001f7   Thumb Code     0  startup_stm32f103xe.o(.text)
    UART4_IRQHandler                         0x080001f7   Thumb Code     0  startup_stm32f103xe.o(.text)
    UART5_IRQHandler                         0x080001f7   Thumb Code     0  startup_stm32f103xe.o(.text)
    USBWakeUp_IRQHandler                     0x080001f7   Thumb Code     0  startup_stm32f103xe.o(.text)
    USB_HP_CAN1_TX_IRQHandler                0x080001f7   Thumb Code     0  startup_stm32f103xe.o(.text)
    USB_LP_CAN1_RX0_IRQHandler               0x080001f7   Thumb Code     0  startup_stm32f103xe.o(.text)
    WWDG_IRQHandler                          0x080001f7   Thumb Code     0  startup_stm32f103xe.o(.text)
    __aeabi_memcpy                           0x08000201   Thumb Code    36  memcpya.o(.text)
    __aeabi_memcpy4                          0x08000201   Thumb Code     0  memcpya.o(.text)
    __aeabi_memcpy8                          0x08000201   Thumb Code     0  memcpya.o(.text)
    __aeabi_memset                           0x08000225   Thumb Code    14  memseta.o(.text)
    __aeabi_memset4                          0x08000225   Thumb Code     0  memseta.o(.text)
    __aeabi_memset8                          0x08000225   Thumb Code     0  memseta.o(.text)
    __aeabi_memclr                           0x08000233   Thumb Code     4  memseta.o(.text)
    __aeabi_memclr4                          0x08000233   Thumb Code     0  memseta.o(.text)
    __aeabi_memclr8                          0x08000233   Thumb Code     0  memseta.o(.text)
    memset                                   0x08000237   Thumb Code    18  memseta.o(.text)
    strlen                                   0x08000249   Thumb Code    14  strlen.o(.text)
    __scatterload                            0x08000259   Thumb Code    28  init.o(.text)
    __scatterload_rt2                        0x08000259   Thumb Code     0  init.o(.text)
    ADC1_2_IRQHandler                        0x0800027d   Thumb Code     6  stm32f1xx_it.o(i.ADC1_2_IRQHandler)
    ADC_ConversionStop_Disable               0x08000289   Thumb Code    76  stm32f1xx_hal_adc.o(i.ADC_ConversionStop_Disable)
    ADC_DMAConvCplt                          0x080002d5   Thumb Code    78  stm32f1xx_hal_adc.o(i.ADC_DMAConvCplt)
    ADC_DMAError                             0x08000323   Thumb Code    26  stm32f1xx_hal_adc.o(i.ADC_DMAError)
    ADC_DMAHalfConvCplt                      0x0800033d   Thumb Code    10  stm32f1xx_hal_adc.o(i.ADC_DMAHalfConvCplt)
    ADC_Enable                               0x08000349   Thumb Code   104  stm32f1xx_hal_adc.o(i.ADC_Enable)
    ArmTask                                  0x080003b9   Thumb Code    28  main.o(i.ArmTask)
    BusFault_Handler                         0x080003dd   Thumb Code     2  stm32f1xx_it.o(i.BusFault_Handler)
    DMA1_Channel1_IRQHandler                 0x080003e1   Thumb Code     6  stm32f1xx_it.o(i.DMA1_Channel1_IRQHandler)
    DMA1_Channel2_IRQHandler                 0x080003ed   Thumb Code     6  stm32f1xx_it.o(i.DMA1_Channel2_IRQHandler)
    DMA1_Channel3_IRQHandler                 0x080003f9   Thumb Code     6  stm32f1xx_it.o(i.DMA1_Channel3_IRQHandler)
    DMA1_Channel4_IRQHandler                 0x08000405   Thumb Code     6  stm32f1xx_it.o(i.DMA1_Channel4_IRQHandler)
    DMA1_Channel5_IRQHandler                 0x08000411   Thumb Code     6  stm32f1xx_it.o(i.DMA1_Channel5_IRQHandler)
    DMA1_Channel6_IRQHandler                 0x0800041d   Thumb Code     6  stm32f1xx_it.o(i.DMA1_Channel6_IRQHandler)
    DMA1_Channel7_IRQHandler                 0x08000429   Thumb Code     6  stm32f1xx_it.o(i.DMA1_Channel7_IRQHandler)
    DebugMon_Handler                         0x0800045f   Thumb Code     2  stm32f1xx_it.o(i.DebugMon_Handler)
    Error_Handler                            0x08000461   Thumb Code     2  main.o(i.Error_Handler)
    HAL_ADCEx_InjectedConvCpltCallback       0x08000463   Thumb Code     2  stm32f1xx_hal_adc_ex.o(i.HAL_ADCEx_InjectedConvCpltCallback)
    HAL_ADC_ConfigChannel                    0x08000465   Thumb Code   240  stm32f1xx_hal_adc.o(i.HAL_ADC_ConfigChannel)
    HAL_ADC_ConvCpltCallback                 0x08000561   Thumb Code    32  main.o(i.HAL_ADC_ConvCpltCallback)
    HAL_ADC_ConvHalfCpltCallback             0x08000589   Thumb Code     2  stm32f1xx_hal_adc.o(i.HAL_ADC_ConvHalfCpltCallback)
    HAL_ADC_ErrorCallback                    0x0800058b   Thumb Code     2  stm32f1xx_hal_adc.o(i.HAL_ADC_ErrorCallback)
    HAL_ADC_IRQHandler                       0x0800058d   Thumb Code   230  stm32f1xx_hal_adc.o(i.HAL_ADC_IRQHandler)
    HAL_ADC_Init                             0x08000675   Thumb Code   272  stm32f1xx_hal_adc.o(i.HAL_ADC_Init)
    HAL_ADC_LevelOutOfWindowCallback         0x08000795   Thumb Code     2  stm32f1xx_hal_adc.o(i.HAL_ADC_LevelOutOfWindowCallback)
    HAL_ADC_MspInit                          0x08000799   Thumb Code   168  stm32f1xx_hal_msp.o(i.HAL_ADC_MspInit)
    HAL_ADC_Start_DMA                        0x08000859   Thumb Code   246  stm32f1xx_hal_adc.o(i.HAL_ADC_Start_DMA)
    HAL_ADC_Start_IT                         0x08000965   Thumb Code   194  stm32f1xx_hal_adc.o(i.HAL_ADC_Start_IT)
    HAL_DMA_Abort_IT                         0x08000a31   Thumb Code   296  stm32f1xx_hal_dma.o(i.HAL_DMA_Abort_IT)
    HAL_DMA_IRQHandler                       0x08000b61   Thumb Code   552  stm32f1xx_hal_dma.o(i.HAL_DMA_IRQHandler)
    HAL_DMA_Init                             0x08000da9   Thumb Code   112  stm32f1xx_hal_dma.o(i.HAL_DMA_Init)
    HAL_DMA_Start_IT                         0x08000e25   Thumb Code   112  stm32f1xx_hal_dma.o(i.HAL_DMA_Start_IT)
    HAL_GPIO_Init                            0x08000e95   Thumb Code   462  stm32f1xx_hal_gpio.o(i.HAL_GPIO_Init)
    HAL_GPIO_WritePin                        0x0800108d   Thumb Code    10  stm32f1xx_hal_gpio.o(i.HAL_GPIO_WritePin)
    HAL_GetTick                              0x08001099   Thumb Code     6  stm32f1xx_hal.o(i.HAL_GetTick)
    HAL_IncTick                              0x080010a5   Thumb Code    12  stm32f1xx_hal.o(i.HAL_IncTick)
    HAL_Init                                 0x080010b5   Thumb Code    32  stm32f1xx_hal.o(i.HAL_Init)
    HAL_InitTick                             0x080010d9   Thumb Code    54  stm32f1xx_hal.o(i.HAL_InitTick)
    HAL_MspInit                              0x08001119   Thumb Code    62  stm32f1xx_hal_msp.o(i.HAL_MspInit)
    HAL_NVIC_EnableIRQ                       0x08001161   Thumb Code    26  stm32f1xx_hal_cortex.o(i.HAL_NVIC_EnableIRQ)
    HAL_NVIC_SetPriority                     0x0800117d   Thumb Code    60  stm32f1xx_hal_cortex.o(i.HAL_NVIC_SetPriority)
    HAL_NVIC_SetPriorityGrouping             0x080011bd   Thumb Code    26  stm32f1xx_hal_cortex.o(i.HAL_NVIC_SetPriorityGrouping)
    HAL_PWR_EnableBkUpAccess                 0x080011e1   Thumb Code     8  stm32f1xx_hal_pwr.o(i.HAL_PWR_EnableBkUpAccess)
    HAL_RCCEx_GetPeriphCLKFreq               0x080011ed   Thumb Code   180  stm32f1xx_hal_rcc_ex.o(i.HAL_RCCEx_GetPeriphCLKFreq)
    HAL_RCCEx_PeriphCLKConfig                0x080012c1   Thumb Code   224  stm32f1xx_hal_rcc_ex.o(i.HAL_RCCEx_PeriphCLKConfig)
    HAL_RCC_ClockConfig                      0x080013ad   Thumb Code   280  stm32f1xx_hal_rcc.o(i.HAL_RCC_ClockConfig)
    HAL_RCC_GetPCLK1Freq                     0x080014d9   Thumb Code    20  stm32f1xx_hal_rcc.o(i.HAL_RCC_GetPCLK1Freq)
    HAL_RCC_GetPCLK2Freq                     0x080014f9   Thumb Code    20  stm32f1xx_hal_rcc.o(i.HAL_RCC_GetPCLK2Freq)
    HAL_RCC_GetSysClockFreq                  0x08001519   Thumb Code    74  stm32f1xx_hal_rcc.o(i.HAL_RCC_GetSysClockFreq)
    HAL_RCC_OscConfig                        0x08001585   Thumb Code   778  stm32f1xx_hal_rcc.o(i.HAL_RCC_OscConfig)
    HAL_RTCEx_RTCEventCallback               0x080018a5   Thumb Code     2  stm32f1xx_hal_rtc_ex.o(i.HAL_RTCEx_RTCEventCallback)
    HAL_RTCEx_RTCEventErrorCallback          0x080018a7   Thumb Code     2  stm32f1xx_hal_rtc_ex.o(i.HAL_RTCEx_RTCEventErrorCallback)
    HAL_RTCEx_RTCIRQHandler                  0x080018a9   Thumb Code    60  stm32f1xx_hal_rtc_ex.o(i.HAL_RTCEx_RTCIRQHandler)
    HAL_RTC_Init                             0x080018e5   Thumb Code   154  stm32f1xx_hal_rtc.o(i.HAL_RTC_Init)
    HAL_RTC_MspInit                          0x08001985   Thumb Code    60  stm32f1xx_hal_msp.o(i.HAL_RTC_MspInit)
    HAL_RTC_WaitForSynchro                   0x080019cd   Thumb Code    58  stm32f1xx_hal_rtc.o(i.HAL_RTC_WaitForSynchro)
    HAL_SYSTICK_Config                       0x08001a07   Thumb Code    40  stm32f1xx_hal_cortex.o(i.HAL_SYSTICK_Config)
    HAL_TIMEx_ConfigBreakDeadTime            0x08001a2f   Thumb Code    84  stm32f1xx_hal_tim_ex.o(i.HAL_TIMEx_ConfigBreakDeadTime)
    HAL_TIMEx_MasterConfigSynchronization    0x08001a83   Thumb Code    66  stm32f1xx_hal_tim_ex.o(i.HAL_TIMEx_MasterConfigSynchronization)
    HAL_TIM_Encoder_Init                     0x08001ac5   Thumb Code   152  stm32f1xx_hal_tim.o(i.HAL_TIM_Encoder_Init)
    HAL_TIM_Encoder_MspInit                  0x08001b5d   Thumb Code   288  stm32f1xx_hal_msp.o(i.HAL_TIM_Encoder_MspInit)
    HAL_TIM_Encoder_Start                    0x08001c9d   Thumb Code    52  stm32f1xx_hal_tim.o(i.HAL_TIM_Encoder_Start)
    HAL_TIM_MspPostInit                      0x08001cd1   Thumb Code    98  stm32f1xx_hal_msp.o(i.HAL_TIM_MspPostInit)
    HAL_TIM_PWM_ConfigChannel                0x08001d49   Thumb Code   208  stm32f1xx_hal_tim.o(i.HAL_TIM_PWM_ConfigChannel)
    HAL_TIM_PWM_Init                         0x08001e19   Thumb Code    54  stm32f1xx_hal_tim.o(i.HAL_TIM_PWM_Init)
    HAL_TIM_PWM_MspInit                      0x08001e51   Thumb Code    52  stm32f1xx_hal_msp.o(i.HAL_TIM_PWM_MspInit)
    HAL_TIM_PWM_Start                        0x08001e91   Thumb Code    58  stm32f1xx_hal_tim.o(i.HAL_TIM_PWM_Start)
    HAL_UART_ErrorCallback                   0x08001ed5   Thumb Code     2  stm32f1xx_hal_uart.o(i.HAL_UART_ErrorCallback)
    HAL_UART_IRQHandler                      0x08001ed9   Thumb Code   266  stm32f1xx_hal_uart.o(i.HAL_UART_IRQHandler)
    HAL_UART_Init                            0x08001fe9   Thumb Code    98  stm32f1xx_hal_uart.o(i.HAL_UART_Init)
    HAL_UART_MspInit                         0x0800204d   Thumb Code   614  stm32f1xx_hal_msp.o(i.HAL_UART_MspInit)
    HAL_UART_Receive_DMA                     0x080022e9   Thumb Code   138  stm32f1xx_hal_uart.o(i.HAL_UART_Receive_DMA)
    HAL_UART_RxCpltCallback                  0x08002381   Thumb Code   208  stm_uart.o(i.HAL_UART_RxCpltCallback)
    HAL_UART_RxHalfCpltCallback              0x0800247d   Thumb Code     2  stm_uart.o(i.HAL_UART_RxHalfCpltCallback)
    HAL_UART_Transmit                        0x0800247f   Thumb Code   186  stm32f1xx_hal_uart.o(i.HAL_UART_Transmit)
    HAL_UART_TxCpltCallback                  0x08002539   Thumb Code     2  stm32f1xx_hal_uart.o(i.HAL_UART_TxCpltCallback)
    HardFault_Handler                        0x0800253b   Thumb Code     2  stm32f1xx_it.o(i.HardFault_Handler)
    MainTask                                 0x0800299d   Thumb Code    60  main.o(i.MainTask)
    MemManage_Handler                        0x080029f1   Thumb Code     2  stm32f1xx_it.o(i.MemManage_Handler)
    NMI_Handler                              0x080029f3   Thumb Code     2  stm32f1xx_it.o(i.NMI_Handler)
    RTC_IRQHandler                           0x08002a61   Thumb Code     6  stm32f1xx_it.o(i.RTC_IRQHandler)
    Serial1_Println                          0x08002a6d   Thumb Code    42  stm_uart.o(i.Serial1_Println)
    Serial_available                         0x08002aa1   Thumb Code    28  stm_uart.o(i.Serial_available)
    Serial_read                              0x08002ac1   Thumb Code    10  stm_uart.o(i.Serial_read)
    SysTick_Handler                          0x08002acb   Thumb Code    24  stm32f1xx_it.o(i.SysTick_Handler)
    SystemClock_Config                       0x08002ae3   Thumb Code   110  main.o(i.SystemClock_Config)
    SystemInit                               0x08002b51   Thumb Code    56  system_stm32f1xx.o(i.SystemInit)
    TIM2_IRQHandler                          0x08002b99   Thumb Code     2  main.o(i.TIM2_IRQHandler)
    TIM3_IRQHandler                          0x08002b9b   Thumb Code     2  main.o(i.TIM3_IRQHandler)
    TIM5_IRQHandler                          0x08002b9d   Thumb Code     2  main.o(i.TIM5_IRQHandler)
    TIM_Base_SetConfig                       0x08002ba1   Thumb Code   120  stm32f1xx_hal_tim.o(i.TIM_Base_SetConfig)
    TIM_CCxChannelCmd                        0x08002c2d   Thumb Code    26  stm32f1xx_hal_tim.o(i.TIM_CCxChannelCmd)
    TIM_OC2_SetConfig                        0x08002ca9   Thumb Code    98  stm32f1xx_hal_tim.o(i.TIM_OC2_SetConfig)
    USART1_IRQHandler                        0x080030b1   Thumb Code     6  stm32f1xx_it.o(i.USART1_IRQHandler)
    USART2_IRQHandler                        0x080030bd   Thumb Code     6  stm32f1xx_it.o(i.USART2_IRQHandler)
    USART3_IRQHandler                        0x080030c9   Thumb Code     6  stm32f1xx_it.o(i.USART3_IRQHandler)
    UsageFault_Handler                       0x080030d5   Thumb Code     2  stm32f1xx_it.o(i.UsageFault_Handler)
    WheelTask                                0x080030d9   Thumb Code    30  main.o(i.WheelTask)
    __0sprintf$2                             0x08003101   Thumb Code    34  printf2.o(i.__0sprintf$2)
    __1sprintf$2                             0x08003101   Thumb Code     0  printf2.o(i.__0sprintf$2)
    __2sprintf                               0x08003101   Thumb Code     0  printf2.o(i.__0sprintf$2)
    __scatterload_copy                       0x08003149   Thumb Code    14  handlers.o(i.__scatterload_copy)
    __scatterload_null                       0x08003157   Thumb Code     2  handlers.o(i.__scatterload_null)
    __scatterload_zeroinit                   0x08003159   Thumb Code    14  handlers.o(i.__scatterload_zeroinit)
    getbyteUart                              0x08003249   Thumb Code    44  stm_uart.o(i.getbyteUart)
    main                                     0x08003279   Thumb Code   434  main.o(i.main)
    osDelay                                  0x08003481   Thumb Code    14  cmsis_os.o(i.osDelay)
    osKernelStart                            0x0800348f   Thumb Code    10  cmsis_os.o(i.osKernelStart)
    osMutexCreate                            0x08003499   Thumb Code     6  cmsis_os.o(i.osMutexCreate)
    osThreadCreate                           0x0800349f   Thumb Code    46  cmsis_os.o(i.osThreadCreate)
    pvPortMalloc                             0x080038c9   Thumb Code   210  heap_4.o(i.pvPortMalloc)
    pxPortInitialiseStack                    0x080039a1   Thumb Code    32  port.o(i.pxPortInitialiseStack)
    uxListRemove                             0x080039c5   Thumb Code    38  list.o(i.uxListRemove)
    vListInitialise                          0x080039eb   Thumb Code    22  list.o(i.vListInitialise)
    vListInitialiseItem                      0x08003a01   Thumb Code     6  list.o(i.vListInitialiseItem)
    vListInsert                              0x08003a07   Thumb Code    48  list.o(i.vListInsert)
    vListInsertEnd                           0x08003a37   Thumb Code    24  list.o(i.vListInsertEnd)
    vPortEnterCritical                       0x08003a51   Thumb Code    54  port.o(i.vPortEnterCritical)
    vPortExitCritical                        0x08003a91   Thumb Code    34  port.o(i.vPortExitCritical)
    vPortFree                                0x08003ab9   Thumb Code    88  heap_4.o(i.vPortFree)
    vPortSetupTimerInterrupt                 0x08003b15   Thumb Code    32  port.o(i.vPortSetupTimerInterrupt)
    vTaskDelay                               0x08003b39   Thumb Code    66  tasks.o(i.vTaskDelay)
    vTaskInternalSetTimeOutState             0x08003b85   Thumb Code    12  tasks.o(i.vTaskInternalSetTimeOutState)
    vTaskMissedYield                         0x08003b95   Thumb Code     8  tasks.o(i.vTaskMissedYield)
    vTaskPlaceOnEventList                    0x08003ba1   Thumb Code    44  tasks.o(i.vTaskPlaceOnEventList)
    vTaskStartScheduler                      0x08003bd1   Thumb Code    86  tasks.o(i.vTaskStartScheduler)
    vTaskSuspendAll                          0x08003c39   Thumb Code    10  tasks.o(i.vTaskSuspendAll)
    vTaskSwitchContext                       0x08003c49   Thumb Code    82  tasks.o(i.vTaskSwitchContext)
    xPortStartScheduler                      0x08003ca5   Thumb Code   154  port.o(i.xPortStartScheduler)
    xPortSysTickHandler                      0x08003d4d   Thumb Code    38  port.o(i.xPortSysTickHandler)
    xQueueCreateMutex                        0x08003d79   Thumb Code    36  queue.o(i.xQueueCreateMutex)
    xQueueGenericCreate                      0x08003d9d   Thumb Code    72  queue.o(i.xQueueGenericCreate)
    xQueueGenericReset                       0x08003de5   Thumb Code   132  queue.o(i.xQueueGenericReset)
    xQueueGenericSend                        0x08003e6d   Thumb Code   346  queue.o(i.xQueueGenericSend)
    xTaskCheckForTimeOut                     0x08003fcd   Thumb Code   112  tasks.o(i.xTaskCheckForTimeOut)
    xTaskCreate                              0x08004041   Thumb Code    86  tasks.o(i.xTaskCreate)
    xTaskGetSchedulerState                   0x08004099   Thumb Code    22  tasks.o(i.xTaskGetSchedulerState)
    xTaskIncrementTick                       0x080040b5   Thumb Code   192  tasks.o(i.xTaskIncrementTick)
    xTaskPriorityDisinherit                  0x0800417d   Thumb Code   144  tasks.o(i.xTaskPriorityDisinherit)
    xTaskRemoveFromEventList                 0x08004215   Thumb Code   108  tasks.o(i.xTaskRemoveFromEventList)
    xTaskResumeAll                           0x08004289   Thumb Code   182  tasks.o(i.xTaskResumeAll)
    AHBPrescTable                            0x08004388   Data          16  system_stm32f1xx.o(.constdata)
    APBPrescTable                            0x08004398   Data           8  system_stm32f1xx.o(.constdata)
    Region$$Table$$Base                      0x080043c4   Number         0  anon$$obj.o(Region$$Table)
    Region$$Table$$Limit                     0x080043e4   Number         0  anon$$obj.o(Region$$Table)
    stat1                                    0x20000000   Data           1  stm_uart.o(.data)
    stat2                                    0x20000001   Data           1  stm_uart.o(.data)
    stat3                                    0x20000002   Data           1  stm_uart.o(.data)
    LEDflage                                 0x20000004   Data           1  main.o(.data)
    rbr1                                     0x20000005   Data           1  main.o(.data)
    rbr2                                     0x20000006   Data           1  main.o(.data)
    rbr3                                     0x20000007   Data           1  main.o(.data)
    EncVal                                   0x20000008   Data           4  main.o(.data)
    myMainTaskHandle                         0x2000000c   Data           4  main.o(.data)
    myWheelTaskHandle                        0x20000010   Data           4  main.o(.data)
    myArmTaskHandle                          0x20000014   Data           4  main.o(.data)
    myUART_MutexHandle                       0x20000018   Data           4  main.o(.data)
    uwTickFreq                               0x2000001c   Data           1  stm32f1xx_hal.o(.data)
    uwTickPrio                               0x20000020   Data           4  stm32f1xx_hal.o(.data)
    uwTick                                   0x20000024   Data           4  stm32f1xx_hal.o(.data)
    SystemCoreClock                          0x20000028   Data           4  system_stm32f1xx.o(.data)
    pxCurrentTCB                             0x2000002c   Data           4  tasks.o(.data)
    rbuf_uart                                0x2000008c   Data        1032  stm_uart.o(.bss)
    sbuf                                     0x20000494   Data         256  main.o(.bss)
    ADCvalue                                 0x20000594   Data          32  main.o(.bss)
    ADCbuffer                                0x200005b4   Data          32  main.o(.bss)
    hadc1                                    0x200005d4   Data          48  main.o(.bss)
    hrtc                                     0x20000604   Data          20  main.o(.bss)
    htim1                                    0x20000618   Data          64  main.o(.bss)
    htim2                                    0x20000658   Data          64  main.o(.bss)
    htim3                                    0x20000698   Data          64  main.o(.bss)
    htim4                                    0x200006d8   Data          64  main.o(.bss)
    htim5                                    0x20000718   Data          64  main.o(.bss)
    htim8                                    0x20000758   Data          64  main.o(.bss)
    huart1                                   0x20000798   Data          64  main.o(.bss)
    huart2                                   0x200007d8   Data          64  main.o(.bss)
    huart3                                   0x20000818   Data          64  main.o(.bss)
    hdma_adc1                                0x20000858   Data          68  main.o(.bss)
    hdma_usart1_rx                           0x2000089c   Data          68  main.o(.bss)
    hdma_usart1_tx                           0x200008e0   Data          68  main.o(.bss)
    hdma_usart2_rx                           0x20000924   Data          68  main.o(.bss)
    hdma_usart2_tx                           0x20000968   Data          68  main.o(.bss)
    hdma_usart3_rx                           0x200009ac   Data          68  main.o(.bss)
    hdma_usart3_tx                           0x200009f0   Data          68  main.o(.bss)
    __initial_sp                             0x20001b28   Data           0  startup_stm32f103xe.o(STACK)



==============================================================================

Memory Map of the image

  Image Entry point : 0x08000131

  Load Region LR_IROM1 (Base: 0x08000000, Size: 0x00004470, Max: 0x00040000, ABSOLUTE)

    Execution Region ER_IROM1 (Exec base: 0x08000000, Load base: 0x08000000, Size: 0x000043e4, Max: 0x00040000, ABSOLUTE)

    Exec Addr    Load Addr    Size         Type   Attr      Idx    E Section Name        Object

    0x08000000   0x08000000   0x00000130   Data   RO            3    RESET               startup_stm32f103xe.o
    0x08000130   0x08000130   0x00000000   Code   RO         4808  * .ARM.Collect$$$$00000000  mc_w.l(entry.o)
    0x08000130   0x08000130   0x00000004   Code   RO         5084    .ARM.Collect$$$$00000001  mc_w.l(entry2.o)
    0x08000134   0x08000134   0x00000004   Code   RO         5087    .ARM.Collect$$$$00000004  mc_w.l(entry5.o)
    0x08000138   0x08000138   0x00000000   Code   RO         5089    .ARM.Collect$$$$00000008  mc_w.l(entry7b.o)
    0x08000138   0x08000138   0x00000000   Code   RO         5091    .ARM.Collect$$$$0000000A  mc_w.l(entry8b.o)
    0x08000138   0x08000138   0x00000008   Code   RO         5092    .ARM.Collect$$$$0000000B  mc_w.l(entry9a.o)
    0x08000140   0x08000140   0x00000000   Code   RO         5094    .ARM.Collect$$$$0000000D  mc_w.l(entry10a.o)
    0x08000140   0x08000140   0x00000000   Code   RO         5096    .ARM.Collect$$$$0000000F  mc_w.l(entry11a.o)
    0x08000140   0x08000140   0x00000004   Code   RO         5085    .ARM.Collect$$$$00002712  mc_w.l(entry2.o)
    0x08000144   0x08000144   0x00000096   Code   RO         4731    .emb_text           port.o
    0x080001da   0x080001da   0x00000002   PAD
    0x080001dc   0x080001dc   0x00000024   Code   RO            4    .text               startup_stm32f103xe.o
    0x08000200   0x08000200   0x00000024   Code   RO         4813    .text               mc_w.l(memcpya.o)
    0x08000224   0x08000224   0x00000024   Code   RO         4817    .text               mc_w.l(memseta.o)
    0x08000248   0x08000248   0x0000000e   Code   RO         4819    .text               mc_w.l(strlen.o)
    0x08000256   0x08000256   0x00000002   PAD
    0x08000258   0x08000258   0x00000024   Code   RO         5116    .text               mc_w.l(init.o)
    0x0800027c   0x0800027c   0x0000000c   Code   RO          506    i.ADC1_2_IRQHandler  stm32f1xx_it.o
    0x08000288   0x08000288   0x0000004c   Code   RO          769    i.ADC_ConversionStop_Disable  stm32f1xx_hal_adc.o
    0x080002d4   0x080002d4   0x0000004e   Code   RO          770    i.ADC_DMAConvCplt   stm32f1xx_hal_adc.o
    0x08000322   0x08000322   0x0000001a   Code   RO          771    i.ADC_DMAError      stm32f1xx_hal_adc.o
    0x0800033c   0x0800033c   0x0000000a   Code   RO          772    i.ADC_DMAHalfConvCplt  stm32f1xx_hal_adc.o
    0x08000346   0x08000346   0x00000002   PAD
    0x08000348   0x08000348   0x00000070   Code   RO          773    i.ADC_Enable        stm32f1xx_hal_adc.o
    0x080003b8   0x080003b8   0x00000024   Code   RO          274    i.ArmTask           main.o
    0x080003dc   0x080003dc   0x00000002   Code   RO          507    i.BusFault_Handler  stm32f1xx_it.o
    0x080003de   0x080003de   0x00000002   PAD
    0x080003e0   0x080003e0   0x0000000c   Code   RO          508    i.DMA1_Channel1_IRQHandler  stm32f1xx_it.o
    0x080003ec   0x080003ec   0x0000000c   Code   RO          509    i.DMA1_Channel2_IRQHandler  stm32f1xx_it.o
    0x080003f8   0x080003f8   0x0000000c   Code   RO          510    i.DMA1_Channel3_IRQHandler  stm32f1xx_it.o
    0x08000404   0x08000404   0x0000000c   Code   RO          511    i.DMA1_Channel4_IRQHandler  stm32f1xx_it.o
    0x08000410   0x08000410   0x0000000c   Code   RO          512    i.DMA1_Channel5_IRQHandler  stm32f1xx_it.o
    0x0800041c   0x0800041c   0x0000000c   Code   RO          513    i.DMA1_Channel6_IRQHandler  stm32f1xx_it.o
    0x08000428   0x08000428   0x0000000c   Code   RO          514    i.DMA1_Channel7_IRQHandler  stm32f1xx_it.o
    0x08000434   0x08000434   0x0000002a   Code   RO         2949    i.DMA_SetConfig     stm32f1xx_hal_dma.o
    0x0800045e   0x0800045e   0x00000002   Code   RO          515    i.DebugMon_Handler  stm32f1xx_it.o
    0x08000460   0x08000460   0x00000002   Code   RO          275    i.Error_Handler     main.o
    0x08000462   0x08000462   0x00000002   Code   RO          951    i.HAL_ADCEx_InjectedConvCpltCallback  stm32f1xx_hal_adc_ex.o
    0x08000464   0x08000464   0x000000fc   Code   RO          775    i.HAL_ADC_ConfigChannel  stm32f1xx_hal_adc.o
    0x08000560   0x08000560   0x00000028   Code   RO          276    i.HAL_ADC_ConvCpltCallback  main.o
    0x08000588   0x08000588   0x00000002   Code   RO          777    i.HAL_ADC_ConvHalfCpltCallback  stm32f1xx_hal_adc.o
    0x0800058a   0x0800058a   0x00000002   Code   RO          779    i.HAL_ADC_ErrorCallback  stm32f1xx_hal_adc.o
    0x0800058c   0x0800058c   0x000000e6   Code   RO          783    i.HAL_ADC_IRQHandler  stm32f1xx_hal_adc.o
    0x08000672   0x08000672   0x00000002   PAD
    0x08000674   0x08000674   0x00000120   Code   RO          784    i.HAL_ADC_Init      stm32f1xx_hal_adc.o
    0x08000794   0x08000794   0x00000002   Code   RO          785    i.HAL_ADC_LevelOutOfWindowCallback  stm32f1xx_hal_adc.o
    0x08000796   0x08000796   0x00000002   PAD
    0x08000798   0x08000798   0x000000c0   Code   RO          643    i.HAL_ADC_MspInit   stm32f1xx_hal_msp.o
    0x08000858   0x08000858   0x0000010c   Code   RO          791    i.HAL_ADC_Start_DMA  stm32f1xx_hal_adc.o
    0x08000964   0x08000964   0x000000cc   Code   RO          792    i.HAL_ADC_Start_IT  stm32f1xx_hal_adc.o
    0x08000a30   0x08000a30   0x00000130   Code   RO         2951    i.HAL_DMA_Abort_IT  stm32f1xx_hal_dma.o
    0x08000b60   0x08000b60   0x00000248   Code   RO         2955    i.HAL_DMA_IRQHandler  stm32f1xx_hal_dma.o
    0x08000da8   0x08000da8   0x0000007c   Code   RO         2956    i.HAL_DMA_Init      stm32f1xx_hal_dma.o
    0x08000e24   0x08000e24   0x00000070   Code   RO         2960    i.HAL_DMA_Start_IT  stm32f1xx_hal_dma.o
    0x08000e94   0x08000e94   0x000001f8   Code   RO         2886    i.HAL_GPIO_Init     stm32f1xx_hal_gpio.o
    0x0800108c   0x0800108c   0x0000000a   Code   RO         2890    i.HAL_GPIO_WritePin  stm32f1xx_hal_gpio.o
    0x08001096   0x08001096   0x00000002   PAD
    0x08001098   0x08001098   0x0000000c   Code   RO         2582    i.HAL_GetTick       stm32f1xx_hal.o
    0x080010a4   0x080010a4   0x00000010   Code   RO         2588    i.HAL_IncTick       stm32f1xx_hal.o
    0x080010b4   0x080010b4   0x00000024   Code   RO         2589    i.HAL_Init          stm32f1xx_hal.o
    0x080010d8   0x080010d8   0x00000040   Code   RO         2590    i.HAL_InitTick      stm32f1xx_hal.o
    0x08001118   0x08001118   0x00000048   Code   RO          644    i.HAL_MspInit       stm32f1xx_hal_msp.o
    0x08001160   0x08001160   0x0000001a   Code   RO         3046    i.HAL_NVIC_EnableIRQ  stm32f1xx_hal_cortex.o
    0x0800117a   0x0800117a   0x00000002   PAD
    0x0800117c   0x0800117c   0x00000040   Code   RO         3052    i.HAL_NVIC_SetPriority  stm32f1xx_hal_cortex.o
    0x080011bc   0x080011bc   0x00000024   Code   RO         3053    i.HAL_NVIC_SetPriorityGrouping  stm32f1xx_hal_cortex.o
    0x080011e0   0x080011e0   0x0000000c   Code   RO         3168    i.HAL_PWR_EnableBkUpAccess  stm32f1xx_hal_pwr.o
    0x080011ec   0x080011ec   0x000000d4   Code   RO         2848    i.HAL_RCCEx_GetPeriphCLKFreq  stm32f1xx_hal_rcc_ex.o
    0x080012c0   0x080012c0   0x000000ec   Code   RO         2849    i.HAL_RCCEx_PeriphCLKConfig  stm32f1xx_hal_rcc_ex.o
    0x080013ac   0x080013ac   0x0000012c   Code   RO         2746    i.HAL_RCC_ClockConfig  stm32f1xx_hal_rcc.o
    0x080014d8   0x080014d8   0x00000020   Code   RO         2753    i.HAL_RCC_GetPCLK1Freq  stm32f1xx_hal_rcc.o
    0x080014f8   0x080014f8   0x00000020   Code   RO         2754    i.HAL_RCC_GetPCLK2Freq  stm32f1xx_hal_rcc.o
    0x08001518   0x08001518   0x0000006c   Code   RO         2755    i.HAL_RCC_GetSysClockFreq  stm32f1xx_hal_rcc.o
    0x08001584   0x08001584   0x00000320   Code   RO         2758    i.HAL_RCC_OscConfig  stm32f1xx_hal_rcc.o
    0x080018a4   0x080018a4   0x00000002   Code   RO         1220    i.HAL_RTCEx_RTCEventCallback  stm32f1xx_hal_rtc_ex.o
    0x080018a6   0x080018a6   0x00000002   Code   RO         1221    i.HAL_RTCEx_RTCEventErrorCallback  stm32f1xx_hal_rtc_ex.o
    0x080018a8   0x080018a8   0x0000003c   Code   RO         1222    i.HAL_RTCEx_RTCIRQHandler  stm32f1xx_hal_rtc_ex.o
    0x080018e4   0x080018e4   0x000000a0   Code   RO         1053    i.HAL_RTC_Init      stm32f1xx_hal_rtc.o
    0x08001984   0x08001984   0x00000048   Code   RO          646    i.HAL_RTC_MspInit   stm32f1xx_hal_msp.o
    0x080019cc   0x080019cc   0x0000003a   Code   RO         1061    i.HAL_RTC_WaitForSynchro  stm32f1xx_hal_rtc.o
    0x08001a06   0x08001a06   0x00000028   Code   RO         3057    i.HAL_SYSTICK_Config  stm32f1xx_hal_cortex.o
    0x08001a2e   0x08001a2e   0x00000054   Code   RO         1997    i.HAL_TIMEx_ConfigBreakDeadTime  stm32f1xx_hal_tim_ex.o
    0x08001a82   0x08001a82   0x00000042   Code   RO         2012    i.HAL_TIMEx_MasterConfigSynchronization  stm32f1xx_hal_tim_ex.o
    0x08001ac4   0x08001ac4   0x00000098   Code   RO         1337    i.HAL_TIM_Encoder_Init  stm32f1xx_hal_tim.o
    0x08001b5c   0x08001b5c   0x00000140   Code   RO          648    i.HAL_TIM_Encoder_MspInit  stm32f1xx_hal_msp.o
    0x08001c9c   0x08001c9c   0x00000034   Code   RO         1340    i.HAL_TIM_Encoder_Start  stm32f1xx_hal_tim.o
    0x08001cd0   0x08001cd0   0x00000078   Code   RO          649    i.HAL_TIM_MspPostInit  stm32f1xx_hal_msp.o
    0x08001d48   0x08001d48   0x000000d0   Code   RO         1386    i.HAL_TIM_PWM_ConfigChannel  stm32f1xx_hal_tim.o
    0x08001e18   0x08001e18   0x00000036   Code   RO         1389    i.HAL_TIM_PWM_Init  stm32f1xx_hal_tim.o
    0x08001e4e   0x08001e4e   0x00000002   PAD
    0x08001e50   0x08001e50   0x00000040   Code   RO          651    i.HAL_TIM_PWM_MspInit  stm32f1xx_hal_msp.o
    0x08001e90   0x08001e90   0x00000044   Code   RO         1394    i.HAL_TIM_PWM_Start  stm32f1xx_hal_tim.o
    0x08001ed4   0x08001ed4   0x00000002   Code   RO         2266    i.HAL_UART_ErrorCallback  stm32f1xx_hal_uart.o
    0x08001ed6   0x08001ed6   0x00000002   PAD
    0x08001ed8   0x08001ed8   0x00000110   Code   RO         2269    i.HAL_UART_IRQHandler  stm32f1xx_hal_uart.o
    0x08001fe8   0x08001fe8   0x00000062   Code   RO         2270    i.HAL_UART_Init     stm32f1xx_hal_uart.o
    0x0800204a   0x0800204a   0x00000002   PAD
    0x0800204c   0x0800204c   0x0000029c   Code   RO          653    i.HAL_UART_MspInit  stm32f1xx_hal_msp.o
    0x080022e8   0x080022e8   0x00000098   Code   RO         2274    i.HAL_UART_Receive_DMA  stm32f1xx_hal_uart.o
    0x08002380   0x08002380   0x000000fc   Code   RO           14    i.HAL_UART_RxCpltCallback  stm_uart.o
    0x0800247c   0x0800247c   0x00000002   Code   RO           15    i.HAL_UART_RxHalfCpltCallback  stm_uart.o
    0x0800247e   0x0800247e   0x000000ba   Code   RO         2278    i.HAL_UART_Transmit  stm32f1xx_hal_uart.o
    0x08002538   0x08002538   0x00000002   Code   RO         2281    i.HAL_UART_TxCpltCallback  stm32f1xx_hal_uart.o
    0x0800253a   0x0800253a   0x00000002   Code   RO          516    i.HardFault_Handler  stm32f1xx_it.o
    0x0800253c   0x0800253c   0x000000b0   Code   RO          278    i.MX_ADC1_Init      main.o
    0x080025ec   0x080025ec   0x0000008c   Code   RO          279    i.MX_DMA_Init       main.o
    0x08002678   0x08002678   0x00000090   Code   RO          280    i.MX_GPIO_Init      main.o
    0x08002708   0x08002708   0x00000060   Code   RO          281    i.MX_TIM1_Init      main.o
    0x08002768   0x08002768   0x0000005c   Code   RO          282    i.MX_TIM2_Init      main.o
    0x080027c4   0x080027c4   0x0000005c   Code   RO          283    i.MX_TIM3_Init      main.o
    0x08002820   0x08002820   0x0000007c   Code   RO          284    i.MX_TIM4_Init      main.o
    0x0800289c   0x0800289c   0x0000005c   Code   RO          285    i.MX_TIM5_Init      main.o
    0x080028f8   0x080028f8   0x000000a4   Code   RO          286    i.MX_TIM8_Init      main.o
    0x0800299c   0x0800299c   0x00000054   Code   RO          287    i.MainTask          main.o
    0x080029f0   0x080029f0   0x00000002   Code   RO          517    i.MemManage_Handler  stm32f1xx_it.o
    0x080029f2   0x080029f2   0x00000002   Code   RO          518    i.NMI_Handler       stm32f1xx_it.o
    0x080029f4   0x080029f4   0x00000034   Code   RO         1065    i.RTC_EnterInitMode  stm32f1xx_hal_rtc.o
    0x08002a28   0x08002a28   0x00000036   Code   RO         1066    i.RTC_ExitInitMode  stm32f1xx_hal_rtc.o
    0x08002a5e   0x08002a5e   0x00000002   PAD
    0x08002a60   0x08002a60   0x0000000c   Code   RO          519    i.RTC_IRQHandler    stm32f1xx_it.o
    0x08002a6c   0x08002a6c   0x00000034   Code   RO           17    i.Serial1_Println   stm_uart.o
    0x08002aa0   0x08002aa0   0x00000020   Code   RO           28    i.Serial_available  stm_uart.o
    0x08002ac0   0x08002ac0   0x0000000a   Code   RO           29    i.Serial_read       stm_uart.o
    0x08002aca   0x08002aca   0x00000018   Code   RO          520    i.SysTick_Handler   stm32f1xx_it.o
    0x08002ae2   0x08002ae2   0x0000006e   Code   RO          289    i.SystemClock_Config  main.o
    0x08002b50   0x08002b50   0x00000048   Code   RO         3547    i.SystemInit        system_stm32f1xx.o
    0x08002b98   0x08002b98   0x00000002   Code   RO          291    i.TIM2_IRQHandler   main.o
    0x08002b9a   0x08002b9a   0x00000002   Code   RO          292    i.TIM3_IRQHandler   main.o
    0x08002b9c   0x08002b9c   0x00000002   Code   RO          293    i.TIM5_IRQHandler   main.o
    0x08002b9e   0x08002b9e   0x00000002   PAD
    0x08002ba0   0x08002ba0   0x0000008c   Code   RO         1407    i.TIM_Base_SetConfig  stm32f1xx_hal_tim.o
    0x08002c2c   0x08002c2c   0x0000001a   Code   RO         1408    i.TIM_CCxChannelCmd  stm32f1xx_hal_tim.o
    0x08002c46   0x08002c46   0x00000002   PAD
    0x08002c48   0x08002c48   0x00000060   Code   RO         1420    i.TIM_OC1_SetConfig  stm32f1xx_hal_tim.o
    0x08002ca8   0x08002ca8   0x0000006c   Code   RO         1421    i.TIM_OC2_SetConfig  stm32f1xx_hal_tim.o
    0x08002d14   0x08002d14   0x00000068   Code   RO         1422    i.TIM_OC3_SetConfig  stm32f1xx_hal_tim.o
    0x08002d7c   0x08002d7c   0x00000050   Code   RO         1423    i.TIM_OC4_SetConfig  stm32f1xx_hal_tim.o
    0x08002dcc   0x08002dcc   0x00000010   Code   RO         2283    i.UART_DMAAbortOnError  stm32f1xx_hal_uart.o
    0x08002ddc   0x08002ddc   0x0000004a   Code   RO         2284    i.UART_DMAError     stm32f1xx_hal_uart.o
    0x08002e26   0x08002e26   0x0000003c   Code   RO         2285    i.UART_DMAReceiveCplt  stm32f1xx_hal_uart.o
    0x08002e62   0x08002e62   0x0000000a   Code   RO         2287    i.UART_DMARxHalfCplt  stm32f1xx_hal_uart.o
    0x08002e6c   0x08002e6c   0x0000001c   Code   RO         2293    i.UART_EndRxTransfer  stm32f1xx_hal_uart.o
    0x08002e88   0x08002e88   0x00000012   Code   RO         2294    i.UART_EndTxTransfer  stm32f1xx_hal_uart.o
    0x08002e9a   0x08002e9a   0x00000096   Code   RO         2295    i.UART_Receive_IT   stm32f1xx_hal_uart.o
    0x08002f30   0x08002f30   0x000000b8   Code   RO         2296    i.UART_SetConfig    stm32f1xx_hal_uart.o
    0x08002fe8   0x08002fe8   0x00000062   Code   RO         2297    i.UART_Transmit_IT  stm32f1xx_hal_uart.o
    0x0800304a   0x0800304a   0x00000064   Code   RO         2298    i.UART_WaitOnFlagUntilTimeout  stm32f1xx_hal_uart.o
    0x080030ae   0x080030ae   0x00000002   PAD
    0x080030b0   0x080030b0   0x0000000c   Code   RO          521    i.USART1_IRQHandler  stm32f1xx_it.o
    0x080030bc   0x080030bc   0x0000000c   Code   RO          522    i.USART2_IRQHandler  stm32f1xx_it.o
    0x080030c8   0x080030c8   0x0000000c   Code   RO          523    i.USART3_IRQHandler  stm32f1xx_it.o
    0x080030d4   0x080030d4   0x00000002   Code   RO          524    i.UsageFault_Handler  stm32f1xx_it.o
    0x080030d6   0x080030d6   0x00000002   PAD
    0x080030d8   0x080030d8   0x00000028   Code   RO          294    i.WheelTask         main.o
    0x08003100   0x08003100   0x00000028   Code   RO         4892    i.__0sprintf$2      mc_w.l(printf2.o)
    0x08003128   0x08003128   0x00000020   Code   RO         3059    i.__NVIC_SetPriority  stm32f1xx_hal_cortex.o
    0x08003148   0x08003148   0x0000000e   Code   RO         5128    i.__scatterload_copy  mc_w.l(handlers.o)
    0x08003156   0x08003156   0x00000002   Code   RO         5129    i.__scatterload_null  mc_w.l(handlers.o)
    0x08003158   0x08003158   0x0000000e   Code   RO         5130    i.__scatterload_zeroinit  mc_w.l(handlers.o)
    0x08003166   0x08003166   0x000000d6   Code   RO         4897    i._printf_core      mc_w.l(printf2.o)
    0x0800323c   0x0800323c   0x0000000a   Code   RO         4899    i._sputc            mc_w.l(printf2.o)
    0x08003246   0x08003246   0x00000002   PAD
    0x08003248   0x08003248   0x00000030   Code   RO           32    i.getbyteUart       stm_uart.o
    0x08003278   0x08003278   0x000001fc   Code   RO          295    i.main              main.o
    0x08003474   0x08003474   0x0000000c   Code   RO         4303    i.makeFreeRtosPriority  cmsis_os.o
    0x08003480   0x08003480   0x0000000e   Code   RO         4305    i.osDelay           cmsis_os.o
    0x0800348e   0x0800348e   0x0000000a   Code   RO         4308    i.osKernelStart     cmsis_os.o
    0x08003498   0x08003498   0x00000006   Code   RO         4323    i.osMutexCreate     cmsis_os.o
    0x0800349e   0x0800349e   0x0000002e   Code   RO         4342    i.osThreadCreate    cmsis_os.o
    0x080034cc   0x080034cc   0x00000070   Code   RO         4006    i.prvAddCurrentTaskToDelayedList  tasks.o
    0x0800353c   0x0800353c   0x000000d0   Code   RO         4007    i.prvAddNewTaskToReadyList  tasks.o
    0x0800360c   0x0800360c   0x0000006c   Code   RO         3720    i.prvCopyDataToQueue  queue.o
    0x08003678   0x08003678   0x00000014   Code   RO         4008    i.prvDeleteTCB      tasks.o
    0x0800368c   0x0800368c   0x0000004c   Code   RO         4670    i.prvHeapInit       heap_4.o
    0x080036d8   0x080036d8   0x00000060   Code   RO         4009    i.prvIdleTask       tasks.o
    0x08003738   0x08003738   0x0000008e   Code   RO         4010    i.prvInitialiseNewTask  tasks.o
    0x080037c6   0x080037c6   0x00000002   PAD
    0x080037c8   0x080037c8   0x0000004c   Code   RO         4671    i.prvInsertBlockIntoFreeList  heap_4.o
    0x08003814   0x08003814   0x00000020   Code   RO         4011    i.prvResetNextTaskUnblockTime  tasks.o
    0x08003834   0x08003834   0x00000028   Code   RO         4732    i.prvTaskExitError  port.o
    0x0800385c   0x0800385c   0x0000006a   Code   RO         3722    i.prvUnlockQueue    queue.o
    0x080038c6   0x080038c6   0x00000002   PAD
    0x080038c8   0x080038c8   0x000000d8   Code   RO         4672    i.pvPortMalloc      heap_4.o
    0x080039a0   0x080039a0   0x00000024   Code   RO         4733    i.pxPortInitialiseStack  port.o
    0x080039c4   0x080039c4   0x00000026   Code   RO         3679    i.uxListRemove      list.o
    0x080039ea   0x080039ea   0x00000016   Code   RO         3680    i.vListInitialise   list.o
    0x08003a00   0x08003a00   0x00000006   Code   RO         3681    i.vListInitialiseItem  list.o
    0x08003a06   0x08003a06   0x00000030   Code   RO         3682    i.vListInsert       list.o
    0x08003a36   0x08003a36   0x00000018   Code   RO         3683    i.vListInsertEnd    list.o
    0x08003a4e   0x08003a4e   0x00000002   PAD
    0x08003a50   0x08003a50   0x00000040   Code   RO         4735    i.vPortEnterCritical  port.o
    0x08003a90   0x08003a90   0x00000028   Code   RO         4736    i.vPortExitCritical  port.o
    0x08003ab8   0x08003ab8   0x0000005c   Code   RO         4673    i.vPortFree         heap_4.o
    0x08003b14   0x08003b14   0x00000024   Code   RO         4737    i.vPortSetupTimerInterrupt  port.o
    0x08003b38   0x08003b38   0x0000004c   Code   RO         4019    i.vTaskDelay        tasks.o
    0x08003b84   0x08003b84   0x00000010   Code   RO         4022    i.vTaskInternalSetTimeOutState  tasks.o
    0x08003b94   0x08003b94   0x0000000c   Code   RO         4023    i.vTaskMissedYield  tasks.o
    0x08003ba0   0x08003ba0   0x00000030   Code   RO         4025    i.vTaskPlaceOnEventList  tasks.o
    0x08003bd0   0x08003bd0   0x00000068   Code   RO         4032    i.vTaskStartScheduler  tasks.o
    0x08003c38   0x08003c38   0x00000010   Code   RO         4034    i.vTaskSuspendAll   tasks.o
    0x08003c48   0x08003c48   0x0000005c   Code   RO         4035    i.vTaskSwitchContext  tasks.o
    0x08003ca4   0x08003ca4   0x000000a8   Code   RO         4739    i.xPortStartScheduler  port.o
    0x08003d4c   0x08003d4c   0x0000002c   Code   RO         4740    i.xPortSysTickHandler  port.o
    0x08003d78   0x08003d78   0x00000024   Code   RO         3729    i.xQueueCreateMutex  queue.o
    0x08003d9c   0x08003d9c   0x00000048   Code   RO         3730    i.xQueueGenericCreate  queue.o
    0x08003de4   0x08003de4   0x00000088   Code   RO         3731    i.xQueueGenericReset  queue.o
    0x08003e6c   0x08003e6c   0x00000160   Code   RO         3732    i.xQueueGenericSend  queue.o
    0x08003fcc   0x08003fcc   0x00000074   Code   RO         4036    i.xTaskCheckForTimeOut  tasks.o
    0x08004040   0x08004040   0x00000056   Code   RO         4037    i.xTaskCreate       tasks.o
    0x08004096   0x08004096   0x00000002   PAD
    0x08004098   0x08004098   0x0000001c   Code   RO         4041    i.xTaskGetSchedulerState  tasks.o
    0x080040b4   0x080040b4   0x000000c8   Code   RO         4044    i.xTaskIncrementTick  tasks.o
    0x0800417c   0x0800417c   0x00000098   Code   RO         4047    i.xTaskPriorityDisinherit  tasks.o
    0x08004214   0x08004214   0x00000074   Code   RO         4049    i.xTaskRemoveFromEventList  tasks.o
    0x08004288   0x08004288   0x000000c4   Code   RO         4050    i.xTaskResumeAll    tasks.o
    0x0800434c   0x0800434c   0x0000003c   Data   RO          309    .constdata          main.o
    0x08004388   0x08004388   0x00000010   Data   RO         3548    .constdata          system_stm32f1xx.o
    0x08004398   0x08004398   0x00000008   Data   RO         3549    .constdata          system_stm32f1xx.o
    0x080043a0   0x080043a0   0x00000023   Data   RO          310    .conststring        main.o
    0x080043c3   0x080043c3   0x00000001   PAD
    0x080043c4   0x080043c4   0x00000020   Data   RO         5126    Region$$Table       anon$$obj.o


    Execution Region RW_IRAM1 (Exec base: 0x20000000, Load base: 0x080043e4, Size: 0x00001b28, Max: 0x0000c000, ABSOLUTE)

    Exec Addr    Load Addr    Size         Type   Attr      Idx    E Section Name        Object

    0x20000000   0x080043e4   0x00000003   Data   RW           35    .data               stm_uart.o
    0x20000003   0x080043e7   0x00000001   PAD
    0x20000004   0x080043e8   0x00000018   Data   RW          311    .data               main.o
    0x2000001c   0x08004400   0x0000000c   Data   RW         2596    .data               stm32f1xx_hal.o
    0x20000028   0x0800440c   0x00000004   Data   RW         3550    .data               system_stm32f1xx.o
    0x2000002c   0x08004410   0x0000003c   Data   RW         4053    .data               tasks.o
    0x20000068   0x0800444c   0x00000018   Data   RW         4678    .data               heap_4.o
    0x20000080   0x08004464   0x0000000c   Data   RW         4741    .data               port.o
    0x2000008c        -       0x00000408   Zero   RW           34    .bss                stm_uart.o
    0x20000494        -       0x000003c4   Zero   RW          297    .bss                main.o
    0x20000858        -       0x00000044   Zero   RW          302    .bss                main.o
    0x2000089c        -       0x00000044   Zero   RW          303    .bss                main.o
    0x200008e0        -       0x00000044   Zero   RW          304    .bss                main.o
    0x20000924        -       0x00000044   Zero   RW          305    .bss                main.o
    0x20000968        -       0x00000044   Zero   RW          306    .bss                main.o
    0x200009ac        -       0x00000044   Zero   RW          307    .bss                main.o
    0x200009f0        -       0x00000044   Zero   RW          308    .bss                main.o
    0x20000a34        -       0x000000f0   Zero   RW         4052    .bss                tasks.o
    0x20000b24        -       0x00000c00   Zero   RW         4677    .bss                heap_4.o
    0x20001724   0x08004470   0x00000004   PAD
    0x20001728        -       0x00000400   Zero   RW            1    STACK               startup_stm32f103xe.o


==============================================================================

Image component sizes


      Code (inc. data)   RO Data    RW Data    ZI Data      Debug   Object Name

        88          0          0          0          0      13109   cmsis_os.o
         0          0          0          0          0       9528   event_groups.o
       460         24          0         24       3072       7195   heap_4.o
       138          0          0          0          0       3362   list.o
      1946        196         95         24       1440      32699   main.o
       578         60          0         12          0      10288   port.o
       810         10          0          0          0       8371   queue.o
        36          8        304          0       1024        796   startup_stm32f103xe.o
       128         24          0         12          0       5857   stm32f1xx_hal.o
      1550         68          0          0          0      10106   stm32f1xx_hal_adc.o
         2          0          0          0          0       1045   stm32f1xx_hal_adc_ex.o
       198         14          0          0          0      28911   stm32f1xx_hal_cortex.o
      1166         52          0          0          0       4418   stm32f1xx_hal_dma.o
       514         42          0          0          0       2888   stm32f1xx_hal_gpio.o
      1508        166          0          0          0       6145   stm32f1xx_hal_msp.o
        12          4          0          0          0        507   stm32f1xx_hal_pwr.o
      1272        100          0          0          0       5164   stm32f1xx_hal_rcc.o
       448         44          0          0          0       2549   stm32f1xx_hal_rcc_ex.o
       324          6          0          0          0       3680   stm32f1xx_hal_rtc.o
        64          0          0          0          0       2085   stm32f1xx_hal_rtc_ex.o
      1088         66          0          0          0       9337   stm32f1xx_hal_tim.o
       150          0          0          0          0       2080   stm32f1xx_hal_tim_ex.o
      1450         26          0          0          0      11560   stm32f1xx_hal_uart.o
       180         72          0          0          0       8129   stm32f1xx_it.o
       396         62          0          3       1032     517755   stm_uart.o
        72         16         24          4          0       1139   system_stm32f1xx.o
      1868        148          0         60        240      19810   tasks.o

    ----------------------------------------------------------------------
     16484       1208        456        140       6812     728513   Object Totals
         0          0         32          0          0          0   (incl. Generated)
        38          0          1          1          4          0   (incl. Padding)

    ----------------------------------------------------------------------

      Code (inc. data)   RO Data    RW Data    ZI Data      Debug   Library Member Name

         0          0          0          0          0          0   entry.o
         0          0          0          0          0          0   entry10a.o
         0          0          0          0          0          0   entry11a.o
         8          4          0          0          0          0   entry2.o
         4          0          0          0          0          0   entry5.o
         0          0          0          0          0          0   entry7b.o
         0          0          0          0          0          0   entry8b.o
         8          4          0          0          0          0   entry9a.o
        30          0          0          0          0          0   handlers.o
        36          8          0          0          0         68   init.o
        36          0          0          0          0         68   memcpya.o
        36          0          0          0          0        108   memseta.o
       264          6          0          0          0        244   printf2.o
        14          0          0          0          0         68   strlen.o

    ----------------------------------------------------------------------
       440         22          0          0          0        556   Library Totals
         4          0          0          0          0          0   (incl. Padding)

    ----------------------------------------------------------------------

      Code (inc. data)   RO Data    RW Data    ZI Data      Debug   Library Name

       436         22          0          0          0        556   mc_w.l

    ----------------------------------------------------------------------
       440         22          0          0          0        556   Library Totals

    ----------------------------------------------------------------------

==============================================================================


      Code (inc. data)   RO Data    RW Data    ZI Data      Debug   

     16924       1230        456        140       6812     720173   Grand Totals
     16924       1230        456        140       6812     720173   ELF Image Totals
     16924       1230        456        140          0          0   ROM Totals

==============================================================================

    Total RO  Size (Code + RO Data)                17380 (  16.97kB)
    Total RW  Size (RW Data + ZI Data)              6952 (   6.79kB)
    Total ROM Size (Code + RO Data + RW Data)      17520 (  17.11kB)

==============================================================================

